Component: ARM Compiler 5.06 update 1 (build 61) Tool: armlink [4d35a8]

==============================================================================

Section Cross References

    main.o(i.AwsIotTask) refers to time_nucleo_wrapper.o(i.create_global_timers) for create_global_timers
    main.o(i.AwsIotTask) refers to cmsis_os.o(i.osDelay) for osDelay
    main.o(i.AwsIotTask) refers to aws_main.o(i.aws_main) for aws_main
    main.o(i.MX_GPIO_Init) refers to stm32f4xx_hal_gpio.o(i.HAL_GPIO_Init) for HAL_GPIO_Init
    main.o(i.SystemClock_Config) refers to stm32f4xx_hal_rcc.o(i.HAL_RCC_OscConfig) for HAL_RCC_OscConfig
    main.o(i.SystemClock_Config) refers to stm32f4xx_hal_rcc.o(i.HAL_RCC_ClockConfig) for HAL_RCC_ClockConfig
    main.o(i.SystemClock_Config) refers to stm32f4xx_hal_rcc_ex.o(i.HAL_RCCEx_PeriphCLKConfig) for HAL_RCCEx_PeriphCLKConfig
    main.o(i.SystemClock_Config) refers to stm32f4xx_hal_rcc.o(i.HAL_RCC_GetHCLKFreq) for HAL_RCC_GetHCLKFreq
    main.o(i.SystemClock_Config) refers to stm32f4xx_hal_cortex.o(i.HAL_SYSTICK_Config) for HAL_SYSTICK_Config
    main.o(i.SystemClock_Config) refers to stm32f4xx_hal_cortex.o(i.HAL_SYSTICK_CLKSourceConfig) for HAL_SYSTICK_CLKSourceConfig
    main.o(i.main) refers to stm32f4xx_hal.o(i.HAL_Init) for HAL_Init
    main.o(i.main) refers to main.o(i.SystemClock_Config) for SystemClock_Config
    main.o(i.main) refers to main.o(i.MX_GPIO_Init) for MX_GPIO_Init
    main.o(i.main) refers to stm32_spwf_wifi.o(i.UART_Configuration) for UART_Configuration
    main.o(i.main) refers to stm32_spwf_wifi.o(i.UART_Msg_Gpio_Init) for UART_Msg_Gpio_Init
    main.o(i.main) refers to stm32_spwf_wifi.o(i.USART_PRINT_MSG_Configuration) for USART_PRINT_MSG_Configuration
    main.o(i.main) refers to wifi_main.o(i.wifi_main) for wifi_main
    main.o(i.main) refers to stm32f4xx_hal.o(i.HAL_Delay) for HAL_Delay
    main.o(i.main) refers to x_nucleo_iks01a1_hum_temp.o(i.BSP_HUM_TEMP_Init) for BSP_HUM_TEMP_Init
    main.o(i.main) refers to printfa.o(i.__0printf) for __2printf
    main.o(i.main) refers to user_button.o(i.UserButton_Init) for UserButton_Init
    main.o(i.main) refers to tasks.o(i.xTaskGenericCreate) for xTaskGenericCreate
    main.o(i.main) refers to cmsis_os.o(i.osKernelStart) for osKernelStart
    main.o(i.main) refers to main.o(i.AwsIotTask) for AwsIotTask
    stm32_xx_it.o(i.HAL_GPIO_EXTI_Callback) refers to user_button.o(.data) for BpushButtonState
    stm32_xx_it.o(i.HAL_TIM_PeriodElapsedCallback) refers to wifi_module.o(i.Wifi_TIM_Handler) for Wifi_TIM_Handler
    stm32_xx_it.o(i.SysTick_Handler) refers to stm32f4xx_hal.o(i.HAL_IncTick) for HAL_IncTick
    stm32_xx_it.o(i.SysTick_Handler) refers to cmsis_os.o(i.osSystickHandler) for osSystickHandler
    stm32_xx_it.o(i.SysTick_Handler) refers to wifi_module.o(i.Wifi_SysTick_Isr) for Wifi_SysTick_Isr
    stm32_xx_it.o(i.TIM2_IRQHandler) refers to stm32f4xx_hal_tim.o(i.HAL_TIM_IRQHandler) for HAL_TIM_IRQHandler
    stm32_xx_it.o(i.TIM2_IRQHandler) refers to stm32_spwf_wifi.o(.bss) for PushTimHandle
    stm32_xx_it.o(i.TIM3_IRQHandler) refers to stm32f4xx_hal_tim.o(i.HAL_TIM_IRQHandler) for HAL_TIM_IRQHandler
    stm32_xx_it.o(i.TIM3_IRQHandler) refers to stm32_spwf_wifi.o(.bss) for TimHandle
    stm32_xx_it.o(i.USART1_IRQHandler) refers to stm32f4xx_hal_uart.o(i.HAL_UART_IRQHandler) for HAL_UART_IRQHandler
    stm32_xx_it.o(i.USART1_IRQHandler) refers to wifi_module.o(.bss) for UartWiFiHandle
    stm32_xx_it.o(i.USART2_IRQHandler) refers to stm32f4xx_hal_uart.o(i.HAL_UART_IRQHandler) for HAL_UART_IRQHandler
    stm32_xx_it.o(i.USART2_IRQHandler) refers to wifi_module.o(.bss) for UartMsgHandle
    user_button.o(i.EXTI15_10_IRQHandler) refers to stm32f4xx_hal_gpio.o(i.HAL_GPIO_EXTI_IRQHandler) for HAL_GPIO_EXTI_IRQHandler
    user_button.o(i.UserButton_Init) refers to stm32f4xx_nucleo.o(i.BSP_PB_Init) for BSP_PB_Init
    wifi_main.o(i.ind_wifi_connected) refers to printfa.o(i.__0printf) for __2printf
    wifi_main.o(i.ind_wifi_connected) refers to wifi_main.o(.data) for ssid
    wifi_main.o(i.ind_wifi_on) refers to wifi_main.o(.data) for wifi_state
    wifi_main.o(i.ind_wifi_resuming) refers to printfa.o(i.__0printf) for __2printf
    wifi_main.o(i.ind_wifi_resuming) refers to wifi_main.o(.data) for wifi_state
    wifi_main.o(i.ind_wifi_socket_client_remote_server_closed) refers to wifi_main.o(.data) for p_ind_wifi_socket_client_remote_server_closed
    wifi_main.o(i.ind_wifi_socket_data_received) refers to wifi_main.o(.data) for p_ind_wifi_socket_data_received
    wifi_main.o(i.time_get_time_from_time_server) refers to printfa.o(i.__0printf) for __2printf
    wifi_main.o(i.time_get_time_from_time_server) refers to wifi_interface.o(i.wifi_socket_client_open) for wifi_socket_client_open
    wifi_main.o(i.time_get_time_from_time_server) refers to wifi_main.o(.data) for ntp_server
[...]
    vTaskSetTimeOutState                     0x0800e3a5   Thumb Code    38  tasks.o(i.vTaskSetTimeOutState)
    vTaskStartScheduler                      0x0800e3d5   Thumb Code   102  tasks.o(i.vTaskStartScheduler)
    vTaskSuspendAll                          0x0800e451   Thumb Code    12  tasks.o(i.vTaskSuspendAll)
    vTaskSwitchContext                       0x0800e461   Thumb Code   118  tasks.o(i.vTaskSwitchContext)
    vTimerCallback                           0x0800e4ed   Thumb Code     2  time_nucleo_wrapper.o(i.vTimerCallback)
    wait_for_command_mode                    0x0800e4f1   Thumb Code    12  wifi_interface.o(i.wait_for_command_mode)
    waitfor                                  0x0800e501   Thumb Code    48  mqttclient.o(i.waitfor)
    wifi_connect                             0x0800e531   Thumb Code   132  wifi_interface.o(i.wifi_connect)
    wifi_init                                0x0800e5dd   Thumb Code   834  wifi_interface.o(i.wifi_init)
    wifi_main                                0x0800eac5   Thumb Code   222  wifi_main.o(i.wifi_main)
    wifi_reset                               0x0800ecc5   Thumb Code   156  wifi_module.o(i.wifi_reset)
    wifi_socket_client_close                 0x0800ed79   Thumb Code    26  wifi_interface.o(i.wifi_socket_client_close)
    wifi_socket_client_open                  0x0800ed99   Thumb Code    46  wifi_interface.o(i.wifi_socket_client_open)
    wifi_socket_client_security              0x0800edcd   Thumb Code   374  wifi_interface.o(i.wifi_socket_client_security)
    wifi_socket_client_write                 0x0800efed   Thumb Code    60  wifi_interface.o(i.wifi_socket_client_write)
    wifi_wakeup                              0x0800f02d   Thumb Code    88  wifi_interface.o(i.wifi_wakeup)
    writeCString                             0x0800f091   Thumb Code    40  mqttpacket.o(i.writeCString)
    writeChar                                0x0800f0b9   Thumb Code    12  mqttpacket.o(i.writeChar)
    writeInt                                 0x0800f0c5   Thumb Code    48  mqttpacket.o(i.writeInt)
    writeMQTTString                          0x0800f0f5   Thumb Code    62  mqttpacket.o(i.writeMQTTString)
    xPortStartScheduler                      0x0800f135   Thumb Code   288  port.o(i.xPortStartScheduler)
    xPortSysTickHandler                      0x0800f271   Thumb Code    48  port.o(i.xPortSysTickHandler)
    xQueueGenericCreate                      0x0800f2a5   Thumb Code   140  queue.o(i.xQueueGenericCreate)
    xQueueGenericReceive                     0x0800f331   Thumb Code   424  queue.o(i.xQueueGenericReceive)
    xQueueGenericReset                       0x0800f4dd   Thumb Code   144  queue.o(i.xQueueGenericReset)
    xQueueGenericSend                        0x0800f571   Thumb Code   412  queue.o(i.xQueueGenericSend)
    xQueueGenericSendFromISR                 0x0800f711   Thumb Code   240  queue.o(i.xQueueGenericSendFromISR)
    xTaskCheckForTimeOut                     0x0800f801   Thumb Code   132  tasks.o(i.xTaskCheckForTimeOut)
    xTaskGenericCreate                       0x0800f88d   Thumb Code   340  tasks.o(i.xTaskGenericCreate)
    xTaskGetSchedulerState                   0x0800f9fd   Thumb Code    24  tasks.o(i.xTaskGetSchedulerState)
    xTaskGetTickCount                        0x0800fa1d   Thumb Code     6  tasks.o(i.xTaskGetTickCount)
    xTaskIncrementTick                       0x0800fa29   Thumb Code   286  tasks.o(i.xTaskIncrementTick)
    xTaskPriorityDisinherit                  0x0800fb75   Thumb Code   188  tasks.o(i.xTaskPriorityDisinherit)
    xTaskRemoveFromEventList                 0x0800fc3d   Thumb Code   128  tasks.o(i.xTaskRemoveFromEventList)
    xTaskResumeAll                           0x0800fcd5   Thumb Code   224  tasks.o(i.xTaskResumeAll)
    xTimerCreate                             0x0800fdd9   Thumb Code    94  timers.o(i.xTimerCreate)
    xTimerCreateTimerTask                    0x0800fe39   Thumb Code    72  timers.o(i.xTimerCreateTimerTask)
    xTimerGenericCommand                     0x0800fe91   Thumb Code   102  timers.o(i.xTimerGenericCommand)
    xTimerIsTimerActive                      0x0800fefd   Thumb Code    32  timers.o(i.xTimerIsTimerActive)
    xTimerLeftMs                             0x0800ff1d   Thumb Code    46  timers.o(i.xTimerLeftMs)
    APBAHBPrescTable                         0x0800ff59   Data          16  stm32f4xx_hal_rcc.o(.constdata)
    GPIO_PIN                                 0x0800ff6a   Data           2  stm32f4xx_nucleo.o(.constdata)
    BUTTON_PIN                               0x0800ff6c   Data           2  stm32f4xx_nucleo.o(.constdata)
    BUTTON_IRQn                              0x0800ff6e   Data           1  stm32f4xx_nucleo.o(.constdata)
    MQTTConnectParamsDefault                 0x08010000   Data          68  aws_iot_mqtt_embedded_client_wrapper.o(.constdata)
    MQTTPublishParamsDefault                 0x08010044   Data          20  aws_iot_mqtt_embedded_client_wrapper.o(.constdata)
    MQTTSubscribeParamsDefault               0x08010058   Data          12  aws_iot_mqtt_embedded_client_wrapper.o(.constdata)
    MQTTCallbackParamsDefault                0x08010064   Data          24  aws_iot_mqtt_embedded_client_wrapper.o(.constdata)
    MQTTMessageParamsDefault                 0x0801007c   Data          16  aws_iot_mqtt_embedded_client_wrapper.o(.constdata)
    MQTTwillOptionsDefault                   0x0801008c   Data          12  aws_iot_mqtt_embedded_client_wrapper.o(.constdata)
    __mathlib_zero                           0x08010178   Data           8  qnan.o(.constdata)
    Region$$Table$$Base                      0x08010440   Number         0  anon$$obj.o(Region$$Table)
    Region$$Table$$Limit                     0x08010460   Number         0  anon$$obj.o(Region$$Table)
    BpushButtonState                         0x20000000   Data           4  user_button.o(.data)
    ssid                                     0x20000004   Data           4  wifi_main.o(.data)
    seckey                                   0x20000008   Data           4  wifi_main.o(.data)
    p_ind_wifi_socket_data_received          0x2000000c   Data           4  wifi_main.o(.data)
    p_ind_wifi_socket_client_remote_server_closed 0x20000010   Data           4  wifi_main.o(.data)
    last_ticks                               0x20000018   Data           4  wifi_main.o(.data)
    wifi_state                               0x2000001c   Data           1  wifi_main.o(.data)
    mode                                     0x2000001d   Data           1  wifi_main.o(.data)
    data_arrived_on_socket                   0x20000020   Data           4  wifi_main.o(.data)
    ntp_server                               0x20000024   Data           4  wifi_main.o(.data)
    bufferReadOut                            0x20000028   Data           4  app_wifi_read.o(.data)
    bufferReadIn                             0x2000002c   Data           4  app_wifi_read.o(.data)
    bufferReadError                          0x20000030   Data           1  app_wifi_read.o(.data)
    optarg                                   0x20000034   Data           4  aws_main.o(.data)
    optind                                   0x20000038   Data           4  aws_main.o(.data)
    opterr                                   0x2000003c   Data           4  aws_main.o(.data)
    optopt                                   0x20000040   Data           4  aws_main.o(.data)
    HostAddress                              0x20000044   Data         255  aws_main.o(.data)
    port                                     0x20000144   Data           4  aws_main.o(.data)
    publishCount                             0x20000148   Data           4  aws_main.o(.data)
    TEMPERATURE_Value                        0x2000014c   Data           4  aws_main.o(.data)
    HUMIDITY_Value                           0x20000150   Data           4  aws_main.o(.data)
    TEMPERATURE_2_Value                      0x20000154   Data           4  aws_main.o(.data)
    PRESSURE_Value                           0x20000158   Data           4  aws_main.o(.data)
    d1                                       0x2000015c   Data           4  aws_main.o(.data)
    d2                                       0x20000160   Data           4  aws_main.o(.data)
    cafileName                               0x20000164   Data          12  aws_main.o(.data)
    clientCRTName                            0x20000170   Data          31  aws_main.o(.data)
    clientKeyName                            0x2000018f   Data          27  aws_main.o(.data)
    SystemCoreClock                          0x200001ac   Data           4  system_stm32f4xx.o(.data)
    uwPrescalerValue                         0x200001b4   Data           4  stm32_spwf_wifi.o(.data)
    GPIO_PORT                                0x200001b8   Data           4  stm32f4xx_nucleo.o(.data)
    BUTTON_PORT                              0x200001bc   Data           4  stm32f4xx_nucleo.o(.data)
    SpixTimeout                              0x200001c0   Data           4  stm32f4xx_nucleo.o(.data)
    pxCurrentTCB                             0x200001d0   Data           4  tasks.o(.data)
    uart_byte                                0x20000230   Data           1  wifi_module.o(.data)
    HTTP_Runway_Buff                         0x20000231   Data           6  wifi_module.o(.data)
    wifi_scanned_list                        0x20000238   Data           4  wifi_module.o(.data)
    packet_sent                              0x2000023c   Data           4  wifi_module.o(.data)
    WiFi_Connected                           0x20000240   Data           1  wifi_module.o(.data)
    IsBuffer1Full                            0x20000241   Data           1  wifi_module.o(.data)
    IsBuffer2Full                            0x20000242   Data           1  wifi_module.o(.data)
    uTimeOut                                 0x20000243   Data           1  wifi_module.o(.data)
    UartReady                                0x20000244   Data           1  wifi_module.o(.data)
    Uart2Ready                               0x20000245   Data           1  wifi_module.o(.data)
    TxUartReady                              0x20000246   Data           1  wifi_module.o(.data)
    USART2_MesgReadyBit                      0x20000247   Data           1  wifi_module.o(.data)
    Received_HTTPResponce                    0x20000248   Data           1  wifi_module.o(.data)
    Single_Digit_Indication                  0x20000249   Data           1  wifi_module.o(.data)
    WiFi_Enabled                             0x2000024a   Data           1  wifi_module.o(.data)
    http_req_pending                         0x2000024b   Data           1  wifi_module.o(.data)
    WiFi_In_Config_Mode                      0x2000024c   Data           1  wifi_module.o(.data)
    WiFi_Configuration_Done                  0x2000024d   Data           1  wifi_module.o(.data)
    IsConsoleActive                          0x2000024e   Data           1  wifi_module.o(.data)
    process_Indication_Completed             0x2000024f   Data           1  wifi_module.o(.data)
    process_WiFi_Resp_Completed              0x20000250   Data           1  wifi_module.o(.data)
    Timer_Running                            0x20000251   Data           1  wifi_module.o(.data)
    enable_dequeue                           0x20000252   Data           1  wifi_module.o(.data)
    stop_event_dequeue                       0x20000253   Data           1  wifi_module.o(.data)
    Standby_Timer_Running                    0x20000254   Data           1  wifi_module.o(.data)
    trigger_wakeup_callback                  0x20000255   Data           1  wifi_module.o(.data)
    Deep_Sleep_Enabled                       0x20000256   Data           1  wifi_module.o(.data)
    Standby_Enabled                          0x20000257   Data           1  wifi_module.o(.data)
    Low_Power_Enabled                        0x20000258   Data           1  wifi_module.o(.data)
    command_mode                             0x20000259   Data           1  wifi_module.o(.data)
    data_mode                                0x2000025a   Data           1  wifi_module.o(.data)
    Scan_Ongoing                             0x2000025b   Data           1  wifi_module.o(.data)
    AT_Cmd_Ongoing                           0x2000025c   Data           1  wifi_module.o(.data)
    AT_Cmd_Processing                        0x2000025d   Data           1  wifi_module.o(.data)
    Uartx_Rx_Processing                      0x2000025e   Data           1  wifi_module.o(.data)
    Client_Connected                         0x2000025f   Data           1  wifi_module.o(.data)
    Client_Disconnected                      0x20000260   Data           1  wifi_module.o(.data)
    switch_by_default_to_command_mode        0x20000261   Data           1  wifi_module.o(.data)
    start_sock_read                          0x20000262   Data           1  wifi_module.o(.data)
    not_wind_message                         0x20000263   Data           1  wifi_module.o(.data)
    enable_receive_data_chunk                0x20000264   Data           1  wifi_module.o(.data)
    data_pending_sockD                       0x20000265   Data           1  wifi_module.o(.data)
    enable_sock_read                         0x20000266   Data           1  wifi_module.o(.data)
    enable_query                             0x20000267   Data           1  wifi_module.o(.data)
    encoded_data_read                        0x20000268   Data           1  wifi_module.o(.data)
    Set_AT_Cmd_Response_False                0x20000269   Data           1  wifi_module.o(.data)
    enable_fw_update_read                    0x2000026a   Data           1  wifi_module.o(.data)
    Q_Contains_Message                       0x2000026b   Data           1  wifi_module.o(.data)
    Q_Contains_Data                          0x2000026c   Data           1  wifi_module.o(.data)
    enable_receive_http_response             0x2000026d   Data           1  wifi_module.o(.data)
    enable_receive_file_response             0x2000026e   Data           1  wifi_module.o(.data)
    enable_receive_wifi_scan_response        0x2000026f   Data           1  wifi_module.o(.data)
    prevent_push_OK_event                    0x20000270   Data           1  wifi_module.o(.data)
    client_socket_close_ongoing              0x20000271   Data           1  wifi_module.o(.data)
    prevent_push_WIFI_event                  0x20000272   Data           1  wifi_module.o(.data)
    sock_read_ongoing                        0x20000273   Data           1  wifi_module.o(.data)
    enable_client_socket_write               0x20000274   Data           1  wifi_module.o(.data)
    event_deQ_x_wind64                       0x20000275   Data           1  wifi_module.o(.data)
    do_not_reset_push_WIFI_event             0x20000276   Data           1  wifi_module.o(.data)
    message_pending                          0x20000277   Data           1  wifi_module.o(.data)
    wind64_DQ_wait                           0x20000278   Data           4  wifi_module.o(.data)
    UserDataBuff_index                       0x2000027c   Data           4  wifi_module.o(.data)
    tickcount                                0x20000280   Data           4  wifi_module.o(.data)
    SocketId                                 0x20000284   Data           1  wifi_module.o(.data)
    SockON_Data_Len                          0x20000288   Data           4  wifi_module.o(.data)
    Socket_Data_Length                       0x2000028c   Data           4  wifi_module.o(.data)
    Socket_Open_ID                           0x20000290   Data           1  wifi_module.o(.data)
    sockon_query_id                          0x20000291   Data           1  wifi_module.o(.data)
    sockon_id_user                           0x20000292   Data           1  wifi_module.o(.data)
    SockON_Data_Length                       0x20000294   Data           4  wifi_module.o(.data)
    enable_pending_data                      0x20000298   Data           1  wifi_module.o(.data)
    wifi_write_ongoing                       0x20000299   Data           1  wifi_module.o(.data)
    fValue                                   0x2000029c   Data           4  wifi_module.o(.data)
    WiFi_Resp_OK                             0x200002a0   Data           1  wifi_module.o(.data)
    number_of_bytes                          0x200002a4   Data           4  wifi_module.o(.data)
    interim_number_of_bytes                  0x200002a8   Data           4  wifi_module.o(.data)
    Interim_SockON_Data_Len                  0x200002ac   Data           4  wifi_module.o(.data)
    bytes_to_be_read                         0x200002b0   Data           4  wifi_module.o(.data)
    sock_total_count                         0x200002b4   Data           4  wifi_module.o(.data)
    sockD_total_count                        0x200002b8   Data           4  wifi_module.o(.data)
    ip_fragment_count                        0x200002bc   Data           4  wifi_module.o(.data)
    chunk_size                               0x200002c0   Data           4  wifi_module.o(.data)
    message_size                             0x200002c4   Data           4  wifi_module.o(.data)
    WIND55_count                             0x200002c8   Data           4  wifi_module.o(.data)
    WIND64_count                             0x200002cc   Data           4  wifi_module.o(.data)
    user_scan_number                         0x200002d0   Data           1  wifi_module.o(.data)
    pop_queue_length                         0x200002d4   Data           4  wifi_module.o(.data)
    pop_buffer_size                          0x200002d8   Data           4  wifi_module.o(.data)
    process_buffer_index                     0x200002dc   Data           4  wifi_module.o(.data)
    epoch_time                               0x200002e0   Data           4  wifi_module.o(.data)
    WiFi_Module_State                        0x200002e4   Data           1  wifi_module.o(.data)
    tempcheck                                0x200002e5   Data           1  wifi_module.o(.data)
    WiFi_Scan_Buffer                         0x200002e8   Data           4  wifi_module.o(.data)
    curr_hostname                            0x200002ec   Data           4  wifi_module.o(.data)
    curr_path                                0x200002f0   Data           4  wifi_module.o(.data)
    curr_pURL                                0x200002f4   Data           4  wifi_module.o(.data)
    curr_protocol                            0x200002f8   Data           4  wifi_module.o(.data)
    curr_port_number                         0x200002fc   Data           4  wifi_module.o(.data)
    curr_data                                0x20000300   Data           4  wifi_module.o(.data)
    curr_sockID                              0x20000304   Data           1  wifi_module.o(.data)
    curr_filename                            0x20000308   Data           4  wifi_module.o(.data)
    curr_DataLength                          0x2000030c   Data           2  wifi_module.o(.data)
    sock_server_write_datalength             0x2000030e   Data           2  wifi_module.o(.data)
    sock_server_write_pdata                  0x20000310   Data           4  wifi_module.o(.data)
    Pending_SockON_Callback                  0x20000314   Data           1  wifi_module.o(.data)
    Pending_SockD_Callback                   0x20000315   Data           1  wifi_module.o(.data)
    SockON_Server_Closed_Callback            0x20000316   Data           1  wifi_module.o(.data)
    Client_Socket_Close_Cmd                  0x20000317   Data           1  wifi_module.o(.data)
    standby_resume_callback                  0x20000318   Data           1  wifi_module.o(.data)
    HTTP_Data_available                      0x20000319   Data           1  wifi_module.o(.data)
    FILE_Data_available                      0x2000031a   Data           1  wifi_module.o(.data)
    socket_closed_id_callback                0x2000031b   Data           1  wifi_module.o(.data)
    remote_socket_closed_id                  0x2000031c   Data           1  wifi_module.o(.data)
    client_socket_close_id                   0x2000031d   Data           1  wifi_module.o(.data)
    wifi_ready                               0x2000031e   Data           1  wifi_module.o(.data)
    wifi_connected                           0x2000031f   Data           1  wifi_module.o(.data)
    wifi_client_connected                    0x20000320   Data           1  wifi_module.o(.data)
    wifi_client_disconnected                 0x20000321   Data           1  wifi_module.o(.data)
    gpio_value                               0x20000322   Data           1  wifi_module.o(.data)
    gpio_dir                                 0x20000323   Data           1  wifi_module.o(.data)
    user_error_code                          0x20000324   Data           1  wifi_module.o(.data)
    receive_status                           0x20000325   Data           1  wifi_module.o(.data)
    no_of_open_client_sockets                0x20000326   Data           1  wifi_module.o(.data)
    open_sockets                             0x20000327   Data           8  wifi_module.o(.data)
    line_pointer                             0x2000032f   Data           1  wifi_module.o(.data)
    state                                    0x20000330   Data           1  wifi_module.o(.data)
    temp                                     0x20000334   Data           4  wifi_module.o(.data)
    enable_uart_byte_data_receive            0x20000338   Data           1  wifi_module.o(.data)
    uart_data_receive_ready                  0x20000339   Data           1  wifi_module.o(.data)
    resume_receive_data                      0x2000033a   Data           1  wifi_module.o(.data)
    AT_RESPONSE                              0x2000033b   Data           1  wifi_module.o(.data)
    AT_Response_Received                     0x2000033c   Data           1  wifi_module.o(.data)
    Received_Last_Byte_CB                    0x2000033d   Data           1  wifi_module.o(.data)
    Deep_Sleep_Timer                         0x2000033e   Data           1  wifi_module.o(.data)
    Deep_Sleep_Callback                      0x2000033f   Data           1  wifi_module.o(.data)
    sleep_count                              0x20000340   Data           4  wifi_module.o(.data)
    standby_time                             0x20000344   Data           4  wifi_module.o(.data)
    scanned_ssids                            0x20000348   Data           1  wifi_module.o(.data)
    prefetch_str                             0x2000034c   Data           4  wifi_module.o(.data)
    event_pop_s                              0x20000350   Data           4  wifi_module.o(.data)
    rootCA                                   0x20000369   Data        1708  aws_nucleo_certificates.o(.data)
    clientCRT                                0x20000a15   Data        1032  aws_nucleo_certificates.o(.data)
    clientKey                                0x20000e1d   Data         300  aws_nucleo_certificates.o(.data)
    I2C_EXPBD_Timeout                        0x20000f54   Data           4  x_nucleo_iks01a1.o(.data)
    Hts221Drv                                0x20000f70   Data          48  hts221.o(.data)
    Hts221Drv_ext                            0x20000fa0   Data           8  hts221.o(.data)
    T0_degC                                  0x20000fa8   Data           4  hts221.o(.data)
    T1_degC                                  0x20000fac   Data           4  hts221.o(.data)
    T0_out                                   0x20000fb0   Data           2  hts221.o(.data)
    T1_out                                   0x20000fb2   Data           2  hts221.o(.data)
    H0_rh                                    0x20000fb4   Data           4  hts221.o(.data)
    H1_rh                                    0x20000fb8   Data           4  hts221.o(.data)
    H0_T0_out                                0x20000fbc   Data           2  hts221.o(.data)
    H1_T0_out                                0x20000fbe   Data           2  hts221.o(.data)
    LPS25HDrv                                0x20000fc0   Data          52  lps25h.o(.data)
    LPS25HDrv_ext                            0x20000ff4   Data           8  lps25h.o(.data)
    LPS25H_SlaveAddress                      0x20000ffc   Data           1  lps25h.o(.data)
    LPS25HBDrv                               0x20001000   Data          52  lps25hb.o(.data)
    LPS25HBDrv_ext                           0x20001034   Data           8  lps25hb.o(.data)
    LPS25HB_SlaveAddress                     0x2000103c   Data           1  lps25hb.o(.data)
    LIS3MDLDrv                               0x20001040   Data          40  lis3mdl.o(.data)
    LIS3MDLDrv_ext                           0x20001068   Data           8  lis3mdl.o(.data)
    LSM6DS0Drv                               0x20001070   Data          68  lsm6ds0.o(.data)
    LSM6DS0Drv_ext                           0x200010b4   Data           8  lsm6ds0.o(.data)
    LSM6DS3Drv                               0x200010bc   Data          68  lsm6ds3.o(.data)
    LSM6DS3Drv_ext_internal                  0x20001100   Data          12  lsm6ds3.o(.data)
    LSM6DS3Drv_ext                           0x2000110c   Data           8  lsm6ds3.o(.data)
    __stdout                                 0x20001114   Data           4  stdout.o(.data)
    config                                   0x2000111c   Data          52  wifi_main.o(.bss)
    bufferRead                               0x20001150   Data        1024  app_wifi_read.o(.bss)
    ACCELEROMETER_Value                      0x20001550   Data          12  aws_main.o(.bss)
    GYROSCOPE_Value                          0x2000155c   Data          12  aws_main.o(.bss)
    MAGNETOMETER_Value                       0x20001568   Data          12  aws_main.o(.bss)
    TimHandle                                0x20001574   Data          60  stm32_spwf_wifi.o(.bss)
    PushTimHandle                            0x200015b0   Data          60  stm32_spwf_wifi.o(.bss)
    xQueueRegistry                           0x200015ec   Data          64  queue.o(.bss)
    process_buffer                           0x20005344   Data         512  wifi_module.o(.bss)
    UserDataBuff                             0x20005544   Data         512  wifi_module.o(.bss)
    USART_RxBuffer                           0x20005744   Data          64  wifi_module.o(.bss)
    print_msg_buff                           0x20005784   Data         512  wifi_module.o(.bss)
    ring_buffer                              0x20005984   Data        1024  wifi_module.o(.bss)
    event_buffer                             0x20005d84   Data         800  wifi_module.o(.bss)
    pop_buffer                               0x200060a4   Data         512  wifi_module.o(.bss)
    prefetch_buffer                          0x200062a4   Data          20  wifi_module.o(.bss)
    big_buff                                 0x200062b8   Data          20  wifi_module.o(.bss)
    event_buff                               0x200062cc   Data          20  wifi_module.o(.bss)
    element                                  0x200062e0   Data          16  wifi_module.o(.bss)
    UartWiFiHandle                           0x200062f0   Data          64  wifi_module.o(.bss)
    UartMsgHandle                            0x20006330   Data          64  wifi_module.o(.bss)
    WiFi_Config_Variables                    0x20006370   Data          52  wifi_module.o(.bss)
    WiFi_WIND_State                          0x200063a4   Data          35  wifi_module.o(.bss)
    get_cfg_value                            0x200063c7   Data          64  wifi_module.o(.bss)
    client_MAC_address                       0x20006407   Data          17  wifi_module.o(.bss)
    GPIO_InitStruct                          0x20006418   Data          20  wifi_module.o(.bss)
    WAKEUP_InitStruct                        0x2000642c   Data          20  wifi_module.o(.bss)
    WiFi_AT_Cmd_Buff                         0x20006440   Data        2048  wifi_module.o(.bss)
    event_s                                  0x20006c40   Data          16  wifi_module.o(.bss)
    stTimers                                 0x20006c50   Data         120  time_nucleo_wrapper.o(.bss)
    __initial_sp                             0x20009188   Data           0  startup_stm32f401xe.o(STACK)



==============================================================================

Memory Map of the image

  Image Entry point : 0x08000195

  Load Region LR_IROM1 (Base: 0x08000000, Size: 0x0001157c, Max: 0x00080000, ABSOLUTE, COMPRESSED[0x00010fb0])

    Execution Region ER_IROM1 (Base: 0x08000000, Size: 0x00010460, Max: 0x00080000, ABSOLUTE)

    Base Addr    Size         Type   Attr      Idx    E Section Name        Object

    0x08000000   0x00000194   Data   RO          692    RESET               startup_stm32f401xe.o
    0x08000194   0x00000000   Code   RO         8448  * .ARM.Collect$$$$00000000  mc_w.l(entry.o)
    0x08000194   0x00000004   Code   RO         8798    .ARM.Collect$$$$00000001  mc_w.l(entry2.o)
    0x08000198   0x00000004   Code   RO         8801    .ARM.Collect$$$$00000004  mc_w.l(entry5.o)
    0x0800019c   0x00000000   Code   RO         8803    .ARM.Collect$$$$00000008  mc_w.l(entry7b.o)
    0x0800019c   0x00000000   Code   RO         8805    .ARM.Collect$$$$0000000A  mc_w.l(entry8b.o)
    0x0800019c   0x00000008   Code   RO         8806    .ARM.Collect$$$$0000000B  mc_w.l(entry9a.o)
    0x080001a4   0x00000000   Code   RO         8808    .ARM.Collect$$$$0000000D  mc_w.l(entry10a.o)
    0x080001a4   0x00000000   Code   RO         8810    .ARM.Collect$$$$0000000F  mc_w.l(entry11a.o)
    0x080001a4   0x00000004   Code   RO         8799    .ARM.Collect$$$$00002712  mc_w.l(entry2.o)
    0x080001a8   0x000000ba   Code   RO         4411    .emb_text           port.o
    0x08000262   0x00000002   PAD
    0x08000264   0x00000024   Code   RO          693    .text               startup_stm32f401xe.o
    0x08000288   0x00000024   Code   RO         8454    .text               mc_w.l(memcpya.o)
    0x080002ac   0x00000024   Code   RO         8456    .text               mc_w.l(memseta.o)
    0x080002d0   0x00000024   Code   RO         8460    .text               mc_w.l(strstr.o)
    0x080002f4   0x0000000e   Code   RO         8464    .text               mc_w.l(strlen.o)
    0x08000302   0x0000001e   Code   RO         8472    .text               mc_w.l(strncmp.o)
    0x08000320   0x000000e4   Code   RO         8749    .text               mf_w.l(dmul.o)
    0x08000404   0x000000de   Code   RO         8751    .text               mf_w.l(ddiv.o)
    0x080004e2   0x0000003e   Code   RO         8753    .text               mf_w.l(dfixi.o)
    0x08000520   0x00000032   Code   RO         8755    .text               mf_w.l(dfixui.o)
    0x08000552   0x00000026   Code   RO         8757    .text               mf_w.l(f2d.o)
    0x08000578   0x00000038   Code   RO         8759    .text               mf_w.l(d2f.o)
    0x080005b0   0x0000002c   Code   RO         8813    .text               mc_w.l(uidiv.o)
    0x080005dc   0x00000062   Code   RO         8815    .text               mc_w.l(uldiv.o)
    0x0800063e   0x00000020   Code   RO         8817    .text               mc_w.l(llushr.o)
    0x0800065e   0x00000000   Code   RO         8834    .text               mc_w.l(iusefp.o)
    0x0800065e   0x0000006e   Code   RO         8835    .text               mf_w.l(fepilogue.o)
    0x080006cc   0x000000ba   Code   RO         8837    .text               mf_w.l(depilogue.o)
    0x08000786   0x0000014e   Code   RO         8839    .text               mf_w.l(dadd.o)
    0x080008d4   0x0000002e   Code   RO         8843    .text               mf_w.l(dscalb.o)
    0x08000902   0x00000022   Code   RO         8845    .text               mf_w.l(dflti.o)
    0x08000924   0x00000030   Code   RO         8849    .text               mf_w.l(dfixul.o)
    0x08000954   0x00000030   Code   RO         8851    .text               mf_w.l(cdrcmple.o)
    0x08000984   0x00000024   Code   RO         8853    .text               mc_w.l(init.o)
    0x080009a8   0x0000001e   Code   RO         8858    .text               mc_w.l(llshl.o)
    0x080009c6   0x00000024   Code   RO         8860    .text               mc_w.l(llsshr.o)
    0x080009ea   0x000000a2   Code   RO         8866    .text               mf_w.l(dsqrt.o)
    0x08000a8c   0x0000005e   Code   RO         8883    .text               mc_w.l(__dclz77c.o)
    0x08000aea   0x0000001a   Code   RO            4    i.AwsIotTask        main.o
    0x08000b04   0x00000020   Code   RO         7358    i.BSP_HUM_TEMP_GetHumidity  x_nucleo_iks01a1_hum_temp.o
    0x08000b24   0x00000020   Code   RO         7359    i.BSP_HUM_TEMP_GetTemperature  x_nucleo_iks01a1_hum_temp.o
    0x08000b44   0x00000094   Code   RO         7360    i.BSP_HUM_TEMP_Init  x_nucleo_iks01a1_hum_temp.o
    0x08000bd8   0x00000048   Code   RO         7738    i.BSP_IMU_6AXES_Enable_Free_Fall_Detection_Ext  x_nucleo_iks01a1_imu_6axes.o
    0x08000c20   0x00000020   Code   RO         7739    i.BSP_IMU_6AXES_G_GetAxes  x_nucleo_iks01a1_imu_6axes.o
    0x08000c40   0x000001e8   Code   RO         7748    i.BSP_IMU_6AXES_Init  x_nucleo_iks01a1_imu_6axes.o
    0x08000e28   0x00000020   Code   RO         7750    i.BSP_IMU_6AXES_X_GetAxes  x_nucleo_iks01a1_imu_6axes.o
    0x08000e48   0x00000020   Code   RO         3916    i.BSP_LED_On        stm32f4xx_nucleo.o
    0x08000e68   0x000000a4   Code   RO         7890    i.BSP_MAGNETO_Init  x_nucleo_iks01a1_magneto.o
    0x08000f0c   0x00000020   Code   RO         7891    i.BSP_MAGNETO_M_GetAxes  x_nucleo_iks01a1_magneto.o
    0x08000f2c   0x0000009c   Code   RO         3919    i.BSP_PB_Init       stm32f4xx_nucleo.o
    0x08000fc8   0x00000020   Code   RO         7675    i.BSP_PRESSURE_GetPressure  x_nucleo_iks01a1_pressure.o
    0x08000fe8   0x00000020   Code   RO         7676    i.BSP_PRESSURE_GetTemperature  x_nucleo_iks01a1_pressure.o
    0x08001008   0x000001a0   Code   RO         7677    i.BSP_PRESSURE_Init  x_nucleo_iks01a1_pressure.o
    0x080011a8   0x00000004   Code   RO          248    i.BusFault_Handler  stm32_xx_it.o
    0x080011ac   0x00000030   Code   RO         6716    i.DeInitTimer       time_nucleo_wrapper.o
    0x080011dc   0x00000002   Code   RO          249    i.DebugMon_Handler  stm32_xx_it.o
    0x080011de   0x00000002   PAD
    0x080011e0   0x00000040   Code   RO          477    i.DequeueRx         app_wifi_read.o
    0x08001220   0x0000000c   Code   RO          363    i.EXTI15_10_IRQHandler  user_button.o
    0x0800122c   0x00000044   Code   RO          478    i.EnqueueRx         app_wifi_read.o
    0x08001270   0x0000000e   Code   RO         5491    i.Error_Handler     wifi_module.o
    0x0800127e   0x0000001a   Code   RO          741    i.HAL_Delay         stm32f4xx_hal.o
    0x08001298   0x00000138   Code   RO         1407    i.HAL_GPIO_DeInit   stm32f4xx_hal_gpio.o
    0x080013d0   0x0000000c   Code   RO          250    i.HAL_GPIO_EXTI_Callback  stm32_xx_it.o
    0x080013dc   0x0000001c   Code   RO         1409    i.HAL_GPIO_EXTI_IRQHandler  stm32f4xx_hal_gpio.o
    0x080013f8   0x000001d0   Code   RO         1410    i.HAL_GPIO_Init     stm32f4xx_hal_gpio.o
    0x080015c8   0x0000000c   Code   RO         1414    i.HAL_GPIO_WritePin  stm32f4xx_hal_gpio.o
    0x080015d4   0x0000000c   Code   RO          747    i.HAL_GetTick       stm32f4xx_hal.o
    0x080015e0   0x00000036   Code   RO         1473    i.HAL_I2C_DeInit    stm32f4xx_hal_i2c.o
    0x08001616   0x00000008   Code   RO         1478    i.HAL_I2C_GetState  stm32f4xx_hal_i2c.o
    0x0800161e   0x00000002   PAD
    0x08001620   0x00000120   Code   RO         1479    i.HAL_I2C_Init      stm32f4xx_hal_i2c.o
    0x08001740   0x0000022c   Code   RO         1491    i.HAL_I2C_Mem_Read  stm32f4xx_hal_i2c.o
    0x0800196c   0x00000110   Code   RO         1494    i.HAL_I2C_Mem_Write  stm32f4xx_hal_i2c.o
    0x08001a7c   0x00000002   Code   RO         1497    i.HAL_I2C_MspDeInit  stm32f4xx_hal_i2c.o
    0x08001a7e   0x00000002   Code   RO         1498    i.HAL_I2C_MspInit   stm32f4xx_hal_i2c.o
    0x08001a80   0x00000010   Code   RO          748    i.HAL_IncTick       stm32f4xx_hal.o
    0x08001a90   0x0000003c   Code   RO          749    i.HAL_Init          stm32f4xx_hal.o
    0x08001acc   0x00000024   Code   RO          750    i.HAL_InitTick      stm32f4xx_hal.o
    0x08001af0   0x00000002   Code   RO          752    i.HAL_MspInit       stm32f4xx_hal.o
    0x08001af2   0x00000002   PAD
    0x08001af4   0x0000001c   Code   RO         1157    i.HAL_NVIC_DisableIRQ  stm32f4xx_hal_cortex.o
    0x08001b10   0x0000001a   Code   RO         1158    i.HAL_NVIC_EnableIRQ  stm32f4xx_hal_cortex.o
    0x08001b2a   0x0000007c   Code   RO         1164    i.HAL_NVIC_SetPriority  stm32f4xx_hal_cortex.o
    0x08001ba6   0x00000002   PAD
    0x08001ba8   0x00000028   Code   RO         1165    i.HAL_NVIC_SetPriorityGrouping  stm32f4xx_hal_cortex.o
    0x08001bd0   0x000001a4   Code   RO         1951    i.HAL_RCCEx_PeriphCLKConfig  stm32f4xx_hal_rcc_ex.o
    0x08001d74   0x000002b0   Code   RO         1846    i.HAL_RCC_ClockConfig  stm32f4xx_hal_rcc.o
    0x08002024   0x00000038   Code   RO         1851    i.HAL_RCC_GetHCLKFreq  stm32f4xx_hal_rcc.o
    0x0800205c   0x0000002c   Code   RO         1853    i.HAL_RCC_GetPCLK1Freq  stm32f4xx_hal_rcc.o
    0x08002088   0x0000002c   Code   RO         1854    i.HAL_RCC_GetPCLK2Freq  stm32f4xx_hal_rcc.o
    0x080020b4   0x000000b4   Code   RO         1855    i.HAL_RCC_GetSysClockFreq  stm32f4xx_hal_rcc.o
    0x08002168   0x00000404   Code   RO         1858    i.HAL_RCC_OscConfig  stm32f4xx_hal_rcc.o
    0x0800256c   0x00000028   Code   RO         1167    i.HAL_SYSTICK_CLKSourceConfig  stm32f4xx_hal_cortex.o
    0x08002594   0x00000034   Code   RO         1169    i.HAL_SYSTICK_Config  stm32f4xx_hal_cortex.o
    0x080025c8   0x00000002   Code   RO         3237    i.HAL_TIMEx_BreakCallback  stm32f4xx_hal_tim_ex.o
    0x080025ca   0x00000002   Code   RO         3238    i.HAL_TIMEx_CommutationCallback  stm32f4xx_hal_tim_ex.o
    0x080025cc   0x00000034   Code   RO         2598    i.HAL_TIM_Base_Init  stm32f4xx_hal_tim.o
    0x08002600   0x00000070   Code   RO         3838    i.HAL_TIM_Base_MspInit  stm32_spwf_wifi.o
    0x08002670   0x0000001e   Code   RO         2603    i.HAL_TIM_Base_Start_IT  stm32f4xx_hal_tim.o
    0x0800268e   0x00000002   Code   RO         2627    i.HAL_TIM_IC_CaptureCallback  stm32f4xx_hal_tim.o
    0x08002690   0x00000196   Code   RO         2640    i.HAL_TIM_IRQHandler  stm32f4xx_hal_tim.o
    0x08002826   0x00000002   Code   RO         2643    i.HAL_TIM_OC_DelayElapsedCallback  stm32f4xx_hal_tim.o
    0x08002828   0x00000002   Code   RO         2670    i.HAL_TIM_PWM_PulseFinishedCallback  stm32f4xx_hal_tim.o
    0x0800282a   0x0000000c   Code   RO          251    i.HAL_TIM_PeriodElapsedCallback  stm32_xx_it.o
    0x08002836   0x00000002   Code   RO         2681    i.HAL_TIM_TriggerCallback  stm32f4xx_hal_tim.o
    0x08002838   0x0000002a   Code   RO         3476    i.HAL_UART_DeInit   stm32f4xx_hal_uart.o
    0x08002862   0x0000000a   Code   RO         5493    i.HAL_UART_ErrorCallback  wifi_module.o
    0x0800286c   0x00000120   Code   RO         3480    i.HAL_UART_IRQHandler  stm32f4xx_hal_uart.o
    0x0800298c   0x0000006e   Code   RO         3481    i.HAL_UART_Init     stm32f4xx_hal_uart.o
    0x080029fa   0x00000002   PAD
    0x080029fc   0x00000048   Code   RO         3839    i.HAL_UART_MspDeInit  stm32_spwf_wifi.o
    0x08002a44   0x000000e0   Code   RO         3840    i.HAL_UART_MspInit  stm32_spwf_wifi.o
    0x08002b24   0x000000a4   Code   RO         3485    i.HAL_UART_Receive_IT  stm32f4xx_hal_uart.o
    0x08002bc8   0x0000007c   Code   RO         5494    i.HAL_UART_RxCpltCallback  wifi_module.o
    0x08002c44   0x000000b8   Code   RO         3488    i.HAL_UART_Transmit  stm32f4xx_hal_uart.o
    0x08002cfc   0x0000000c   Code   RO         5495    i.HAL_UART_TxCpltCallback  wifi_module.o
    0x08002d08   0x000001a8   Code   RO         7977    i.HTS221_Calibration  hts221.o
    0x08002eb0   0x000001c0   Code   RO         7978    i.HTS221_GetHumidity  hts221.o
    0x08003070   0x00000188   Code   RO         7979    i.HTS221_GetTemperature  hts221.o
    0x080031f8   0x00000002   Code   RO         7425    i.HTS221_IO_ITConfig  x_nucleo_iks01a1.o
    0x080031fa   0x00000008   Code   RO         7426    i.HTS221_IO_Init    x_nucleo_iks01a1.o
    0x08003202   0x0000001c   Code   RO         7427    i.HTS221_IO_Read    x_nucleo_iks01a1.o
    0x0800321e   0x0000001c   Code   RO         7428    i.HTS221_IO_Write   x_nucleo_iks01a1.o
    0x0800323a   0x00000066   Code   RO         7980    i.HTS221_Init       hts221.o
    0x080032a0   0x00000034   Code   RO         7981    i.HTS221_Power_OFF  hts221.o
    0x080032d4   0x00000034   Code   RO         7982    i.HTS221_Power_On   hts221.o
    0x08003308   0x00000018   Code   RO         7983    i.HTS221_ReadID     hts221.o
    0x08003320   0x00000034   Code   RO         7984    i.HTS221_RebootCmd  hts221.o
    0x08003354   0x00000010   Code   RO         7429    i.HUM_TEMP_IO_Init  x_nucleo_iks01a1.o
    0x08003364   0x00000028   Code   RO         7430    i.HUM_TEMP_IO_Read  x_nucleo_iks01a1.o
    0x0800338c   0x00000028   Code   RO         7431    i.HUM_TEMP_IO_Write  x_nucleo_iks01a1.o
    0x080033b4   0x00000004   Code   RO          252    i.HardFault_Handler  stm32_xx_it.o
    0x080033b8   0x0000001c   Code   RO         7432    i.I2C_EXPBD_Error   x_nucleo_iks01a1.o
    0x080033d4   0x00000044   Code   RO         7433    i.I2C_EXPBD_Init    x_nucleo_iks01a1.o
    0x08003418   0x000000a4   Code   RO         7434    i.I2C_EXPBD_MspInit  x_nucleo_iks01a1.o
    0x080034bc   0x0000003c   Code   RO         7435    i.I2C_EXPBD_ReadData  x_nucleo_iks01a1.o
    0x080034f8   0x0000003c   Code   RO         7436    i.I2C_EXPBD_WriteData  x_nucleo_iks01a1.o
    0x08003534   0x00000114   Code   RO         1520    i.I2C_RequestMemoryRead  stm32f4xx_hal_i2c.o
    0x08003648   0x000000b0   Code   RO         1521    i.I2C_RequestMemoryWrite  stm32f4xx_hal_i2c.o
    0x080036f8   0x000000de   Code   RO         1529    i.I2C_WaitOnFlagUntilTimeout  stm32f4xx_hal_i2c.o
    0x080037d6   0x000000aa   Code   RO         1530    i.I2C_WaitOnMasterAddressFlagUntilTimeout  stm32f4xx_hal_i2c.o
    0x08003880   0x00000010   Code   RO         7437    i.IMU_6AXES_IO_Init  x_nucleo_iks01a1.o
    0x08003890   0x00000028   Code   RO         7438    i.IMU_6AXES_IO_Read  x_nucleo_iks01a1.o
    0x080038b8   0x00000028   Code   RO         7439    i.IMU_6AXES_IO_Write  x_nucleo_iks01a1.o
    0x080038e0   0x00000050   Code   RO         6717    i.InitTimer         time_nucleo_wrapper.o
    0x08003930   0x00000002   Code   RO         7440    i.LIS3MDL_IO_ITConfig  x_nucleo_iks01a1.o
    0x08003932   0x00000008   Code   RO         7441    i.LIS3MDL_IO_Init   x_nucleo_iks01a1.o
    0x0800393a   0x0000001c   Code   RO         7442    i.LIS3MDL_IO_Read   x_nucleo_iks01a1.o
    0x08003956   0x0000001c   Code   RO         7443    i.LIS3MDL_IO_Write  x_nucleo_iks01a1.o
    0x08003972   0x000000d6   Code   RO         8153    i.LIS3MDL_Init      lis3mdl.o
    0x08003a48   0x000000e4   Code   RO         8154    i.LIS3MDL_M_GetAxes  lis3mdl.o
    0x08003b2c   0x00000072   Code   RO         8155    i.LIS3MDL_M_GetAxesRaw  lis3mdl.o
    0x08003b9e   0x00000002   PAD
    0x08003ba0   0x00000078   Code   RO         8156    i.LIS3MDL_M_GetSensitivity  lis3mdl.o
    0x08003c18   0x00000068   Code   RO         8157    i.LIS3MDL_M_Get_FS  lis3mdl.o
    0x08003c80   0x000000a4   Code   RO         8158    i.LIS3MDL_M_Get_ODR  lis3mdl.o
    0x08003d24   0x0000008a   Code   RO         8159    i.LIS3MDL_M_Set_FS  lis3mdl.o
    0x08003dae   0x00000002   PAD
    0x08003db0   0x000000d8   Code   RO         8160    i.LIS3MDL_M_Set_ODR  lis3mdl.o
    0x08003e88   0x00000018   Code   RO         8161    i.LIS3MDL_Read_M_ID  lis3mdl.o
    0x08003ea0   0x00000030   Code   RO         8091    i.LPS25HB_GetPressure  lps25hb.o
    0x08003ed0   0x0000003c   Code   RO         8092    i.LPS25HB_GetTemperature  lps25hb.o
    0x08003f0c   0x00000044   Code   RO         8093    i.LPS25HB_I2C_ReadRawPressure  lps25hb.o
    0x08003f50   0x00000034   Code   RO         8094    i.LPS25HB_I2C_ReadRawTemperature  lps25hb.o
    0x08003f84   0x00000002   Code   RO         7444    i.LPS25HB_IO_ITConfig  x_nucleo_iks01a1.o
    0x08003f86   0x00000008   Code   RO         7445    i.LPS25HB_IO_Init   x_nucleo_iks01a1.o
    0x08003f8e   0x0000001c   Code   RO         7446    i.LPS25HB_IO_Read   x_nucleo_iks01a1.o
    0x08003faa   0x0000001c   Code   RO         7447    i.LPS25HB_IO_Write  x_nucleo_iks01a1.o
    0x08003fc6   0x00000002   PAD
    0x08003fc8   0x000000f0   Code   RO         8095    i.LPS25HB_Init      lps25hb.o
    0x080040b8   0x0000003c   Code   RO         8096    i.LPS25HB_PowerOff  lps25hb.o
    0x080040f4   0x0000003c   Code   RO         8097    i.LPS25HB_PowerOn   lps25hb.o
    0x08004130   0x00000020   Code   RO         8098    i.LPS25HB_ReadID    lps25hb.o
    0x08004150   0x0000003c   Code   RO         8099    i.LPS25HB_RebootCmd  lps25hb.o
    0x0800418c   0x00000014   Code   RO         8100    i.LPS25HB_SlaveAddrRemap  lps25hb.o
    0x080041a0   0x00000030   Code   RO         8029    i.LPS25H_GetPressure  lps25h.o
    0x080041d0   0x0000003c   Code   RO         8030    i.LPS25H_GetTemperature  lps25h.o
    0x0800420c   0x00000044   Code   RO         8031    i.LPS25H_I2C_ReadRawPressure  lps25h.o
    0x08004250   0x00000034   Code   RO         8032    i.LPS25H_I2C_ReadRawTemperature  lps25h.o
    0x08004284   0x00000002   Code   RO         7448    i.LPS25H_IO_ITConfig  x_nucleo_iks01a1.o
    0x08004286   0x00000008   Code   RO         7449    i.LPS25H_IO_Init    x_nucleo_iks01a1.o
    0x0800428e   0x0000001c   Code   RO         7450    i.LPS25H_IO_Read    x_nucleo_iks01a1.o
    0x080042aa   0x0000001c   Code   RO         7451    i.LPS25H_IO_Write   x_nucleo_iks01a1.o
    0x080042c6   0x00000002   PAD
    0x080042c8   0x000000f0   Code   RO         8033    i.LPS25H_Init       lps25h.o
    0x080043b8   0x0000003c   Code   RO         8034    i.LPS25H_PowerOff   lps25h.o
    0x080043f4   0x0000003c   Code   RO         8035    i.LPS25H_PowerOn    lps25h.o
    0x08004430   0x00000020   Code   RO         8036    i.LPS25H_ReadID     lps25h.o
    0x08004450   0x0000003c   Code   RO         8037    i.LPS25H_RebootCmd  lps25h.o
    0x0800448c   0x00000014   Code   RO         8038    i.LPS25H_SlaveAddrRemap  lps25h.o
    0x080044a0   0x00000080   Code   RO         8210    i.LSM6DS0_G_GetAxes  lsm6ds0.o
    0x08004520   0x00000072   Code   RO         8211    i.LSM6DS0_G_GetAxesRaw  lsm6ds0.o
    0x08004592   0x00000002   PAD
    0x08004594   0x00000068   Code   RO         8212    i.LSM6DS0_G_GetSensitivity  lsm6ds0.o
    0x080045fc   0x00000068   Code   RO         8213    i.LSM6DS0_G_Get_FS  lsm6ds0.o
    0x08004664   0x000000ac   Code   RO         8214    i.LSM6DS0_G_Get_ODR  lsm6ds0.o
    0x08004710   0x00000094   Code   RO         8215    i.LSM6DS0_G_Set_Axes_Status  lsm6ds0.o
    0x080047a4   0x00000080   Code   RO         8216    i.LSM6DS0_G_Set_FS  lsm6ds0.o
    0x08004824   0x000000d0   Code   RO         8217    i.LSM6DS0_G_Set_ODR  lsm6ds0.o
    0x080048f4   0x00000002   Code   RO         7452    i.LSM6DS0_IO_ITConfig  x_nucleo_iks01a1.o
    0x080048f6   0x00000008   Code   RO         7453    i.LSM6DS0_IO_Init   x_nucleo_iks01a1.o
    0x080048fe   0x0000001c   Code   RO         7454    i.LSM6DS0_IO_Read   x_nucleo_iks01a1.o
    0x0800491a   0x0000001c   Code   RO         7455    i.LSM6DS0_IO_Write  x_nucleo_iks01a1.o
    0x08004936   0x0000007e   Code   RO         8218    i.LSM6DS0_Init      lsm6ds0.o
    0x080049b4   0x00000018   Code   RO         8219    i.LSM6DS0_Read_XG_ID  lsm6ds0.o
    0x080049cc   0x00000080   Code   RO         8220    i.LSM6DS0_X_GetAxes  lsm6ds0.o
    0x08004a4c   0x00000072   Code   RO         8221    i.LSM6DS0_X_GetAxesRaw  lsm6ds0.o
    0x08004abe   0x00000002   PAD
    0x08004ac0   0x00000078   Code   RO         8222    i.LSM6DS0_X_GetSensitivity  lsm6ds0.o
    0x08004b38   0x00000068   Code   RO         8223    i.LSM6DS0_X_Get_FS  lsm6ds0.o
    0x08004ba0   0x000000a8   Code   RO         8224    i.LSM6DS0_X_Get_ODR  lsm6ds0.o
    0x08004c48   0x00000094   Code   RO         8225    i.LSM6DS0_X_Set_Axes_Status  lsm6ds0.o
    0x08004cdc   0x0000008a   Code   RO         8226    i.LSM6DS0_X_Set_FS  lsm6ds0.o
    0x08004d66   0x00000002   PAD
    0x08004d68   0x000000cc   Code   RO         8227    i.LSM6DS0_X_Set_ODR  lsm6ds0.o
    0x08004e34   0x00000086   Code   RO         8312    i.LSM6DS3_Common_Sensor_Enable  lsm6ds3.o
    0x08004eba   0x00000082   Code   RO         8313    i.LSM6DS3_Disable_Free_Fall_Detection  lsm6ds3.o
    0x08004f3c   0x0000013a   Code   RO         8314    i.LSM6DS3_Enable_Free_Fall_Detection  lsm6ds3.o
    0x08005076   0x00000002   PAD
    0x08005078   0x00000080   Code   RO         8315    i.LSM6DS3_G_GetAxes  lsm6ds3.o
    0x080050f8   0x00000072   Code   RO         8316    i.LSM6DS3_G_GetAxesRaw  lsm6ds3.o
    0x0800516a   0x00000002   PAD
    0x0800516c   0x000000ac   Code   RO         8317    i.LSM6DS3_G_GetSensitivity  lsm6ds3.o
    0x08005218   0x000000ac   Code   RO         8318    i.LSM6DS3_G_Get_FS  lsm6ds3.o
    0x080052c4   0x000000c4   Code   RO         8319    i.LSM6DS3_G_Get_ODR  lsm6ds3.o
    0x08005388   0x00000094   Code   RO         8320    i.LSM6DS3_G_Set_Axes_Status  lsm6ds3.o
    0x0800541c   0x00000118   Code   RO         8321    i.LSM6DS3_G_Set_FS  lsm6ds3.o
    0x08005534   0x000000f4   Code   RO         8322    i.LSM6DS3_G_Set_ODR  lsm6ds3.o
    0x08005628   0x00000042   Code   RO         8323    i.LSM6DS3_Get_Status_Free_Fall_Detection  lsm6ds3.o
    0x0800566a   0x00000002   PAD
    0x0800566c   0x000000a0   Code   RO         7456    i.LSM6DS3_IO_ITConfig  x_nucleo_iks01a1.o
    0x0800570c   0x00000008   Code   RO         7457    i.LSM6DS3_IO_Init   x_nucleo_iks01a1.o
    0x08005714   0x0000001c   Code   RO         7458    i.LSM6DS3_IO_Read   x_nucleo_iks01a1.o
    0x08005730   0x0000001c   Code   RO         7459    i.LSM6DS3_IO_Write  x_nucleo_iks01a1.o
    0x0800574c   0x00000088   Code   RO         8324    i.LSM6DS3_Init      lsm6ds3.o
    0x080057d4   0x00000018   Code   RO         8325    i.LSM6DS3_Read_XG_ID  lsm6ds3.o
    0x080057ec   0x00000080   Code   RO         8326    i.LSM6DS3_X_GetAxes  lsm6ds3.o
    0x0800586c   0x00000072   Code   RO         8327    i.LSM6DS3_X_GetAxesRaw  lsm6ds3.o
    0x080058de   0x00000002   PAD
    0x080058e0   0x00000078   Code   RO         8328    i.LSM6DS3_X_GetSensitivity  lsm6ds3.o
    0x08005958   0x00000068   Code   RO         8329    i.LSM6DS3_X_Get_FS  lsm6ds3.o
    0x080059c0   0x000000e0   Code   RO         8330    i.LSM6DS3_X_Get_ODR  lsm6ds3.o
    0x08005aa0   0x00000094   Code   RO         8331    i.LSM6DS3_X_Set_Axes_Status  lsm6ds3.o
    0x08005b34   0x0000008a   Code   RO         8332    i.LSM6DS3_X_Set_FS  lsm6ds3.o
    0x08005bbe   0x00000002   PAD
    0x08005bc0   0x00000120   Code   RO         8333    i.LSM6DS3_X_Set_ODR  lsm6ds3.o
    0x08005ce0   0x00000010   Code   RO         7460    i.MAGNETO_IO_Init   x_nucleo_iks01a1.o
    0x08005cf0   0x00000028   Code   RO         7461    i.MAGNETO_IO_Read   x_nucleo_iks01a1.o
    0x08005d18   0x00000028   Code   RO         7462    i.MAGNETO_IO_Write  x_nucleo_iks01a1.o
    0x08005d40   0x00000054   Code   RO         6514    i.MQTTClient        mqttclient.o
    0x08005d94   0x000000ac   Code   RO         6515    i.MQTTConnect       mqttclient.o
    0x08005e40   0x0000006c   Code   RO         6185    i.MQTTDeserialize_ack  mqttdeserializepublish.o
    0x08005eac   0x00000076   Code   RO         6098    i.MQTTDeserialize_connack  mqttconnectclient.o
    0x08005f22   0x000000a8   Code   RO         6186    i.MQTTDeserialize_publish  mqttdeserializepublish.o
    0x08005fca   0x00000092   Code   RO         6430    i.MQTTDeserialize_suback  mqttsubscribeclient.o
    0x0800605c   0x0000003e   Code   RO         6516    i.MQTTDisconnect    mqttclient.o
    0x0800609a   0x00000058   Code   RO         6273    i.MQTTPacket_decode  mqttpacket.o
    0x080060f2   0x00000002   PAD
    0x080060f4   0x0000001c   Code   RO         6274    i.MQTTPacket_decodeBuf  mqttpacket.o
    0x08006110   0x00000036   Code   RO         6276    i.MQTTPacket_encode  mqttpacket.o
    0x08006146   0x00000042   Code   RO         6277    i.MQTTPacket_equals  mqttpacket.o
    0x08006188   0x00000028   Code   RO         6278    i.MQTTPacket_len    mqttpacket.o
    0x080061b0   0x000000f8   Code   RO         6517    i.MQTTPublish       mqttclient.o
    0x080062a8   0x00000072   Code   RO         6388    i.MQTTSerialize_ack  mqttserializepublish.o
    0x0800631a   0x00000002   PAD
    0x0800631c   0x00000168   Code   RO         6099    i.MQTTSerialize_connect  mqttconnectclient.o
    0x08006484   0x00000076   Code   RO         6100    i.MQTTSerialize_connectLength  mqttconnectclient.o
    0x080064fa   0x00000012   Code   RO         6101    i.MQTTSerialize_disconnect  mqttconnectclient.o
    0x0800650c   0x00000012   Code   RO         6102    i.MQTTSerialize_pingreq  mqttconnectclient.o
    0x0800651e   0x000000b0   Code   RO         6391    i.MQTTSerialize_publish  mqttserializepublish.o
    0x080065ce   0x00000022   Code   RO         6392    i.MQTTSerialize_publishLength  mqttserializepublish.o
    0x080065f0   0x000000b0   Code   RO         6431    i.MQTTSerialize_subscribe  mqttsubscribeclient.o
    0x080066a0   0x0000002e   Code   RO         6432    i.MQTTSerialize_subscribeLength  mqttsubscribeclient.o
    0x080066ce   0x0000004c   Code   RO         6103    i.MQTTSerialize_zero  mqttconnectclient.o
    0x0800671a   0x00000114   Code   RO         6518    i.MQTTSubscribe     mqttclient.o
    0x0800682e   0x00000048   Code   RO         6520    i.MQTTYield         mqttclient.o
    0x08006876   0x00000002   PAD
    0x08006878   0x00000054   Code   RO          564    i.MQTTcallbackHandler  aws_main.o
    0x080068cc   0x00000018   Code   RO         6281    i.MQTTstrlen        mqttpacket.o
    0x080068e4   0x000000c8   Code   RO            5    i.MX_GPIO_Init      main.o
    0x080069ac   0x00000004   Code   RO          253    i.MemManage_Handler  stm32_xx_it.o
    0x080069b0   0x00000002   Code   RO          254    i.NMI_Handler       stm32_xx_it.o
    0x080069b2   0x00000002   PAD
    0x080069b4   0x00000010   Code   RO         1171    i.NVIC_GetPriorityGrouping  stm32f4xx_hal_cortex.o
    0x080069c4   0x00000028   Code   RO         1172    i.NVIC_SetPriority  stm32f4xx_hal_cortex.o
    0x080069ec   0x00000008   Code   RO         6521    i.NewMessageData    mqttclient.o
    0x080069f4   0x00000010   Code   RO         7463    i.PRESSURE_IO_Init  x_nucleo_iks01a1.o
    0x08006a04   0x00000028   Code   RO         7464    i.PRESSURE_IO_Read  x_nucleo_iks01a1.o
    0x08006a2c   0x00000028   Code   RO         7465    i.PRESSURE_IO_Write  x_nucleo_iks01a1.o
    0x08006a54   0x00001300   Code   RO         5499    i.Process_Buffer    wifi_module.o
    0x08007d54   0x00000058   Code   RO         5500    i.Process_WiFi      wifi_module.o
    0x08007dac   0x0000030c   Code   RO         5501    i.Process_WiFi_Indication_Cmd  wifi_module.o
    0x080080b8   0x000005f4   Code   RO         5502    i.Process_Wind_Indication  wifi_module.o
    0x080086ac   0x00000038   Code   RO         5503    i.Queue_Client_Close_Event  wifi_module.o
    0x080086e4   0x00000050   Code   RO         5504    i.Queue_Client_Open_Event  wifi_module.o
    0x08008734   0x00000058   Code   RO         5505    i.Queue_Client_Write_Event  wifi_module.o
    0x0800878c   0x00000040   Code   RO         5512    i.Receive_Data      wifi_module.o
    0x080087cc   0x00000014   Code   RO         5514    i.Reset_AT_CMD_Buffer  wifi_module.o
    0x080087e0   0x0000000c   Code   RO         5516    i.Resume_Dequeue    wifi_module.o
    0x080087ec   0x00000054   Code   RO         5517    i.SET_Configuration_Addr  wifi_module.o
    0x08008840   0x00000054   Code   RO         5518    i.SET_Configuration_Value  wifi_module.o
    0x08008894   0x0000005c   Code   RO         5519    i.SET_Power_State   wifi_module.o
    0x080088f0   0x0000004c   Code   RO         5520    i.SET_SSID          wifi_module.o
    0x0800893c   0x00000058   Code   RO         5521    i.SET_WiFi_SecKey   wifi_module.o
    0x08008994   0x0000003c   Code   RO         5522    i.Save_Current_Setting  wifi_module.o
    0x080089d0   0x00000078   Code   RO         5272    i.Socket_Pending_Data  wifi_interface.o
    0x08008a48   0x000000a0   Code   RO         5273    i.Socket_Read       wifi_interface.o
    0x08008ae8   0x00000018   Code   RO         5523    i.Start_DeepSleep_Timer  wifi_module.o
    0x08008b00   0x00000018   Code   RO         5524    i.Start_Timer       wifi_module.o
    0x08008b18   0x00000014   Code   RO         5525    i.Stop_DeepSleep_Timer  wifi_module.o
    0x08008b2c   0x0000000c   Code   RO         5526    i.Stop_Dequeue      wifi_module.o
    0x08008b38   0x00000020   Code   RO         5527    i.Stop_Timer        wifi_module.o
    0x08008b58   0x00000010   Code   RO          255    i.SysTick_Handler   stm32_xx_it.o
    0x08008b68   0x000000bc   Code   RO            6    i.SystemClock_Config  main.o
    0x08008c24   0x00000064   Code   RO          701    i.SystemInit        system_stm32f4xx.o
    0x08008c88   0x00000010   Code   RO          256    i.TIM2_IRQHandler   stm32_xx_it.o
    0x08008c98   0x00000010   Code   RO          257    i.TIM3_IRQHandler   stm32_xx_it.o
    0x08008ca8   0x000000b0   Code   RO         2682    i.TIM_Base_SetConfig  stm32f4xx_hal_tim.o
    0x08008d58   0x0000004c   Code   RO         3842    i.Timer_Config      stm32_spwf_wifi.o
    0x08008da4   0x00000044   Code   RO         3843    i.UART_Configuration  stm32_spwf_wifi.o
    0x08008de8   0x00000048   Code   RO         3492    i.UART_EndTransmit_IT  stm32f4xx_hal_uart.o
    0x08008e30   0x000000b8   Code   RO         3844    i.UART_Msg_Gpio_Init  stm32_spwf_wifi.o
    0x08008ee8   0x00000076   Code   RO         3493    i.UART_Receive_IT   stm32f4xx_hal_uart.o
    0x08008f5e   0x00000002   PAD
    0x08008f60   0x00000224   Code   RO         3494    i.UART_SetConfig    stm32f4xx_hal_uart.o
    0x08009184   0x00000070   Code   RO         3495    i.UART_Transmit_IT  stm32f4xx_hal_uart.o
    0x080091f4   0x000000fa   Code   RO         3496    i.UART_WaitOnFlagUntilTimeout  stm32f4xx_hal_uart.o
    0x080092ee   0x00000002   PAD
    0x080092f0   0x00000010   Code   RO          258    i.USART1_IRQHandler  stm32_xx_it.o
    0x08009300   0x00000010   Code   RO          259    i.USART2_IRQHandler  stm32_xx_it.o
    0x08009310   0x0000003c   Code   RO         3845    i.USART_PRINT_MSG_Configuration  stm32_spwf_wifi.o
    0x0800934c   0x00000028   Code   RO         5528    i.USART_Receive_AT_Resp  wifi_module.o
    0x08009374   0x000000bc   Code   RO         5529    i.USART_Transmit_AT_Cmd  wifi_module.o
    0x08009430   0x00000004   Code   RO          260    i.UsageFault_Handler  stm32_xx_it.o
    0x08009434   0x0000000c   Code   RO          364    i.UserButton_Init   user_button.o
    0x08009440   0x0000001c   Code   RO         5531    i.Wait_For_Sock_Read_To_Complete  wifi_module.o
    0x0800945c   0x00000060   Code   RO         5533    i.WiFi_Module_Init  wifi_module.o
    0x080094bc   0x00000030   Code   RO         5534    i.WiFi_switch_to_command_mode  wifi_module.o
    0x080094ec   0x00000030   Code   RO         5535    i.WiFi_switch_to_data_mode  wifi_module.o
    0x0800951c   0x000000b8   Code   RO         5536    i.Wifi_SysTick_Isr  wifi_module.o
    0x080095d4   0x000008a8   Code   RO         5537    i.Wifi_TIM_Handler  wifi_module.o
    0x08009e7c   0x00000020   Code   RO         8709    i.__0printf         mc_w.l(printfa.o)
    0x08009e9c   0x00000028   Code   RO         8711    i.__0sprintf        mc_w.l(printfa.o)
    0x08009ec4   0x00000030   Code   RO         8781    i.__ARM_fpclassify  m_wm.l(fpclassify.o)
    0x08009ef4   0x00000004   PAD
    0x08009ef8   0x00000c50   Code   RO         8434    i.__hardfp_pow      m_wm.l(pow.o)
    0x0800ab48   0x000000f8   Code   RO         8783    i.__kernel_poly     m_wm.l(poly.o)
    0x0800ac40   0x00000030   Code   RO         8761    i.__mathlib_dbl_divzero  m_wm.l(dunder.o)
    0x0800ac70   0x00000014   Code   RO         8763    i.__mathlib_dbl_infnan2  m_wm.l(dunder.o)
    0x0800ac84   0x00000004   PAD
    0x0800ac88   0x00000020   Code   RO         8764    i.__mathlib_dbl_invalid  m_wm.l(dunder.o)
    0x0800aca8   0x00000020   Code   RO         8765    i.__mathlib_dbl_overflow  m_wm.l(dunder.o)
    0x0800acc8   0x00000020   Code   RO         8767    i.__mathlib_dbl_underflow  m_wm.l(dunder.o)
    0x0800ace8   0x0000000e   Code   RO         8877    i.__scatterload_copy  mc_w.l(handlers.o)
    0x0800acf6   0x00000002   Code   RO         8878    i.__scatterload_null  mc_w.l(handlers.o)
    0x0800acf8   0x0000000e   Code   RO         8879    i.__scatterload_zeroinit  mc_w.l(handlers.o)
    0x0800ad06   0x00000002   PAD
    0x0800ad08   0x0000000c   Code   RO         8821    i.__set_errno       mc_w.l(errno.o)
    0x0800ad14   0x00000164   Code   RO         8716    i._fp_digits        mc_w.l(printfa.o)
    0x0800ae78   0x000006dc   Code   RO         8717    i._printf_core      mc_w.l(printfa.o)
    0x0800b554   0x00000024   Code   RO         8718    i._printf_post_padding  mc_w.l(printfa.o)
    0x0800b578   0x0000002e   Code   RO         8719    i._printf_pre_padding  mc_w.l(printfa.o)
    0x0800b5a6   0x0000000a   Code   RO         8721    i._sputc            mc_w.l(printfa.o)
    0x0800b5b0   0x00000130   Code   RO         6784    i.aws_iot_mqtt_connect  aws_iot_mqtt_embedded_client_wrapper.o
    0x0800b6e0   0x00000020   Code   RO         6785    i.aws_iot_mqtt_disconnect  aws_iot_mqtt_embedded_client_wrapper.o
    0x0800b700   0x00000040   Code   RO         6787    i.aws_iot_mqtt_publish  aws_iot_mqtt_embedded_client_wrapper.o
    0x0800b740   0x00000028   Code   RO         6788    i.aws_iot_mqtt_subscribe  aws_iot_mqtt_embedded_client_wrapper.o
    0x0800b768   0x0000001c   Code   RO         6790    i.aws_iot_mqtt_yield  aws_iot_mqtt_embedded_client_wrapper.o
    0x0800b784   0x00000d44   Code   RO          565    i.aws_main          aws_main.o
    0x0800c4c8   0x00000028   Code   RO         6282    i.bufchar           mqttpacket.o
    0x0800c4f0   0x00000016   Code   RO         6718    i.countdown         time_nucleo_wrapper.o
    0x0800c506   0x00000026   Code   RO         6719    i.countdown_ms      time_nucleo_wrapper.o
    0x0800c52c   0x0000003c   Code   RO         6720    i.create_global_timers  time_nucleo_wrapper.o
    0x0800c568   0x00000160   Code   RO         6522    i.cycle             mqttclient.o
    0x0800c6c8   0x0000002c   Code   RO          479    i.data_ind_wifi_socket_client_remote_server_closed  app_wifi_read.o
    0x0800c6f4   0x00000026   Code   RO          480    i.data_ind_wifi_socket_data_received  app_wifi_read.o
    0x0800c71a   0x0000006a   Code   RO         6523    i.decodePacket      mqttclient.o
    0x0800c784   0x000000b0   Code   RO         6524    i.deliverMessage    mqttclient.o
    0x0800c834   0x00000002   Code   RO          566    i.disconnectCallbackHandler  aws_main.o
    0x0800c836   0x0000000e   Code   RO         5964    i.empty             ring_buffer.o
    0x0800c844   0x0000000e   Code   RO         6043    i.event_empty       event_buffer.o
    0x0800c852   0x00000014   Code   RO         6044    i.event_full        event_buffer.o
    0x0800c866   0x00000002   PAD
    0x0800c868   0x0000001c   Code   RO         6045    i.event_init        event_buffer.o
    0x0800c884   0x0000001c   Code   RO         6721    i.expired           time_nucleo_wrapper.o
    0x0800c8a0   0x00000018   Code   RO         8777    i.fabs              m_wm.l(fabs.o)
    0x0800c8b8   0x0000000e   Code   RO          517    i.fputc             console.o
    0x0800c8c6   0x0000001c   Code   RO         6722    i.fsleep            time_nucleo_wrapper.o
    0x0800c8e2   0x00000012   Code   RO         5966    i.full              ring_buffer.o
    0x0800c8f4   0x00000018   Code   RO         6525    i.getNextPacketId   mqttclient.o
    0x0800c90c   0x00000002   Code   RO         5542    i.ind_socket_server_client_joined  wifi_module.o
    0x0800c90e   0x00000002   Code   RO         5543    i.ind_socket_server_client_left  wifi_module.o
    0x0800c910   0x00000002   Code   RO         5544    i.ind_wifi_ap_client_joined  wifi_module.o
    0x0800c912   0x00000002   Code   RO         5545    i.ind_wifi_ap_client_left  wifi_module.o
    0x0800c914   0x00000002   Code   RO         5546    i.ind_wifi_ap_ready  wifi_module.o
    0x0800c916   0x00000002   PAD
    0x0800c918   0x0000003c   Code   RO          396    i.ind_wifi_connected  wifi_main.o
    0x0800c954   0x00000002   Code   RO         5548    i.ind_wifi_connection_error  wifi_module.o
    0x0800c956   0x00000002   Code   RO         5549    i.ind_wifi_error    wifi_module.o
    0x0800c958   0x00000002   Code   RO         5550    i.ind_wifi_file_data_available  wifi_module.o
    0x0800c95a   0x00000002   Code   RO         5552    i.ind_wifi_http_data_available  wifi_module.o
    0x0800c95c   0x0000000c   Code   RO          397    i.ind_wifi_on       wifi_main.o
    0x0800c968   0x00000002   Code   RO         5554    i.ind_wifi_packet_lost  wifi_module.o
    0x0800c96a   0x00000002   PAD
    0x0800c96c   0x00000044   Code   RO          398    i.ind_wifi_resuming  wifi_main.o
    0x0800c9b0   0x00000014   Code   RO          399    i.ind_wifi_socket_client_remote_server_closed  wifi_main.o
    0x0800c9c4   0x00000020   Code   RO          400    i.ind_wifi_socket_data_received  wifi_main.o
    0x0800c9e4   0x00000002   Code   RO         5558    i.ind_wifi_socket_server_data_lost  wifi_module.o
    0x0800c9e6   0x00000002   Code   RO         5559    i.ind_wifi_warning  wifi_module.o
    0x0800c9e8   0x00000014   Code   RO         5967    i.init              ring_buffer.o
    0x0800c9fc   0x00000150   Code   RO         6645    i.iot_tls_connect   network_nucleo_wrapper.o
    0x0800cb4c   0x0000000c   Code   RO         6647    i.iot_tls_disconnect  network_nucleo_wrapper.o
    0x0800cb58   0x00000040   Code   RO         6648    i.iot_tls_init      network_nucleo_wrapper.o
    0x0800cb98   0x00000056   Code   RO         6649    i.iot_tls_read      network_nucleo_wrapper.o
    0x0800cbee   0x00000026   Code   RO         6650    i.iot_tls_write     network_nucleo_wrapper.o
    0x0800cc14   0x00000076   Code   RO         6526    i.isTopicMatched    mqttclient.o
    0x0800cc8a   0x00000010   Code   RO         5968    i.is_half_empty     ring_buffer.o
    0x0800cc9a   0x00000016   Code   RO         5969    i.is_half_full      ring_buffer.o
    0x0800ccb0   0x000000a0   Code   RO         6527    i.keepalive         mqttclient.o
    0x0800cd50   0x0000002e   Code   RO         6723    i.left_ms           time_nucleo_wrapper.o
    0x0800cd7e   0x00000002   PAD
    0x0800cd80   0x00000090   Code   RO            7    i.main              main.o
    0x0800ce10   0x00000018   Code   RO         4087    i.osDelay           cmsis_os.o
    0x0800ce28   0x0000000a   Code   RO         4090    i.osKernelStart     cmsis_os.o
    0x0800ce32   0x00000010   Code   RO         4119    i.osSystickHandler  cmsis_os.o
    0x0800ce42   0x00000002   PAD
    0x0800ce44   0x00000014   Code   RO         6791    i.pahoDisconnectHandler  aws_iot_mqtt_embedded_client_wrapper.o
    0x0800ce58   0x0000006c   Code   RO         6792    i.pahoMessageCallback  aws_iot_mqtt_embedded_client_wrapper.o
    0x0800cec4   0x00000012   Code   RO         6793    i.parseConnectParamsForError  aws_iot_mqtt_embedded_client_wrapper.o
    0x0800ced6   0x00000002   PAD
    0x0800ced8   0x00000150   Code   RO         5970    i.pop_buffer_queue  ring_buffer.o
    0x0800d028   0x00000088   Code   RO         6046    i.pop_eventbuffer_queue  event_buffer.o
    0x0800d0b0   0x00000054   Code   RO         4800    i.prvAddCurrentTaskToDelayedList  tasks.o
    0x0800d104   0x00000042   Code   RO         4801    i.prvAllocateTCBAndStack  tasks.o
    0x0800d146   0x00000002   PAD
    0x0800d148   0x00000080   Code   RO         5109    i.prvCheckForValidListAndQueue  timers.o
    0x0800d1c8   0x00000064   Code   RO         4802    i.prvCheckTasksWaitingTermination  tasks.o
    0x0800d22c   0x0000002a   Code   RO         4619    i.prvCopyDataFromQueue  queue.o
    0x0800d256   0x00000080   Code   RO         4620    i.prvCopyDataToQueue  queue.o
    0x0800d2d6   0x00000012   Code   RO         4803    i.prvDeleteTCB      tasks.o
    0x0800d2e8   0x00000028   Code   RO         5110    i.prvGetNextExpireTime  timers.o
    0x0800d310   0x0000007c   Code   RO         5219    i.prvHeapInit       heap_4.o
    0x0800d38c   0x00000028   Code   RO         4804    i.prvIdleTask       tasks.o
    0x0800d3b4   0x00000062   Code   RO         4805    i.prvInitialiseTCBVariables  tasks.o
    0x0800d416   0x00000002   PAD
    0x0800d418   0x00000068   Code   RO         4806    i.prvInitialiseTaskLists  tasks.o
    0x0800d480   0x00000068   Code   RO         5220    i.prvInsertBlockIntoFreeList  heap_4.o
    0x0800d4e8   0x00000058   Code   RO         5111    i.prvInsertTimerInActiveList  timers.o
    0x0800d540   0x0000001a   Code   RO         4621    i.prvIsQueueEmpty   queue.o
    0x0800d55a   0x0000001e   Code   RO         4622    i.prvIsQueueFull    queue.o
    0x0800d578   0x00000064   Code   RO         5112    i.prvProcessExpiredTimer  timers.o
    0x0800d5dc   0x000000f8   Code   RO         5113    i.prvProcessReceivedCommands  timers.o
    0x0800d6d4   0x0000005c   Code   RO         5114    i.prvProcessTimerOrBlockTask  timers.o
    0x0800d730   0x00000034   Code   RO         4808    i.prvResetNextTaskUnblockTime  tasks.o
    0x0800d764   0x0000002c   Code   RO         5115    i.prvSampleTimeNow  timers.o
    0x0800d790   0x000000a0   Code   RO         5116    i.prvSwitchTimerLists  timers.o
    0x0800d830   0x00000040   Code   RO         4412    i.prvTaskExitError  port.o
    0x0800d870   0x0000001a   Code   RO         5117    i.prvTimerTask      timers.o
    0x0800d88a   0x0000007e   Code   RO         4623    i.prvUnlockQueue    queue.o
    0x0800d908   0x00000036   Code   RO         5972    i.push_buffer       ring_buffer.o
    0x0800d93e   0x00000090   Code   RO         6047    i.push_eventbuffer  event_buffer.o
    0x0800d9ce   0x00000002   PAD
    0x0800d9d0   0x0000013c   Code   RO         5221    i.pvPortMalloc      heap_4.o
    0x0800db0c   0x00000020   Code   RO         4811    i.pvTaskIncrementMutexHeldCount  tasks.o
    0x0800db2c   0x00000028   Code   RO         4413    i.pxPortInitialiseStack  port.o
    0x0800db54   0x0000000e   Code   RO         6284    i.readChar          mqttpacket.o
    0x0800db62   0x0000001a   Code   RO         6285    i.readInt           mqttpacket.o
    0x0800db7c   0x0000003a   Code   RO         6286    i.readMQTTLenString  mqttpacket.o
    0x0800dbb6   0x00000096   Code   RO         6528    i.readPacket        mqttclient.o
    0x0800dc4c   0x0000001a   Code   RO         6048    i.reset_event       event_buffer.o
    0x0800dc66   0x0000003e   Code   RO         5973    i.rewind_buffer_queue  ring_buffer.o
    0x0800dca4   0x00000056   Code   RO         6529    i.sendPacket        mqttclient.o
    0x0800dcfa   0x00000004   Code   RO         6530    i.setDisconnectHandler  mqttclient.o
    0x0800dcfe   0x0000006e   Code   RO         8788    i.sqrt              m_wm.l(sqrt.o)
    0x0800dd6c   0x0000009c   Code   RO          401    i.time_get_time_from_time_server  wifi_main.o
    0x0800de08   0x00000048   Code   RO          402    i.time_ind_wifi_socket_client_remote_server_closed  wifi_main.o
    0x0800de50   0x00000058   Code   RO          403    i.time_ind_wifi_socket_data_received  wifi_main.o
    0x0800dea8   0x00000018   Code   RO          519    i.uartSendChar      console.o
    0x0800dec0   0x00000028   Code   RO         4583    i.uxListRemove      list.o
    0x0800dee8   0x0000001a   Code   RO         4584    i.vListInitialise   list.o
    0x0800df02   0x00000006   Code   RO         4585    i.vListInitialiseItem  list.o
    0x0800df08   0x00000034   Code   RO         4586    i.vListInsert       list.o
    0x0800df3c   0x00000018   Code   RO         4587    i.vListInsertEnd    list.o
    0x0800df54   0x00000054   Code   RO         4415    i.vPortEnterCritical  port.o
    0x0800dfa8   0x0000003c   Code   RO         4416    i.vPortExitCritical  port.o
    0x0800dfe4   0x00000094   Code   RO         5222    i.vPortFree         heap_4.o
    0x0800e078   0x00000020   Code   RO         4417    i.vPortSetupTimerInterrupt  port.o
    0x0800e098   0x00000078   Code   RO         4418    i.vPortValidateInterruptPriority  port.o
    0x0800e110   0x0000002c   Code   RO         4629    i.vQueueAddToRegistry  queue.o
    0x0800e13c   0x0000003a   Code   RO         4633    i.vQueueWaitForMessageRestricted  queue.o
    0x0800e176   0x00000002   PAD
    0x0800e178   0x0000008c   Code   RO         4819    i.vTaskDelay        tasks.o
    0x0800e204   0x0000000c   Code   RO         4822    i.vTaskMissedYield  tasks.o
    0x0800e210   0x0000007c   Code   RO         4824    i.vTaskPlaceOnEventList  tasks.o
    0x0800e28c   0x00000068   Code   RO         4825    i.vTaskPlaceOnEventListRestricted  tasks.o
    0x0800e2f4   0x000000b0   Code   RO         4827    i.vTaskPriorityInherit  tasks.o
    0x0800e3a4   0x00000030   Code   RO         4831    i.vTaskSetTimeOutState  tasks.o
    0x0800e3d4   0x0000007c   Code   RO         4832    i.vTaskStartScheduler  tasks.o
    0x0800e450   0x00000010   Code   RO         4834    i.vTaskSuspendAll   tasks.o
    0x0800e460   0x0000008c   Code   RO         4835    i.vTaskSwitchContext  tasks.o
    0x0800e4ec   0x00000002   Code   RO         6724    i.vTimerCallback    time_nucleo_wrapper.o
    0x0800e4ee   0x00000002   PAD
    0x0800e4f0   0x00000010   Code   RO         5274    i.wait_for_command_mode  wifi_interface.o
    0x0800e500   0x00000030   Code   RO         6531    i.waitfor           mqttclient.o
    0x0800e530   0x000000ac   Code   RO         5277    i.wifi_connect      wifi_interface.o
    0x0800e5dc   0x000004e8   Code   RO         5292    i.wifi_init         wifi_interface.o
    0x0800eac4   0x00000200   Code   RO          404    i.wifi_main         wifi_main.o
    0x0800ecc4   0x000000b4   Code   RO         5562    i.wifi_reset        wifi_module.o
    0x0800ed78   0x00000020   Code   RO         5295    i.wifi_socket_client_close  wifi_interface.o
    0x0800ed98   0x00000034   Code   RO         5296    i.wifi_socket_client_open  wifi_interface.o
    0x0800edcc   0x00000220   Code   RO         5297    i.wifi_socket_client_security  wifi_interface.o
    0x0800efec   0x00000040   Code   RO         5298    i.wifi_socket_client_write  wifi_interface.o
    0x0800f02c   0x00000064   Code   RO         5303    i.wifi_wakeup       wifi_interface.o
    0x0800f090   0x00000028   Code   RO         6287    i.writeCString      mqttpacket.o
    0x0800f0b8   0x0000000c   Code   RO         6288    i.writeChar         mqttpacket.o
    0x0800f0c4   0x00000030   Code   RO         6289    i.writeInt          mqttpacket.o
    0x0800f0f4   0x0000003e   Code   RO         6290    i.writeMQTTString   mqttpacket.o
    0x0800f132   0x00000002   PAD
    0x0800f134   0x0000013c   Code   RO         4419    i.xPortStartScheduler  port.o
    0x0800f270   0x00000034   Code   RO         4420    i.xPortSysTickHandler  port.o
    0x0800f2a4   0x0000008c   Code   RO         4636    i.xQueueGenericCreate  queue.o
    0x0800f330   0x000001ac   Code   RO         4637    i.xQueueGenericReceive  queue.o
    0x0800f4dc   0x00000094   Code   RO         4638    i.xQueueGenericReset  queue.o
    0x0800f570   0x000001a0   Code   RO         4639    i.xQueueGenericSend  queue.o
    0x0800f710   0x000000f0   Code   RO         4640    i.xQueueGenericSendFromISR  queue.o
    0x0800f800   0x0000008c   Code   RO         4836    i.xTaskCheckForTimeOut  tasks.o
    0x0800f88c   0x00000170   Code   RO         4837    i.xTaskGenericCreate  tasks.o
    0x0800f9fc   0x00000020   Code   RO         4840    i.xTaskGetSchedulerState  tasks.o
    0x0800fa1c   0x0000000c   Code   RO         4841    i.xTaskGetTickCount  tasks.o
    0x0800fa28   0x0000014c   Code   RO         4843    i.xTaskIncrementTick  tasks.o
    0x0800fb74   0x000000c8   Code   RO         4846    i.xTaskPriorityDisinherit  tasks.o
    0x0800fc3c   0x00000098   Code   RO         4847    i.xTaskRemoveFromEventList  tasks.o
    0x0800fcd4   0x00000104   Code   RO         4849    i.xTaskResumeAll    tasks.o
    0x0800fdd8   0x0000005e   Code   RO         5120    i.xTimerCreate      timers.o
    0x0800fe36   0x00000002   PAD
    0x0800fe38   0x00000058   Code   RO         5121    i.xTimerCreateTimerTask  timers.o
    0x0800fe90   0x0000006c   Code   RO         5122    i.xTimerGenericCommand  timers.o
    0x0800fefc   0x00000020   Code   RO         5123    i.xTimerIsTimerActive  timers.o
    0x0800ff1c   0x0000002e   Code   RO         5124    i.xTimerLeftMs      timers.o
    0x0800ff4a   0x0000000f   Data   RO          568    .constdata          aws_main.o
    0x0800ff59   0x00000010   Data   RO         1859    .constdata          stm32f4xx_hal_rcc.o
    0x0800ff69   0x00000001   PAD
    0x0800ff6a   0x00000005   Data   RO         3937    .constdata          stm32f4xx_nucleo.o
    0x0800ff6f   0x00000001   PAD
    0x0800ff70   0x00000058   Data   RO         6532    .constdata          mqttclient.o
    0x0800ffc8   0x00000038   Data   RO         6651    .constdata          network_nucleo_wrapper.o
    0x08010000   0x000000f0   Data   RO         6795    .constdata          aws_iot_mqtt_embedded_client_wrapper.o
    0x080100f0   0x00000088   Data   RO         8437    .constdata          m_wm.l(pow.o)
    0x08010178   0x00000008   Data   RO         8785    .constdata          m_wm.l(qnan.o)
    0x08010180   0x00000028   Data   RO          406    .conststring        wifi_main.o
    0x080101a8   0x00000269   Data   RO          569    .conststring        aws_main.o
    0x08010411   0x00000003   PAD
    0x08010414   0x0000002b   Data   RO         6796    .conststring        aws_iot_mqtt_embedded_client_wrapper.o
    0x0801043f   0x00000001   PAD
    0x08010440   0x00000020   Data   RO         8875    Region$$Table       anon$$obj.o


    Execution Region RW_IRAM1 (Base: 0x20000000, Size: 0x00009188, Max: 0x00018000, ABSOLUTE, COMPRESSED[0x00000b50])

    Base Addr    Size         Type   Attr      Idx    E Section Name        Object

    0x20000000   0x00000004   Data   RW          365    .data               user_button.o
    0x20000004   0x00000024   Data   RW          407    .data               wifi_main.o
    0x20000028   0x00000009   Data   RW          482    .data               app_wifi_read.o
    0x20000031   0x00000003   PAD
    0x20000034   0x00000176   Data   RW          570    .data               aws_main.o
    0x200001aa   0x00000002   PAD
    0x200001ac   0x00000004   Data   RW          703    .data               system_stm32f4xx.o
    0x200001b0   0x00000004   Data   RW          755    .data               stm32f4xx_hal.o
    0x200001b4   0x00000004   Data   RW         3847    .data               stm32_spwf_wifi.o
    0x200001b8   0x0000000c   Data   RW         3938    .data               stm32f4xx_nucleo.o
    0x200001c4   0x0000000c   Data   RW         4421    .data               port.o
    0x200001d0   0x00000038   Data   RW         4852    .data               tasks.o
    0x20000208   0x00000010   Data   RW         5126    .data               timers.o
    0x20000218   0x00000018   Data   RW         5227    .data               heap_4.o
    0x20000230   0x0000012a   Data   RW         5564    .data               wifi_module.o
    0x2000035a   0x00000002   PAD
    0x2000035c   0x00000004   Data   RW         6291    .data               mqttpacket.o
    0x20000360   0x00000004   Data   RW         6726    .data               time_nucleo_wrapper.o
    0x20000364   0x00000005   Data   RW         6797    .data               aws_iot_mqtt_embedded_client_wrapper.o
    0x20000369   0x00000be0   Data   RW         6866    .data               aws_nucleo_certificates.o
    0x20000f49   0x00000003   PAD
    0x20000f4c   0x00000005   Data   RW         7365    .data               x_nucleo_iks01a1_hum_temp.o
    0x20000f51   0x00000003   PAD
    0x20000f54   0x00000004   Data   RW         7467    .data               x_nucleo_iks01a1.o
    0x20000f58   0x00000006   Data   RW         7681    .data               x_nucleo_iks01a1_pressure.o
    0x20000f5e   0x00000002   PAD
    0x20000f60   0x00000006   Data   RW         7758    .data               x_nucleo_iks01a1_imu_6axes.o
    0x20000f66   0x00000002   PAD
    0x20000f68   0x00000005   Data   RW         7900    .data               x_nucleo_iks01a1_magneto.o
    0x20000f6d   0x00000003   PAD
    0x20000f70   0x00000050   Data   RW         7985    .data               hts221.o
    0x20000fc0   0x0000003d   Data   RW         8039    .data               lps25h.o
    0x20000ffd   0x00000003   PAD
    0x20001000   0x0000003d   Data   RW         8101    .data               lps25hb.o
    0x2000103d   0x00000003   PAD
    0x20001040   0x00000030   Data   RW         8162    .data               lis3mdl.o
    0x20001070   0x0000004c   Data   RW         8228    .data               lsm6ds0.o
    0x200010bc   0x00000058   Data   RW         8334    .data               lsm6ds3.o
    0x20001114   0x00000004   Data   RW         8453    .data               mc_w.l(stdout.o)
    0x20001118   0x00000004   Data   RW         8822    .data               mc_w.l(errno.o)
    0x2000111c   0x00000034   Zero   RW          405    .bss                wifi_main.o
    0x20001150   0x00000400   Zero   RW          481    .bss                app_wifi_read.o
    0x20001550   0x00000024   Zero   RW          567    .bss                aws_main.o
    0x20001574   0x00000078   Zero   RW         3846    .bss                stm32_spwf_wifi.o
    0x200015ec   0x00000040   Zero   RW         4648    .bss                queue.o
    0x2000162c   0x000000f0   Zero   RW         4851    .bss                tasks.o
    0x2000171c   0x00000028   Zero   RW         5125    .bss                timers.o
    0x20001744   0x00003c00   Zero   RW         5226    .bss                heap_4.o
    0x20005344   0x0000190c   Zero   RW         5563    .bss                wifi_module.o
    0x20006c50   0x00000078   Zero   RW         6725    .bss                time_nucleo_wrapper.o
    0x20006cc8   0x00000480   Zero   RW         6794    .bss                aws_iot_mqtt_embedded_client_wrapper.o
    0x20007148   0x0000003c   Zero   RW         7466    .bss                x_nucleo_iks01a1.o
    0x20007184   0x00000004   PAD
    0x20007188   0x00002000   Zero   RW          690    STACK               startup_stm32f401xe.o


==============================================================================

Image component sizes


      Code (inc. data)   RO Data    RW Data    ZI Data      Debug   Object Name

       214         56          0          9       1024       3725   app_wifi_read.o
       614         68        283          5       1152      13045   aws_iot_mqtt_embedded_client_wrapper.o
      3482        880        632        374         36      14592   aws_main.o
         0          0          0       3040          0       1073   aws_nucleo_certificates.o
        50          0          0          0          0      12329   cmsis_os.o
        38          4          0          0          0       1231   console.o
       368         12          0          0          0       6748   event_buffer.o
         0          0          0          0          0       1472   event_groups.o
       692         62          0         24      15360       5415   heap_4.o
      1546        106          0         80          0       7868   hts221.o
      1322         62          0         48          0       8432   lis3mdl.o
       148          0          0          0          0       4198   list.o
       700         48          0         61          0       8202   lps25h.o
       700         48          0         61          0       8265   lps25hb.o
      2380        168          0         76          0      16024   lsm6ds0.o
      3522        220          0         88          0      29244   lsm6ds3.o
       558         74          0          0          0     287781   main.o
      2146         54         88          0          0      21369   mqttclient.o
       708         18          0          0          0       9308   mqttconnectclient.o
       276          0          0          0          0       3228   mqttdeserializepublish.o
       600         18          0          4          0      12856   mqttpacket.o
       324          0          0          0          0       3326   mqttserializepublish.o
       368          0          0          0          0       4107   mqttsubscribeclient.o
       536        202         56          0          0       5077   network_nucleo_wrapper.o
       954         90          0         12          0      19313   port.o
      1826         18          0          0         64      14989   queue.o
       542         18          0          0          0       7323   ring_buffer.o
        36          8        404          0       8192       1028   startup_stm32f401xe.o
       796         78          0          4        120       6722   stm32_spwf_wifi.o
       124         28          0          0          0      12989   stm32_xx_it.o
       152         16          0          4          0       5496   stm32f4xx_hal.o
       366         28          0          0          0      32747   stm32f4xx_hal_cortex.o
       816         66          0          0          0       4393   stm32f4xx_hal_gpio.o
      2026         36          0          0          0      11168   stm32f4xx_hal_i2c.o
      2040         66         16          0          0       6815   stm32f4xx_hal_rcc.o
       420         20          0          0          0       1600   stm32f4xx_hal_rcc_ex.o
       672         28          0          0          0       6615   stm32f4xx_hal_tim.o
         4          0          0          0          0       1902   stm32f4xx_hal_tim_ex.o
      1888         20          0          0          0       9594   stm32f4xx_hal_uart.o
       188         30          5         12          0       3143   stm32f4xx_nucleo.o
       100         18          0          4          0       1649   system_stm32f4xx.o
      2974        386          0         56        240      26792   tasks.o
       352         30          0          4        120       9005   time_nucleo_wrapper.o
      1294        104          0         16         40      19811   timers.o
        24          0          0          4          0       1812   user_button.o
      2516        766          0          0          0      12066   wifi_interface.o
      1020        588         40         36         52       7730   wifi_main.o
     11384       2412          0        298       6412      48674   wifi_module.o
      1318         58          0          4         60      33086   x_nucleo_iks01a1.o
       212         26          0          5          0       3309   x_nucleo_iks01a1_hum_temp.o
       624         54          0          6          0       4452   x_nucleo_iks01a1_imu_6axes.o
       196         22          0          5          0       2495   x_nucleo_iks01a1_magneto.o
       480         36          0          6          0       3577   x_nucleo_iks01a1_pressure.o

    ----------------------------------------------------------------------
     56710       7150       1562       4372      32876     809210   Object Totals
         0          0         32          0          0          0   (incl. Generated)
        74          0          6         26          4          0   (incl. Padding)

    ----------------------------------------------------------------------

      Code (inc. data)   RO Data    RW Data    ZI Data      Debug   Library Member Name

       164         44          0          0          0        620   dunder.o
        24          0          0          0          0        124   fabs.o
        48          0          0          0          0        124   fpclassify.o
       248          0          0          0          0        152   poly.o
      3152        296        136          0          0        352   pow.o
         0          0          8          0          0          0   qnan.o
       110          0          0          0          0        148   sqrt.o
        94          0          0          0          0          0   __dclz77c.o
         0          0          0          0          0          0   entry.o
         0          0          0          0          0          0   entry10a.o
         0          0          0          0          0          0   entry11a.o
         8          4          0          0          0          0   entry2.o
         4          0          0          0          0          0   entry5.o
         0          0          0          0          0          0   entry7b.o
         0          0          0          0          0          0   entry8b.o
         8          4          0          0          0          0   entry9a.o
        12          6          0          4          0         68   errno.o
        30          0          0          0          0          0   handlers.o
        36          8          0          0          0         68   init.o
         0          0          0          0          0          0   iusefp.o
        30          0          0          0          0         68   llshl.o
        36          0          0          0          0         68   llsshr.o
        32          0          0          0          0         68   llushr.o
        36          0          0          0          0         68   memcpya.o
        36          0          0          0          0        108   memseta.o
      2276         96          0          0          0        596   printfa.o
         0          0          0          4          0          0   stdout.o
        14          0          0          0          0         68   strlen.o
        30          0          0          0          0         80   strncmp.o
        36          0          0          0          0         80   strstr.o
        44          0          0          0          0         80   uidiv.o
        98          0          0          0          0         92   uldiv.o
        48          0          0          0          0         68   cdrcmple.o
        56          0          0          0          0         88   d2f.o
       334          0          0          0          0        148   dadd.o
       222          0          0          0          0        100   ddiv.o
       186          0          0          0          0        176   depilogue.o
        62          0          0          0          0         80   dfixi.o
        50          0          0          0          0         76   dfixui.o
        48          0          0          0          0         68   dfixul.o
        34          0          0          0          0         76   dflti.o
       228          0          0          0          0         96   dmul.o
        46          0          0          0          0         80   dscalb.o
       162          0          0          0          0        100   dsqrt.o
        38          0          0          0          0         68   f2d.o
       110          0          0          0          0        168   fepilogue.o

    ----------------------------------------------------------------------
      8240        458        144          8          0       4424   Library Totals
        10          0          0          0          0          0   (incl. Padding)

    ----------------------------------------------------------------------

      Code (inc. data)   RO Data    RW Data    ZI Data      Debug   Library Name

      3746        340        144          0          0       1520   m_wm.l
      2860        118          0          8          0       1512   mc_w.l
      1624          0          0          0          0       1392   mf_w.l

    ----------------------------------------------------------------------
      8240        458        144          8          0       4424   Library Totals

    ----------------------------------------------------------------------

==============================================================================


      Code (inc. data)   RO Data    RW Data    ZI Data      Debug   

     64950       7608       1706       4380      32876     767658   Grand Totals
     64950       7608       1706       2896      32876     767658   ELF Image Totals (compressed)
     64950       7608       1706       2896          0          0   ROM Totals

==============================================================================

    Total RO  Size (Code + RO Data)                66656 (  65.09kB)
    Total RW  Size (RW Data + ZI Data)             37256 (  36.38kB)
    Total ROM Size (Code + RO Data + RW Data)      69552 (  67.92kB)

==============================================================================

