Component: ARM Compiler 5.06 update 4 (build 422) Tool: armlink [4d35d2]

==============================================================================

Section Cross References

    main.o(i.AwsIotTask) refers to time_nucleo_wrapper.o(i.create_global_timers) for create_global_timers
    main.o(i.AwsIotTask) refers to cmsis_os.o(i.osDelay) for osDelay
    main.o(i.AwsIotTask) refers to aws_main.o(i.aws_main) for aws_main
    main.o(i.MX_GPIO_Init) refers to stm32f4xx_hal_gpio.o(i.HAL_GPIO_Init) for HAL_GPIO_Init
    main.o(i.SystemClock_Config) refers to stm32f4xx_hal_rcc.o(i.HAL_RCC_OscConfig) for HAL_RCC_OscConfig
    main.o(i.SystemClock_Config) refers to stm32f4xx_hal_rcc.o(i.HAL_RCC_ClockConfig) for HAL_RCC_ClockConfig
    main.o(i.SystemClock_Config) refers to stm32f4xx_hal_rcc_ex.o(i.HAL_RCCEx_PeriphCLKConfig) for HAL_RCCEx_PeriphCLKConfig
    main.o(i.SystemClock_Config) refers to stm32f4xx_hal_rcc.o(i.HAL_RCC_GetHCLKFreq) for HAL_RCC_GetHCLKFreq
    main.o(i.SystemClock_Config) refers to stm32f4xx_hal_cortex.o(i.HAL_SYSTICK_Config) for HAL_SYSTICK_Config
    main.o(i.SystemClock_Config) refers to stm32f4xx_hal_cortex.o(i.HAL_SYSTICK_CLKSourceConfig) for HAL_SYSTICK_CLKSourceConfig
    main.o(i.main) refers to stm32f4xx_hal.o(i.HAL_Init) for HAL_Init
    main.o(i.main) refers to main.o(i.SystemClock_Config) for SystemClock_Config
    main.o(i.main) refers to main.o(i.MX_GPIO_Init) for MX_GPIO_Init
    main.o(i.main) refers to stm32_spwf_wifi.o(i.UART_Configuration) for UART_Configuration
    main.o(i.main) refers to stm32_spwf_wifi.o(i.UART_Msg_Gpio_Init) for UART_Msg_Gpio_Init
    main.o(i.main) refers to stm32_spwf_wifi.o(i.USART_PRINT_MSG_Configuration) for USART_PRINT_MSG_Configuration
    main.o(i.main) refers to wifi_main.o(i.wifi_main) for wifi_main
    main.o(i.main) refers to stm32f4xx_hal.o(i.HAL_Delay) for HAL_Delay
    main.o(i.main) refers to x_nucleo_iks01a1_hum_temp.o(i.BSP_HUM_TEMP_Init) for BSP_HUM_TEMP_Init
    main.o(i.main) refers to printfa.o(i.__0printf) for __2printf
    main.o(i.main) refers to user_button.o(i.UserButton_Init) for UserButton_Init
    main.o(i.main) refers to tasks.o(i.xTaskGenericCreate) for xTaskGenericCreate
    main.o(i.main) refers to cmsis_os.o(i.osKernelStart) for osKernelStart
    main.o(i.main) refers to main.o(i.AwsIotTask) for AwsIotTask
    stm32_xx_it.o(i.HAL_GPIO_EXTI_Callback) refers to user_button.o(.data) for BpushButtonState
    stm32_xx_it.o(i.HAL_TIM_PeriodElapsedCallback) refers to wifi_module.o(i.Wifi_TIM_Handler) for Wifi_TIM_Handler
    stm32_xx_it.o(i.SysTick_Handler) refers to stm32f4xx_hal.o(i.HAL_IncTick) for HAL_IncTick
    stm32_xx_it.o(i.SysTick_Handler) refers to cmsis_os.o(i.osSystickHandler) for osSystickHandler
    stm32_xx_it.o(i.SysTick_Handler) refers to wifi_module.o(i.Wifi_SysTick_Isr) for Wifi_SysTick_Isr
    stm32_xx_it.o(i.TIM2_IRQHandler) refers to stm32f4xx_hal_tim.o(i.HAL_TIM_IRQHandler) for HAL_TIM_IRQHandler
    stm32_xx_it.o(i.TIM2_IRQHandler) refers to stm32_spwf_wifi.o(.bss) for PushTimHandle
    stm32_xx_it.o(i.TIM3_IRQHandler) refers to stm32f4xx_hal_tim.o(i.HAL_TIM_IRQHandler) for HAL_TIM_IRQHandler
    stm32_xx_it.o(i.TIM3_IRQHandler) refers to stm32_spwf_wifi.o(.bss) for TimHandle
    stm32_xx_it.o(i.USART1_IRQHandler) refers to stm32f4xx_hal_uart.o(i.HAL_UART_IRQHandler) for HAL_UART_IRQHandler
    stm32_xx_it.o(i.USART1_IRQHandler) refers to wifi_module.o(.bss) for UartWiFiHandle
    stm32_xx_it.o(i.USART2_IRQHandler) refers to stm32f4xx_hal_uart.o(i.HAL_UART_IRQHandler) for HAL_UART_IRQHandler
    stm32_xx_it.o(i.USART2_IRQHandler) refers to wifi_module.o(.bss) for UartMsgHandle
    user_button.o(i.EXTI15_10_IRQHandler) refers to stm32f4xx_hal_gpio.o(i.HAL_GPIO_EXTI_IRQHandler) for HAL_GPIO_EXTI_IRQHandler
    user_button.o(i.UserButton_Init) refers to stm32f4xx_nucleo.o(i.BSP_PB_Init) for BSP_PB_Init
    wifi_main.o(i.ind_wifi_connected) refers to printfa.o(i.__0printf) for __2printf
    wifi_main.o(i.ind_wifi_connected) refers to wifi_main.o(.data) for ssid
    wifi_main.o(i.ind_wifi_connection_error) refers to printfa.o(i.__0printf) for __2printf
    wifi_main.o(i.ind_wifi_connection_error) refers to wifi_main.o(i.wifi_print_satatus) for wifi_print_satatus
    wifi_main.o(i.ind_wifi_error) refers to wifi_main.o(i.wifi_print_satatus) for wifi_print_satatus
    wifi_main.o(i.ind_wifi_on) refers to wifi_main.o(.data) for wifi_state
    wifi_main.o(i.ind_wifi_resuming) refers to printfa.o(i.__0printf) for __2printf
    wifi_main.o(i.ind_wifi_resuming) refers to wifi_main.o(.data) for wifi_state
    wifi_main.o(i.ind_wifi_socket_client_remote_server_closed) refers to wifi_main.o(.data) for p_ind_wifi_socket_client_remote_server_closed
    wifi_main.o(i.ind_wifi_socket_data_received) refers to wifi_main.o(.data) for p_ind_wifi_socket_data_received
    wifi_main.o(i.ind_wifi_warning) refers to wifi_main.o(i.wifi_print_satatus) for wifi_print_satatus
[...]
    vPortEnterCritical                       0x0800db25   Thumb Code    76  port.o(i.vPortEnterCritical)
    vPortExitCritical                        0x0800db79   Thumb Code    56  port.o(i.vPortExitCritical)
    vPortFree                                0x0800dbb5   Thumb Code   140  heap_4.o(i.vPortFree)
    vPortSetupTimerInterrupt                 0x0800dc49   Thumb Code    26  port.o(i.vPortSetupTimerInterrupt)
    vPortValidateInterruptPriority           0x0800dc69   Thumb Code   106  port.o(i.vPortValidateInterruptPriority)
    vQueueAddToRegistry                      0x0800dce1   Thumb Code    38  queue.o(i.vQueueAddToRegistry)
    vQueueWaitForMessageRestricted           0x0800dd0d   Thumb Code    58  queue.o(i.vQueueWaitForMessageRestricted)
    vTaskDelay                               0x0800dd49   Thumb Code   120  tasks.o(i.vTaskDelay)
    vTaskMissedYield                         0x0800ddd5   Thumb Code     8  tasks.o(i.vTaskMissedYield)
    vTaskPlaceOnEventList                    0x0800dde1   Thumb Code   108  tasks.o(i.vTaskPlaceOnEventList)
    vTaskPlaceOnEventListRestricted          0x0800de5d   Thumb Code    90  tasks.o(i.vTaskPlaceOnEventListRestricted)
    vTaskPriorityInherit                     0x0800dec5   Thumb Code   164  tasks.o(i.vTaskPriorityInherit)
    vTaskSetTimeOutState                     0x0800df75   Thumb Code    38  tasks.o(i.vTaskSetTimeOutState)
    vTaskStartScheduler                      0x0800dfa5   Thumb Code   102  tasks.o(i.vTaskStartScheduler)
    vTaskSuspendAll                          0x0800e021   Thumb Code    12  tasks.o(i.vTaskSuspendAll)
    vTaskSwitchContext                       0x0800e031   Thumb Code   118  tasks.o(i.vTaskSwitchContext)
    vTimerCallback                           0x0800e0bd   Thumb Code     2  time_nucleo_wrapper.o(i.vTimerCallback)
    wait_for_command_mode                    0x0800e0c1   Thumb Code    12  wifi_interface.o(i.wait_for_command_mode)
    waitfor                                  0x0800e0d1   Thumb Code    48  mqttclient.o(i.waitfor)
    wifi_connect                             0x0800e101   Thumb Code   132  wifi_interface.o(i.wifi_connect)
    wifi_init                                0x0800e1ad   Thumb Code   834  wifi_interface.o(i.wifi_init)
    wifi_main                                0x0800e695   Thumb Code   240  wifi_main.o(i.wifi_main)
    wifi_print_satatus                       0x0800e8a5   Thumb Code   332  wifi_main.o(i.wifi_print_satatus)
    wifi_reset                               0x0800ed91   Thumb Code   156  wifi_module.o(i.wifi_reset)
    wifi_socket_client_close                 0x0800ee45   Thumb Code    26  wifi_interface.o(i.wifi_socket_client_close)
    wifi_socket_client_open                  0x0800ee65   Thumb Code    46  wifi_interface.o(i.wifi_socket_client_open)
    wifi_socket_client_security              0x0800ee99   Thumb Code   374  wifi_interface.o(i.wifi_socket_client_security)
    wifi_socket_client_write                 0x0800f0b9   Thumb Code    60  wifi_interface.o(i.wifi_socket_client_write)
    wifi_wakeup                              0x0800f0f9   Thumb Code    88  wifi_interface.o(i.wifi_wakeup)
    writeCString                             0x0800f15d   Thumb Code    40  mqttpacket.o(i.writeCString)
    writeChar                                0x0800f185   Thumb Code    12  mqttpacket.o(i.writeChar)
    writeInt                                 0x0800f191   Thumb Code    48  mqttpacket.o(i.writeInt)
    writeMQTTString                          0x0800f1c1   Thumb Code    62  mqttpacket.o(i.writeMQTTString)
    xPortStartScheduler                      0x0800f201   Thumb Code   288  port.o(i.xPortStartScheduler)
    xPortSysTickHandler                      0x0800f33d   Thumb Code    48  port.o(i.xPortSysTickHandler)
    xQueueGenericCreate                      0x0800f371   Thumb Code   140  queue.o(i.xQueueGenericCreate)
    xQueueGenericReceive                     0x0800f3fd   Thumb Code   424  queue.o(i.xQueueGenericReceive)
    xQueueGenericReset                       0x0800f5a9   Thumb Code   144  queue.o(i.xQueueGenericReset)
    xQueueGenericSend                        0x0800f63d   Thumb Code   412  queue.o(i.xQueueGenericSend)
    xQueueGenericSendFromISR                 0x0800f7dd   Thumb Code   240  queue.o(i.xQueueGenericSendFromISR)
    xTaskCheckForTimeOut                     0x0800f8cd   Thumb Code   132  tasks.o(i.xTaskCheckForTimeOut)
    xTaskGenericCreate                       0x0800f959   Thumb Code   340  tasks.o(i.xTaskGenericCreate)
    xTaskGetSchedulerState                   0x0800fac9   Thumb Code    24  tasks.o(i.xTaskGetSchedulerState)
    xTaskGetTickCount                        0x0800fae9   Thumb Code     6  tasks.o(i.xTaskGetTickCount)
    xTaskIncrementTick                       0x0800faf5   Thumb Code   286  tasks.o(i.xTaskIncrementTick)
    xTaskPriorityDisinherit                  0x0800fc41   Thumb Code   188  tasks.o(i.xTaskPriorityDisinherit)
    xTaskRemoveFromEventList                 0x0800fd09   Thumb Code   128  tasks.o(i.xTaskRemoveFromEventList)
    xTaskResumeAll                           0x0800fda1   Thumb Code   224  tasks.o(i.xTaskResumeAll)
    xTimerCreate                             0x0800fea5   Thumb Code    94  timers.o(i.xTimerCreate)
    xTimerCreateTimerTask                    0x0800ff05   Thumb Code    72  timers.o(i.xTimerCreateTimerTask)
    xTimerGenericCommand                     0x0800ff5d   Thumb Code   102  timers.o(i.xTimerGenericCommand)
    xTimerIsTimerActive                      0x0800ffc9   Thumb Code    32  timers.o(i.xTimerIsTimerActive)
    xTimerLeftMs                             0x0800ffe9   Thumb Code    46  timers.o(i.xTimerLeftMs)
    APBAHBPrescTable                         0x08010025   Data          16  stm32f4xx_hal_rcc.o(.constdata)
    GPIO_PIN                                 0x08010036   Data           2  stm32f4xx_nucleo.o(.constdata)
    BUTTON_PIN                               0x08010038   Data           2  stm32f4xx_nucleo.o(.constdata)
    BUTTON_IRQn                              0x0801003a   Data           1  stm32f4xx_nucleo.o(.constdata)
    MQTTConnectParamsDefault                 0x080100cc   Data          68  aws_iot_mqtt_embedded_client_wrapper.o(.constdata)
    MQTTPublishParamsDefault                 0x08010110   Data          20  aws_iot_mqtt_embedded_client_wrapper.o(.constdata)
    MQTTSubscribeParamsDefault               0x08010124   Data          12  aws_iot_mqtt_embedded_client_wrapper.o(.constdata)
    MQTTCallbackParamsDefault                0x08010130   Data          24  aws_iot_mqtt_embedded_client_wrapper.o(.constdata)
    MQTTMessageParamsDefault                 0x08010148   Data          16  aws_iot_mqtt_embedded_client_wrapper.o(.constdata)
    MQTTwillOptionsDefault                   0x08010158   Data          12  aws_iot_mqtt_embedded_client_wrapper.o(.constdata)
    __mathlib_zero                           0x08010248   Data           8  qnan.o(.constdata)
    Region$$Table$$Base                      0x080103e4   Number         0  anon$$obj.o(Region$$Table)
    Region$$Table$$Limit                     0x08010404   Number         0  anon$$obj.o(Region$$Table)
    BpushButtonState                         0x20000000   Data           4  user_button.o(.data)
    ssid                                     0x20000004   Data           4  wifi_main.o(.data)
    seckey                                   0x20000008   Data           4  wifi_main.o(.data)
    p_ind_wifi_socket_data_received          0x2000000c   Data           4  wifi_main.o(.data)
    p_ind_wifi_socket_client_remote_server_closed 0x20000010   Data           4  wifi_main.o(.data)
    last_ticks                               0x20000018   Data           4  wifi_main.o(.data)
    wifi_state                               0x2000001c   Data           1  wifi_main.o(.data)
    mode                                     0x2000001d   Data           1  wifi_main.o(.data)
    data_arrived_on_socket                   0x20000020   Data           4  wifi_main.o(.data)
    ntp_server                               0x20000024   Data           4  wifi_main.o(.data)
    bufferReadOut                            0x20000028   Data           4  app_wifi_read.o(.data)
    bufferReadIn                             0x2000002c   Data           4  app_wifi_read.o(.data)
    bufferReadError                          0x20000030   Data           1  app_wifi_read.o(.data)
    optarg                                   0x20000034   Data           4  aws_main.o(.data)
    optind                                   0x20000038   Data           4  aws_main.o(.data)
    opterr                                   0x2000003c   Data           4  aws_main.o(.data)
    optopt                                   0x20000040   Data           4  aws_main.o(.data)
    HostAddress                              0x20000044   Data         255  aws_main.o(.data)
    port                                     0x20000144   Data           4  aws_main.o(.data)
    Temperature                              0x20000148   Data           4  aws_main.o(.data)
    Humidity                                 0x2000014c   Data           4  aws_main.o(.data)
    Pressure                                 0x20000150   Data           4  aws_main.o(.data)
    cafileName                               0x20000154   Data          23  aws_main.o(.data)
    clientCRTName                            0x2000016b   Data          31  aws_main.o(.data)
    clientKeyName                            0x2000018a   Data          27  aws_main.o(.data)
    SystemCoreClock                          0x200001a8   Data           4  system_stm32f4xx.o(.data)
    uwPrescalerValue                         0x200001b0   Data           4  stm32_spwf_wifi.o(.data)
    GPIO_PORT                                0x200001b4   Data           4  stm32f4xx_nucleo.o(.data)
    BUTTON_PORT                              0x200001b8   Data           4  stm32f4xx_nucleo.o(.data)
    SpixTimeout                              0x200001bc   Data           4  stm32f4xx_nucleo.o(.data)
    pxCurrentTCB                             0x200001cc   Data           4  tasks.o(.data)
    uart_byte                                0x2000022c   Data           1  wifi_module.o(.data)
    HTTP_Runway_Buff                         0x2000022d   Data           6  wifi_module.o(.data)
    wifi_scanned_list                        0x20000234   Data           4  wifi_module.o(.data)
    packet_sent                              0x20000238   Data           4  wifi_module.o(.data)
    WiFi_Connected                           0x2000023c   Data           1  wifi_module.o(.data)
    IsBuffer1Full                            0x2000023d   Data           1  wifi_module.o(.data)
    IsBuffer2Full                            0x2000023e   Data           1  wifi_module.o(.data)
    uTimeOut                                 0x2000023f   Data           1  wifi_module.o(.data)
    UartReady                                0x20000240   Data           1  wifi_module.o(.data)
    Uart2Ready                               0x20000241   Data           1  wifi_module.o(.data)
    TxUartReady                              0x20000242   Data           1  wifi_module.o(.data)
    USART2_MesgReadyBit                      0x20000243   Data           1  wifi_module.o(.data)
    Received_HTTPResponce                    0x20000244   Data           1  wifi_module.o(.data)
    Single_Digit_Indication                  0x20000245   Data           1  wifi_module.o(.data)
    WiFi_Enabled                             0x20000246   Data           1  wifi_module.o(.data)
    http_req_pending                         0x20000247   Data           1  wifi_module.o(.data)
    WiFi_In_Config_Mode                      0x20000248   Data           1  wifi_module.o(.data)
    WiFi_Configuration_Done                  0x20000249   Data           1  wifi_module.o(.data)
    IsConsoleActive                          0x2000024a   Data           1  wifi_module.o(.data)
    process_Indication_Completed             0x2000024b   Data           1  wifi_module.o(.data)
    process_WiFi_Resp_Completed              0x2000024c   Data           1  wifi_module.o(.data)
    Timer_Running                            0x2000024d   Data           1  wifi_module.o(.data)
    enable_dequeue                           0x2000024e   Data           1  wifi_module.o(.data)
    stop_event_dequeue                       0x2000024f   Data           1  wifi_module.o(.data)
    Standby_Timer_Running                    0x20000250   Data           1  wifi_module.o(.data)
    trigger_wakeup_callback                  0x20000251   Data           1  wifi_module.o(.data)
    Deep_Sleep_Enabled                       0x20000252   Data           1  wifi_module.o(.data)
    Standby_Enabled                          0x20000253   Data           1  wifi_module.o(.data)
    Low_Power_Enabled                        0x20000254   Data           1  wifi_module.o(.data)
    command_mode                             0x20000255   Data           1  wifi_module.o(.data)
    data_mode                                0x20000256   Data           1  wifi_module.o(.data)
    Scan_Ongoing                             0x20000257   Data           1  wifi_module.o(.data)
    AT_Cmd_Ongoing                           0x20000258   Data           1  wifi_module.o(.data)
    AT_Cmd_Processing                        0x20000259   Data           1  wifi_module.o(.data)
    Uartx_Rx_Processing                      0x2000025a   Data           1  wifi_module.o(.data)
    Client_Connected                         0x2000025b   Data           1  wifi_module.o(.data)
    Client_Disconnected                      0x2000025c   Data           1  wifi_module.o(.data)
    switch_by_default_to_command_mode        0x2000025d   Data           1  wifi_module.o(.data)
    start_sock_read                          0x2000025e   Data           1  wifi_module.o(.data)
    not_wind_message                         0x2000025f   Data           1  wifi_module.o(.data)
    enable_receive_data_chunk                0x20000260   Data           1  wifi_module.o(.data)
    data_pending_sockD                       0x20000261   Data           1  wifi_module.o(.data)
    enable_sock_read                         0x20000262   Data           1  wifi_module.o(.data)
    enable_query                             0x20000263   Data           1  wifi_module.o(.data)
    encoded_data_read                        0x20000264   Data           1  wifi_module.o(.data)
    Set_AT_Cmd_Response_False                0x20000265   Data           1  wifi_module.o(.data)
    enable_fw_update_read                    0x20000266   Data           1  wifi_module.o(.data)
    Q_Contains_Message                       0x20000267   Data           1  wifi_module.o(.data)
    Q_Contains_Data                          0x20000268   Data           1  wifi_module.o(.data)
    enable_receive_http_response             0x20000269   Data           1  wifi_module.o(.data)
    enable_receive_file_response             0x2000026a   Data           1  wifi_module.o(.data)
    enable_receive_wifi_scan_response        0x2000026b   Data           1  wifi_module.o(.data)
    prevent_push_OK_event                    0x2000026c   Data           1  wifi_module.o(.data)
    client_socket_close_ongoing              0x2000026d   Data           1  wifi_module.o(.data)
    prevent_push_WIFI_event                  0x2000026e   Data           1  wifi_module.o(.data)
    sock_read_ongoing                        0x2000026f   Data           1  wifi_module.o(.data)
    enable_client_socket_write               0x20000270   Data           1  wifi_module.o(.data)
    event_deQ_x_wind64                       0x20000271   Data           1  wifi_module.o(.data)
    do_not_reset_push_WIFI_event             0x20000272   Data           1  wifi_module.o(.data)
    message_pending                          0x20000273   Data           1  wifi_module.o(.data)
    wind64_DQ_wait                           0x20000274   Data           4  wifi_module.o(.data)
    UserDataBuff_index                       0x20000278   Data           4  wifi_module.o(.data)
    tickcount                                0x2000027c   Data           4  wifi_module.o(.data)
    SocketId                                 0x20000280   Data           1  wifi_module.o(.data)
    SockON_Data_Len                          0x20000284   Data           4  wifi_module.o(.data)
    Socket_Data_Length                       0x20000288   Data           4  wifi_module.o(.data)
    Socket_Open_ID                           0x2000028c   Data           1  wifi_module.o(.data)
    sockon_query_id                          0x2000028d   Data           1  wifi_module.o(.data)
    sockon_id_user                           0x2000028e   Data           1  wifi_module.o(.data)
    SockON_Data_Length                       0x20000290   Data           4  wifi_module.o(.data)
    enable_pending_data                      0x20000294   Data           1  wifi_module.o(.data)
    wifi_write_ongoing                       0x20000295   Data           1  wifi_module.o(.data)
    fValue                                   0x20000298   Data           4  wifi_module.o(.data)
    WiFi_Resp_OK                             0x2000029c   Data           1  wifi_module.o(.data)
    number_of_bytes                          0x200002a0   Data           4  wifi_module.o(.data)
    interim_number_of_bytes                  0x200002a4   Data           4  wifi_module.o(.data)
    Interim_SockON_Data_Len                  0x200002a8   Data           4  wifi_module.o(.data)
    bytes_to_be_read                         0x200002ac   Data           4  wifi_module.o(.data)
    sock_total_count                         0x200002b0   Data           4  wifi_module.o(.data)
    sockD_total_count                        0x200002b4   Data           4  wifi_module.o(.data)
    ip_fragment_count                        0x200002b8   Data           4  wifi_module.o(.data)
    chunk_size                               0x200002bc   Data           4  wifi_module.o(.data)
    message_size                             0x200002c0   Data           4  wifi_module.o(.data)
    WIND55_count                             0x200002c4   Data           4  wifi_module.o(.data)
    WIND64_count                             0x200002c8   Data           4  wifi_module.o(.data)
    user_scan_number                         0x200002cc   Data           1  wifi_module.o(.data)
    pop_queue_length                         0x200002d0   Data           4  wifi_module.o(.data)
    pop_buffer_size                          0x200002d4   Data           4  wifi_module.o(.data)
    process_buffer_index                     0x200002d8   Data           4  wifi_module.o(.data)
    epoch_time                               0x200002dc   Data           4  wifi_module.o(.data)
    WiFi_Module_State                        0x200002e0   Data           1  wifi_module.o(.data)
    tempcheck                                0x200002e1   Data           1  wifi_module.o(.data)
    WiFi_Scan_Buffer                         0x200002e4   Data           4  wifi_module.o(.data)
    curr_hostname                            0x200002e8   Data           4  wifi_module.o(.data)
    curr_path                                0x200002ec   Data           4  wifi_module.o(.data)
    curr_pURL                                0x200002f0   Data           4  wifi_module.o(.data)
    curr_protocol                            0x200002f4   Data           4  wifi_module.o(.data)
    curr_port_number                         0x200002f8   Data           4  wifi_module.o(.data)
    curr_data                                0x200002fc   Data           4  wifi_module.o(.data)
    curr_sockID                              0x20000300   Data           1  wifi_module.o(.data)
    curr_filename                            0x20000304   Data           4  wifi_module.o(.data)
    curr_DataLength                          0x20000308   Data           2  wifi_module.o(.data)
    sock_server_write_datalength             0x2000030a   Data           2  wifi_module.o(.data)
    sock_server_write_pdata                  0x2000030c   Data           4  wifi_module.o(.data)
    Pending_SockON_Callback                  0x20000310   Data           1  wifi_module.o(.data)
    Pending_SockD_Callback                   0x20000311   Data           1  wifi_module.o(.data)
    SockON_Server_Closed_Callback            0x20000312   Data           1  wifi_module.o(.data)
    Client_Socket_Close_Cmd                  0x20000313   Data           1  wifi_module.o(.data)
    standby_resume_callback                  0x20000314   Data           1  wifi_module.o(.data)
    HTTP_Data_available                      0x20000315   Data           1  wifi_module.o(.data)
    FILE_Data_available                      0x20000316   Data           1  wifi_module.o(.data)
    socket_closed_id_callback                0x20000317   Data           1  wifi_module.o(.data)
    remote_socket_closed_id                  0x20000318   Data           1  wifi_module.o(.data)
    client_socket_close_id                   0x20000319   Data           1  wifi_module.o(.data)
    wifi_ready                               0x2000031a   Data           1  wifi_module.o(.data)
    wifi_connected                           0x2000031b   Data           1  wifi_module.o(.data)
    wifi_client_connected                    0x2000031c   Data           1  wifi_module.o(.data)
    wifi_client_disconnected                 0x2000031d   Data           1  wifi_module.o(.data)
    gpio_value                               0x2000031e   Data           1  wifi_module.o(.data)
    gpio_dir                                 0x2000031f   Data           1  wifi_module.o(.data)
    user_error_code                          0x20000320   Data           1  wifi_module.o(.data)
    receive_status                           0x20000321   Data           1  wifi_module.o(.data)
    no_of_open_client_sockets                0x20000322   Data           1  wifi_module.o(.data)
    open_sockets                             0x20000323   Data           8  wifi_module.o(.data)
    line_pointer                             0x2000032b   Data           1  wifi_module.o(.data)
    state                                    0x2000032c   Data           1  wifi_module.o(.data)
    temp                                     0x20000330   Data           4  wifi_module.o(.data)
    enable_uart_byte_data_receive            0x20000334   Data           1  wifi_module.o(.data)
    uart_data_receive_ready                  0x20000335   Data           1  wifi_module.o(.data)
    resume_receive_data                      0x20000336   Data           1  wifi_module.o(.data)
    AT_RESPONSE                              0x20000337   Data           1  wifi_module.o(.data)
    AT_Response_Received                     0x20000338   Data           1  wifi_module.o(.data)
    Received_Last_Byte_CB                    0x20000339   Data           1  wifi_module.o(.data)
    Deep_Sleep_Timer                         0x2000033a   Data           1  wifi_module.o(.data)
    Deep_Sleep_Callback                      0x2000033b   Data           1  wifi_module.o(.data)
    sleep_count                              0x2000033c   Data           4  wifi_module.o(.data)
    standby_time                             0x20000340   Data           4  wifi_module.o(.data)
    scanned_ssids                            0x20000344   Data           1  wifi_module.o(.data)
    prefetch_str                             0x20000348   Data           4  wifi_module.o(.data)
    event_pop_s                              0x2000034c   Data           4  wifi_module.o(.data)
    rootCA                                   0x20000365   Data        1708  aws_nucleo_certificates.o(.data)
    clientCRT                                0x20000a11   Data         988  aws_nucleo_certificates.o(.data)
    clientKey                                0x20000ded   Data         300  aws_nucleo_certificates.o(.data)
    I2C_EXPBD_Timeout                        0x20000f24   Data           4  x_nucleo_iks01a1.o(.data)
    Hts221Drv                                0x20000f40   Data          48  hts221.o(.data)
    Hts221Drv_ext                            0x20000f70   Data           8  hts221.o(.data)
    T0_degC                                  0x20000f78   Data           4  hts221.o(.data)
    T1_degC                                  0x20000f7c   Data           4  hts221.o(.data)
    T0_out                                   0x20000f80   Data           2  hts221.o(.data)
    T1_out                                   0x20000f82   Data           2  hts221.o(.data)
    H0_rh                                    0x20000f84   Data           4  hts221.o(.data)
    H1_rh                                    0x20000f88   Data           4  hts221.o(.data)
    H0_T0_out                                0x20000f8c   Data           2  hts221.o(.data)
    H1_T0_out                                0x20000f8e   Data           2  hts221.o(.data)
    LPS25HDrv                                0x20000f90   Data          52  lps25h.o(.data)
    LPS25HDrv_ext                            0x20000fc4   Data           8  lps25h.o(.data)
    LPS25H_SlaveAddress                      0x20000fcc   Data           1  lps25h.o(.data)
    LPS25HBDrv                               0x20000fd0   Data          52  lps25hb.o(.data)
    LPS25HBDrv_ext                           0x20001004   Data           8  lps25hb.o(.data)
    LPS25HB_SlaveAddress                     0x2000100c   Data           1  lps25hb.o(.data)
    LIS3MDLDrv                               0x20001010   Data          40  lis3mdl.o(.data)
    LIS3MDLDrv_ext                           0x20001038   Data           8  lis3mdl.o(.data)
    LSM6DS0Drv                               0x20001040   Data          68  lsm6ds0.o(.data)
    LSM6DS0Drv_ext                           0x20001084   Data           8  lsm6ds0.o(.data)
    LSM6DS3Drv                               0x2000108c   Data          68  lsm6ds3.o(.data)
    LSM6DS3Drv_ext_internal                  0x200010d0   Data          12  lsm6ds3.o(.data)
    LSM6DS3Drv_ext                           0x200010dc   Data           8  lsm6ds3.o(.data)
    __stdout                                 0x200010e4   Data           4  stdout.o(.data)
    config                                   0x200010ec   Data          52  wifi_main.o(.bss)
    bufferRead                               0x20001120   Data        1024  app_wifi_read.o(.bss)
    Accelerometer                            0x20001520   Data          12  aws_main.o(.bss)
    Gyroscope                                0x2000152c   Data          12  aws_main.o(.bss)
    Magnetometer                             0x20001538   Data          12  aws_main.o(.bss)
    TimHandle                                0x20001544   Data          60  stm32_spwf_wifi.o(.bss)
    PushTimHandle                            0x20001580   Data          60  stm32_spwf_wifi.o(.bss)
    xQueueRegistry                           0x200015bc   Data          64  queue.o(.bss)
    process_buffer                           0x20005314   Data         512  wifi_module.o(.bss)
    UserDataBuff                             0x20005514   Data         512  wifi_module.o(.bss)
    USART_RxBuffer                           0x20005714   Data          64  wifi_module.o(.bss)
    print_msg_buff                           0x20005754   Data         512  wifi_module.o(.bss)
    ring_buffer                              0x20005954   Data        1024  wifi_module.o(.bss)
    event_buffer                             0x20005d54   Data         800  wifi_module.o(.bss)
    pop_buffer                               0x20006074   Data         512  wifi_module.o(.bss)
    prefetch_buffer                          0x20006274   Data          20  wifi_module.o(.bss)
    big_buff                                 0x20006288   Data          20  wifi_module.o(.bss)
    event_buff                               0x2000629c   Data          20  wifi_module.o(.bss)
    element                                  0x200062b0   Data          16  wifi_module.o(.bss)
    UartWiFiHandle                           0x200062c0   Data          64  wifi_module.o(.bss)
    UartMsgHandle                            0x20006300   Data          64  wifi_module.o(.bss)
    WiFi_Config_Variables                    0x20006340   Data          52  wifi_module.o(.bss)
    WiFi_WIND_State                          0x20006374   Data          35  wifi_module.o(.bss)
    get_cfg_value                            0x20006397   Data          64  wifi_module.o(.bss)
    client_MAC_address                       0x200063d7   Data          17  wifi_module.o(.bss)
    GPIO_InitStruct                          0x200063e8   Data          20  wifi_module.o(.bss)
    WAKEUP_InitStruct                        0x200063fc   Data          20  wifi_module.o(.bss)
    WiFi_AT_Cmd_Buff                         0x20006410   Data        2048  wifi_module.o(.bss)
    event_s                                  0x20006c10   Data          16  wifi_module.o(.bss)
    stTimers                                 0x20006c20   Data         120  time_nucleo_wrapper.o(.bss)
    __initial_sp                             0x20009158   Data           0  startup_stm32f401xe.o(STACK)



==============================================================================

Memory Map of the image

  Image Entry point : 0x08000195

  Load Region LR_IROM1 (Base: 0x08000000, Size: 0x000114f0, Max: 0x00080000, ABSOLUTE, COMPRESSED[0x00010f7c])

    Execution Region ER_IROM1 (Base: 0x08000000, Size: 0x00010404, Max: 0x00080000, ABSOLUTE)

    Base Addr    Size         Type   Attr      Idx    E Section Name        Object

    0x08000000   0x00000194   Data   RO          722    RESET               startup_stm32f401xe.o
    0x08000194   0x00000000   Code   RO         8484  * .ARM.Collect$$$$00000000  mc_w.l(entry.o)
    0x08000194   0x00000004   Code   RO         8834    .ARM.Collect$$$$00000001  mc_w.l(entry2.o)
    0x08000198   0x00000004   Code   RO         8837    .ARM.Collect$$$$00000004  mc_w.l(entry5.o)
    0x0800019c   0x00000000   Code   RO         8839    .ARM.Collect$$$$00000008  mc_w.l(entry7b.o)
    0x0800019c   0x00000000   Code   RO         8841    .ARM.Collect$$$$0000000A  mc_w.l(entry8b.o)
    0x0800019c   0x00000008   Code   RO         8842    .ARM.Collect$$$$0000000B  mc_w.l(entry9a.o)
    0x080001a4   0x00000000   Code   RO         8844    .ARM.Collect$$$$0000000D  mc_w.l(entry10a.o)
    0x080001a4   0x00000000   Code   RO         8846    .ARM.Collect$$$$0000000F  mc_w.l(entry11a.o)
    0x080001a4   0x00000004   Code   RO         8835    .ARM.Collect$$$$00002712  mc_w.l(entry2.o)
    0x080001a8   0x000000ba   Code   RO         4441    .emb_text           port.o
    0x08000262   0x00000002   PAD
    0x08000264   0x00000024   Code   RO          723    .text               startup_stm32f401xe.o
    0x08000288   0x00000024   Code   RO         8490    .text               mc_w.l(memcpya.o)
    0x080002ac   0x00000024   Code   RO         8492    .text               mc_w.l(memseta.o)
    0x080002d0   0x00000024   Code   RO         8496    .text               mc_w.l(strstr.o)
    0x080002f4   0x0000000e   Code   RO         8500    .text               mc_w.l(strlen.o)
    0x08000302   0x0000001e   Code   RO         8508    .text               mc_w.l(strncmp.o)
    0x08000320   0x000000e4   Code   RO         8785    .text               mf_w.l(dmul.o)
    0x08000404   0x000000de   Code   RO         8787    .text               mf_w.l(ddiv.o)
    0x080004e2   0x0000003e   Code   RO         8789    .text               mf_w.l(dfixi.o)
    0x08000520   0x00000032   Code   RO         8791    .text               mf_w.l(dfixui.o)
    0x08000552   0x00000026   Code   RO         8793    .text               mf_w.l(f2d.o)
    0x08000578   0x00000038   Code   RO         8795    .text               mf_w.l(d2f.o)
    0x080005b0   0x0000002c   Code   RO         8849    .text               mc_w.l(uidiv.o)
    0x080005dc   0x00000062   Code   RO         8851    .text               mc_w.l(uldiv.o)
    0x0800063e   0x00000020   Code   RO         8853    .text               mc_w.l(llushr.o)
    0x0800065e   0x00000000   Code   RO         8870    .text               mc_w.l(iusefp.o)
    0x0800065e   0x0000006e   Code   RO         8871    .text               mf_w.l(fepilogue.o)
    0x080006cc   0x000000ba   Code   RO         8873    .text               mf_w.l(depilogue.o)
    0x08000786   0x0000014e   Code   RO         8875    .text               mf_w.l(dadd.o)
    0x080008d4   0x0000002e   Code   RO         8879    .text               mf_w.l(dscalb.o)
    0x08000902   0x00000022   Code   RO         8881    .text               mf_w.l(dflti.o)
    0x08000924   0x00000030   Code   RO         8885    .text               mf_w.l(dfixul.o)
    0x08000954   0x00000030   Code   RO         8887    .text               mf_w.l(cdrcmple.o)
    0x08000984   0x00000024   Code   RO         8889    .text               mc_w.l(init.o)
    0x080009a8   0x0000001e   Code   RO         8894    .text               mc_w.l(llshl.o)
    0x080009c6   0x00000024   Code   RO         8896    .text               mc_w.l(llsshr.o)
    0x080009ea   0x000000a2   Code   RO         8902    .text               mf_w.l(dsqrt.o)
    0x08000a8c   0x0000005e   Code   RO         8919    .text               mc_w.l(__dclz77c.o)
    0x08000aea   0x0000001a   Code   RO            4    i.AwsIotTask        main.o
    0x08000b04   0x00000044   Code   RO          588    i.Axes_Vector3      aws_main.o
    0x08000b48   0x00000020   Code   RO         7394    i.BSP_HUM_TEMP_GetHumidity  x_nucleo_iks01a1_hum_temp.o
    0x08000b68   0x00000020   Code   RO         7395    i.BSP_HUM_TEMP_GetTemperature  x_nucleo_iks01a1_hum_temp.o
    0x08000b88   0x00000094   Code   RO         7396    i.BSP_HUM_TEMP_Init  x_nucleo_iks01a1_hum_temp.o
    0x08000c1c   0x00000048   Code   RO         7774    i.BSP_IMU_6AXES_Enable_Free_Fall_Detection_Ext  x_nucleo_iks01a1_imu_6axes.o
    0x08000c64   0x00000020   Code   RO         7775    i.BSP_IMU_6AXES_G_GetAxes  x_nucleo_iks01a1_imu_6axes.o
    0x08000c84   0x000001e8   Code   RO         7784    i.BSP_IMU_6AXES_Init  x_nucleo_iks01a1_imu_6axes.o
    0x08000e6c   0x00000020   Code   RO         7786    i.BSP_IMU_6AXES_X_GetAxes  x_nucleo_iks01a1_imu_6axes.o
    0x08000e8c   0x00000020   Code   RO         3946    i.BSP_LED_On        stm32f4xx_nucleo.o
    0x08000eac   0x000000a4   Code   RO         7926    i.BSP_MAGNETO_Init  x_nucleo_iks01a1_magneto.o
    0x08000f50   0x00000020   Code   RO         7927    i.BSP_MAGNETO_M_GetAxes  x_nucleo_iks01a1_magneto.o
    0x08000f70   0x0000009c   Code   RO         3949    i.BSP_PB_Init       stm32f4xx_nucleo.o
    0x0800100c   0x00000020   Code   RO         7711    i.BSP_PRESSURE_GetPressure  x_nucleo_iks01a1_pressure.o
    0x0800102c   0x000001a0   Code   RO         7713    i.BSP_PRESSURE_Init  x_nucleo_iks01a1_pressure.o
    0x080011cc   0x00000004   Code   RO          248    i.BusFault_Handler  stm32_xx_it.o
    0x080011d0   0x00000030   Code   RO         6752    i.DeInitTimer       time_nucleo_wrapper.o
    0x08001200   0x00000002   Code   RO          249    i.DebugMon_Handler  stm32_xx_it.o
    0x08001202   0x00000002   PAD
    0x08001204   0x00000040   Code   RO          501    i.DequeueRx         app_wifi_read.o
    0x08001244   0x0000000c   Code   RO          363    i.EXTI15_10_IRQHandler  user_button.o
    0x08001250   0x00000044   Code   RO          502    i.EnqueueRx         app_wifi_read.o
    0x08001294   0x0000000e   Code   RO         5527    i.Error_Handler     wifi_module.o
    0x080012a2   0x0000001a   Code   RO          771    i.HAL_Delay         stm32f4xx_hal.o
    0x080012bc   0x00000138   Code   RO         1437    i.HAL_GPIO_DeInit   stm32f4xx_hal_gpio.o
    0x080013f4   0x0000000c   Code   RO          250    i.HAL_GPIO_EXTI_Callback  stm32_xx_it.o
    0x08001400   0x0000001c   Code   RO         1439    i.HAL_GPIO_EXTI_IRQHandler  stm32f4xx_hal_gpio.o
    0x0800141c   0x000001d0   Code   RO         1440    i.HAL_GPIO_Init     stm32f4xx_hal_gpio.o
    0x080015ec   0x0000000c   Code   RO         1444    i.HAL_GPIO_WritePin  stm32f4xx_hal_gpio.o
    0x080015f8   0x0000000c   Code   RO          777    i.HAL_GetTick       stm32f4xx_hal.o
    0x08001604   0x00000036   Code   RO         1503    i.HAL_I2C_DeInit    stm32f4xx_hal_i2c.o
    0x0800163a   0x00000008   Code   RO         1508    i.HAL_I2C_GetState  stm32f4xx_hal_i2c.o
    0x08001642   0x00000002   PAD
    0x08001644   0x00000120   Code   RO         1509    i.HAL_I2C_Init      stm32f4xx_hal_i2c.o
    0x08001764   0x0000022c   Code   RO         1521    i.HAL_I2C_Mem_Read  stm32f4xx_hal_i2c.o
    0x08001990   0x00000110   Code   RO         1524    i.HAL_I2C_Mem_Write  stm32f4xx_hal_i2c.o
    0x08001aa0   0x00000002   Code   RO         1527    i.HAL_I2C_MspDeInit  stm32f4xx_hal_i2c.o
    0x08001aa2   0x00000002   Code   RO         1528    i.HAL_I2C_MspInit   stm32f4xx_hal_i2c.o
    0x08001aa4   0x00000010   Code   RO          778    i.HAL_IncTick       stm32f4xx_hal.o
    0x08001ab4   0x0000003c   Code   RO          779    i.HAL_Init          stm32f4xx_hal.o
    0x08001af0   0x00000024   Code   RO          780    i.HAL_InitTick      stm32f4xx_hal.o
    0x08001b14   0x00000002   Code   RO          782    i.HAL_MspInit       stm32f4xx_hal.o
    0x08001b16   0x00000002   PAD
    0x08001b18   0x0000001c   Code   RO         1187    i.HAL_NVIC_DisableIRQ  stm32f4xx_hal_cortex.o
    0x08001b34   0x0000001a   Code   RO         1188    i.HAL_NVIC_EnableIRQ  stm32f4xx_hal_cortex.o
    0x08001b4e   0x0000007c   Code   RO         1194    i.HAL_NVIC_SetPriority  stm32f4xx_hal_cortex.o
    0x08001bca   0x00000002   PAD
    0x08001bcc   0x00000028   Code   RO         1195    i.HAL_NVIC_SetPriorityGrouping  stm32f4xx_hal_cortex.o
    0x08001bf4   0x000001a4   Code   RO         1981    i.HAL_RCCEx_PeriphCLKConfig  stm32f4xx_hal_rcc_ex.o
    0x08001d98   0x000002b0   Code   RO         1876    i.HAL_RCC_ClockConfig  stm32f4xx_hal_rcc.o
    0x08002048   0x00000038   Code   RO         1881    i.HAL_RCC_GetHCLKFreq  stm32f4xx_hal_rcc.o
    0x08002080   0x0000002c   Code   RO         1883    i.HAL_RCC_GetPCLK1Freq  stm32f4xx_hal_rcc.o
    0x080020ac   0x0000002c   Code   RO         1884    i.HAL_RCC_GetPCLK2Freq  stm32f4xx_hal_rcc.o
    0x080020d8   0x000000b4   Code   RO         1885    i.HAL_RCC_GetSysClockFreq  stm32f4xx_hal_rcc.o
    0x0800218c   0x00000404   Code   RO         1888    i.HAL_RCC_OscConfig  stm32f4xx_hal_rcc.o
    0x08002590   0x00000028   Code   RO         1197    i.HAL_SYSTICK_CLKSourceConfig  stm32f4xx_hal_cortex.o
    0x080025b8   0x00000034   Code   RO         1199    i.HAL_SYSTICK_Config  stm32f4xx_hal_cortex.o
    0x080025ec   0x00000002   Code   RO         3267    i.HAL_TIMEx_BreakCallback  stm32f4xx_hal_tim_ex.o
    0x080025ee   0x00000002   Code   RO         3268    i.HAL_TIMEx_CommutationCallback  stm32f4xx_hal_tim_ex.o
    0x080025f0   0x00000034   Code   RO         2628    i.HAL_TIM_Base_Init  stm32f4xx_hal_tim.o
    0x08002624   0x00000070   Code   RO         3868    i.HAL_TIM_Base_MspInit  stm32_spwf_wifi.o
    0x08002694   0x0000001e   Code   RO         2633    i.HAL_TIM_Base_Start_IT  stm32f4xx_hal_tim.o
    0x080026b2   0x00000002   Code   RO         2657    i.HAL_TIM_IC_CaptureCallback  stm32f4xx_hal_tim.o
    0x080026b4   0x00000196   Code   RO         2670    i.HAL_TIM_IRQHandler  stm32f4xx_hal_tim.o
    0x0800284a   0x00000002   Code   RO         2673    i.HAL_TIM_OC_DelayElapsedCallback  stm32f4xx_hal_tim.o
    0x0800284c   0x00000002   Code   RO         2700    i.HAL_TIM_PWM_PulseFinishedCallback  stm32f4xx_hal_tim.o
    0x0800284e   0x0000000c   Code   RO          251    i.HAL_TIM_PeriodElapsedCallback  stm32_xx_it.o
    0x0800285a   0x00000002   Code   RO         2711    i.HAL_TIM_TriggerCallback  stm32f4xx_hal_tim.o
    0x0800285c   0x0000002a   Code   RO         3506    i.HAL_UART_DeInit   stm32f4xx_hal_uart.o
    0x08002886   0x0000000a   Code   RO         5529    i.HAL_UART_ErrorCallback  wifi_module.o
    0x08002890   0x00000120   Code   RO         3510    i.HAL_UART_IRQHandler  stm32f4xx_hal_uart.o
    0x080029b0   0x0000006e   Code   RO         3511    i.HAL_UART_Init     stm32f4xx_hal_uart.o
    0x08002a1e   0x00000002   PAD
    0x08002a20   0x00000048   Code   RO         3869    i.HAL_UART_MspDeInit  stm32_spwf_wifi.o
    0x08002a68   0x000000e0   Code   RO         3870    i.HAL_UART_MspInit  stm32_spwf_wifi.o
    0x08002b48   0x000000a4   Code   RO         3515    i.HAL_UART_Receive_IT  stm32f4xx_hal_uart.o
    0x08002bec   0x0000007c   Code   RO         5530    i.HAL_UART_RxCpltCallback  wifi_module.o
    0x08002c68   0x000000b8   Code   RO         3518    i.HAL_UART_Transmit  stm32f4xx_hal_uart.o
    0x08002d20   0x0000000c   Code   RO         5531    i.HAL_UART_TxCpltCallback  wifi_module.o
    0x08002d2c   0x000001a8   Code   RO         8013    i.HTS221_Calibration  hts221.o
    0x08002ed4   0x000001c0   Code   RO         8014    i.HTS221_GetHumidity  hts221.o
    0x08003094   0x00000188   Code   RO         8015    i.HTS221_GetTemperature  hts221.o
    0x0800321c   0x00000002   Code   RO         7461    i.HTS221_IO_ITConfig  x_nucleo_iks01a1.o
    0x0800321e   0x00000008   Code   RO         7462    i.HTS221_IO_Init    x_nucleo_iks01a1.o
    0x08003226   0x0000001c   Code   RO         7463    i.HTS221_IO_Read    x_nucleo_iks01a1.o
    0x08003242   0x0000001c   Code   RO         7464    i.HTS221_IO_Write   x_nucleo_iks01a1.o
    0x0800325e   0x00000066   Code   RO         8016    i.HTS221_Init       hts221.o
    0x080032c4   0x00000034   Code   RO         8017    i.HTS221_Power_OFF  hts221.o
    0x080032f8   0x00000034   Code   RO         8018    i.HTS221_Power_On   hts221.o
    0x0800332c   0x00000018   Code   RO         8019    i.HTS221_ReadID     hts221.o
    0x08003344   0x00000034   Code   RO         8020    i.HTS221_RebootCmd  hts221.o
    0x08003378   0x00000010   Code   RO         7465    i.HUM_TEMP_IO_Init  x_nucleo_iks01a1.o
    0x08003388   0x00000028   Code   RO         7466    i.HUM_TEMP_IO_Read  x_nucleo_iks01a1.o
    0x080033b0   0x00000028   Code   RO         7467    i.HUM_TEMP_IO_Write  x_nucleo_iks01a1.o
    0x080033d8   0x00000004   Code   RO          252    i.HardFault_Handler  stm32_xx_it.o
    0x080033dc   0x0000001c   Code   RO         7468    i.I2C_EXPBD_Error   x_nucleo_iks01a1.o
    0x080033f8   0x00000044   Code   RO         7469    i.I2C_EXPBD_Init    x_nucleo_iks01a1.o
    0x0800343c   0x000000a4   Code   RO         7470    i.I2C_EXPBD_MspInit  x_nucleo_iks01a1.o
    0x080034e0   0x0000003c   Code   RO         7471    i.I2C_EXPBD_ReadData  x_nucleo_iks01a1.o
    0x0800351c   0x0000003c   Code   RO         7472    i.I2C_EXPBD_WriteData  x_nucleo_iks01a1.o
    0x08003558   0x00000114   Code   RO         1550    i.I2C_RequestMemoryRead  stm32f4xx_hal_i2c.o
    0x0800366c   0x000000b0   Code   RO         1551    i.I2C_RequestMemoryWrite  stm32f4xx_hal_i2c.o
    0x0800371c   0x000000de   Code   RO         1559    i.I2C_WaitOnFlagUntilTimeout  stm32f4xx_hal_i2c.o
    0x080037fa   0x000000aa   Code   RO         1560    i.I2C_WaitOnMasterAddressFlagUntilTimeout  stm32f4xx_hal_i2c.o
    0x080038a4   0x00000010   Code   RO         7473    i.IMU_6AXES_IO_Init  x_nucleo_iks01a1.o
    0x080038b4   0x00000028   Code   RO         7474    i.IMU_6AXES_IO_Read  x_nucleo_iks01a1.o
    0x080038dc   0x00000028   Code   RO         7475    i.IMU_6AXES_IO_Write  x_nucleo_iks01a1.o
    0x08003904   0x00000050   Code   RO         6753    i.InitTimer         time_nucleo_wrapper.o
    0x08003954   0x00000002   Code   RO         7476    i.LIS3MDL_IO_ITConfig  x_nucleo_iks01a1.o
    0x08003956   0x00000008   Code   RO         7477    i.LIS3MDL_IO_Init   x_nucleo_iks01a1.o
    0x0800395e   0x0000001c   Code   RO         7478    i.LIS3MDL_IO_Read   x_nucleo_iks01a1.o
    0x0800397a   0x0000001c   Code   RO         7479    i.LIS3MDL_IO_Write  x_nucleo_iks01a1.o
    0x08003996   0x000000d6   Code   RO         8189    i.LIS3MDL_Init      lis3mdl.o
    0x08003a6c   0x000000e4   Code   RO         8190    i.LIS3MDL_M_GetAxes  lis3mdl.o
    0x08003b50   0x00000072   Code   RO         8191    i.LIS3MDL_M_GetAxesRaw  lis3mdl.o
    0x08003bc2   0x00000002   PAD
    0x08003bc4   0x00000078   Code   RO         8192    i.LIS3MDL_M_GetSensitivity  lis3mdl.o
    0x08003c3c   0x00000068   Code   RO         8193    i.LIS3MDL_M_Get_FS  lis3mdl.o
    0x08003ca4   0x000000a4   Code   RO         8194    i.LIS3MDL_M_Get_ODR  lis3mdl.o
    0x08003d48   0x0000008a   Code   RO         8195    i.LIS3MDL_M_Set_FS  lis3mdl.o
    0x08003dd2   0x00000002   PAD
    0x08003dd4   0x000000d8   Code   RO         8196    i.LIS3MDL_M_Set_ODR  lis3mdl.o
    0x08003eac   0x00000018   Code   RO         8197    i.LIS3MDL_Read_M_ID  lis3mdl.o
    0x08003ec4   0x00000030   Code   RO         8127    i.LPS25HB_GetPressure  lps25hb.o
    0x08003ef4   0x0000003c   Code   RO         8128    i.LPS25HB_GetTemperature  lps25hb.o
    0x08003f30   0x00000044   Code   RO         8129    i.LPS25HB_I2C_ReadRawPressure  lps25hb.o
    0x08003f74   0x00000034   Code   RO         8130    i.LPS25HB_I2C_ReadRawTemperature  lps25hb.o
    0x08003fa8   0x00000002   Code   RO         7480    i.LPS25HB_IO_ITConfig  x_nucleo_iks01a1.o
    0x08003faa   0x00000008   Code   RO         7481    i.LPS25HB_IO_Init   x_nucleo_iks01a1.o
    0x08003fb2   0x0000001c   Code   RO         7482    i.LPS25HB_IO_Read   x_nucleo_iks01a1.o
    0x08003fce   0x0000001c   Code   RO         7483    i.LPS25HB_IO_Write  x_nucleo_iks01a1.o
    0x08003fea   0x00000002   PAD
    0x08003fec   0x000000f0   Code   RO         8131    i.LPS25HB_Init      lps25hb.o
    0x080040dc   0x0000003c   Code   RO         8132    i.LPS25HB_PowerOff  lps25hb.o
    0x08004118   0x0000003c   Code   RO         8133    i.LPS25HB_PowerOn   lps25hb.o
    0x08004154   0x00000020   Code   RO         8134    i.LPS25HB_ReadID    lps25hb.o
    0x08004174   0x0000003c   Code   RO         8135    i.LPS25HB_RebootCmd  lps25hb.o
    0x080041b0   0x00000014   Code   RO         8136    i.LPS25HB_SlaveAddrRemap  lps25hb.o
    0x080041c4   0x00000030   Code   RO         8065    i.LPS25H_GetPressure  lps25h.o
    0x080041f4   0x0000003c   Code   RO         8066    i.LPS25H_GetTemperature  lps25h.o
    0x08004230   0x00000044   Code   RO         8067    i.LPS25H_I2C_ReadRawPressure  lps25h.o
    0x08004274   0x00000034   Code   RO         8068    i.LPS25H_I2C_ReadRawTemperature  lps25h.o
    0x080042a8   0x00000002   Code   RO         7484    i.LPS25H_IO_ITConfig  x_nucleo_iks01a1.o
    0x080042aa   0x00000008   Code   RO         7485    i.LPS25H_IO_Init    x_nucleo_iks01a1.o
    0x080042b2   0x0000001c   Code   RO         7486    i.LPS25H_IO_Read    x_nucleo_iks01a1.o
    0x080042ce   0x0000001c   Code   RO         7487    i.LPS25H_IO_Write   x_nucleo_iks01a1.o
    0x080042ea   0x00000002   PAD
    0x080042ec   0x000000f0   Code   RO         8069    i.LPS25H_Init       lps25h.o
    0x080043dc   0x0000003c   Code   RO         8070    i.LPS25H_PowerOff   lps25h.o
    0x08004418   0x0000003c   Code   RO         8071    i.LPS25H_PowerOn    lps25h.o
    0x08004454   0x00000020   Code   RO         8072    i.LPS25H_ReadID     lps25h.o
    0x08004474   0x0000003c   Code   RO         8073    i.LPS25H_RebootCmd  lps25h.o
    0x080044b0   0x00000014   Code   RO         8074    i.LPS25H_SlaveAddrRemap  lps25h.o
    0x080044c4   0x00000080   Code   RO         8246    i.LSM6DS0_G_GetAxes  lsm6ds0.o
    0x08004544   0x00000072   Code   RO         8247    i.LSM6DS0_G_GetAxesRaw  lsm6ds0.o
    0x080045b6   0x00000002   PAD
    0x080045b8   0x00000068   Code   RO         8248    i.LSM6DS0_G_GetSensitivity  lsm6ds0.o
    0x08004620   0x00000068   Code   RO         8249    i.LSM6DS0_G_Get_FS  lsm6ds0.o
    0x08004688   0x000000ac   Code   RO         8250    i.LSM6DS0_G_Get_ODR  lsm6ds0.o
    0x08004734   0x00000094   Code   RO         8251    i.LSM6DS0_G_Set_Axes_Status  lsm6ds0.o
    0x080047c8   0x00000080   Code   RO         8252    i.LSM6DS0_G_Set_FS  lsm6ds0.o
    0x08004848   0x000000d0   Code   RO         8253    i.LSM6DS0_G_Set_ODR  lsm6ds0.o
    0x08004918   0x00000002   Code   RO         7488    i.LSM6DS0_IO_ITConfig  x_nucleo_iks01a1.o
    0x0800491a   0x00000008   Code   RO         7489    i.LSM6DS0_IO_Init   x_nucleo_iks01a1.o
    0x08004922   0x0000001c   Code   RO         7490    i.LSM6DS0_IO_Read   x_nucleo_iks01a1.o
    0x0800493e   0x0000001c   Code   RO         7491    i.LSM6DS0_IO_Write  x_nucleo_iks01a1.o
    0x0800495a   0x0000007e   Code   RO         8254    i.LSM6DS0_Init      lsm6ds0.o
    0x080049d8   0x00000018   Code   RO         8255    i.LSM6DS0_Read_XG_ID  lsm6ds0.o
    0x080049f0   0x00000080   Code   RO         8256    i.LSM6DS0_X_GetAxes  lsm6ds0.o
    0x08004a70   0x00000072   Code   RO         8257    i.LSM6DS0_X_GetAxesRaw  lsm6ds0.o
    0x08004ae2   0x00000002   PAD
    0x08004ae4   0x00000078   Code   RO         8258    i.LSM6DS0_X_GetSensitivity  lsm6ds0.o
    0x08004b5c   0x00000068   Code   RO         8259    i.LSM6DS0_X_Get_FS  lsm6ds0.o
    0x08004bc4   0x000000a8   Code   RO         8260    i.LSM6DS0_X_Get_ODR  lsm6ds0.o
    0x08004c6c   0x00000094   Code   RO         8261    i.LSM6DS0_X_Set_Axes_Status  lsm6ds0.o
    0x08004d00   0x0000008a   Code   RO         8262    i.LSM6DS0_X_Set_FS  lsm6ds0.o
    0x08004d8a   0x00000002   PAD
    0x08004d8c   0x000000cc   Code   RO         8263    i.LSM6DS0_X_Set_ODR  lsm6ds0.o
    0x08004e58   0x00000086   Code   RO         8348    i.LSM6DS3_Common_Sensor_Enable  lsm6ds3.o
    0x08004ede   0x00000082   Code   RO         8349    i.LSM6DS3_Disable_Free_Fall_Detection  lsm6ds3.o
    0x08004f60   0x0000013a   Code   RO         8350    i.LSM6DS3_Enable_Free_Fall_Detection  lsm6ds3.o
    0x0800509a   0x00000002   PAD
    0x0800509c   0x00000080   Code   RO         8351    i.LSM6DS3_G_GetAxes  lsm6ds3.o
    0x0800511c   0x00000072   Code   RO         8352    i.LSM6DS3_G_GetAxesRaw  lsm6ds3.o
    0x0800518e   0x00000002   PAD
    0x08005190   0x000000ac   Code   RO         8353    i.LSM6DS3_G_GetSensitivity  lsm6ds3.o
    0x0800523c   0x000000ac   Code   RO         8354    i.LSM6DS3_G_Get_FS  lsm6ds3.o
    0x080052e8   0x000000c4   Code   RO         8355    i.LSM6DS3_G_Get_ODR  lsm6ds3.o
    0x080053ac   0x00000094   Code   RO         8356    i.LSM6DS3_G_Set_Axes_Status  lsm6ds3.o
    0x08005440   0x00000118   Code   RO         8357    i.LSM6DS3_G_Set_FS  lsm6ds3.o
    0x08005558   0x000000f4   Code   RO         8358    i.LSM6DS3_G_Set_ODR  lsm6ds3.o
    0x0800564c   0x00000042   Code   RO         8359    i.LSM6DS3_Get_Status_Free_Fall_Detection  lsm6ds3.o
    0x0800568e   0x00000002   PAD
    0x08005690   0x000000a0   Code   RO         7492    i.LSM6DS3_IO_ITConfig  x_nucleo_iks01a1.o
    0x08005730   0x00000008   Code   RO         7493    i.LSM6DS3_IO_Init   x_nucleo_iks01a1.o
    0x08005738   0x0000001c   Code   RO         7494    i.LSM6DS3_IO_Read   x_nucleo_iks01a1.o
    0x08005754   0x0000001c   Code   RO         7495    i.LSM6DS3_IO_Write  x_nucleo_iks01a1.o
    0x08005770   0x00000088   Code   RO         8360    i.LSM6DS3_Init      lsm6ds3.o
    0x080057f8   0x00000018   Code   RO         8361    i.LSM6DS3_Read_XG_ID  lsm6ds3.o
    0x08005810   0x00000080   Code   RO         8362    i.LSM6DS3_X_GetAxes  lsm6ds3.o
    0x08005890   0x00000072   Code   RO         8363    i.LSM6DS3_X_GetAxesRaw  lsm6ds3.o
    0x08005902   0x00000002   PAD
    0x08005904   0x00000078   Code   RO         8364    i.LSM6DS3_X_GetSensitivity  lsm6ds3.o
    0x0800597c   0x00000068   Code   RO         8365    i.LSM6DS3_X_Get_FS  lsm6ds3.o
    0x080059e4   0x000000e0   Code   RO         8366    i.LSM6DS3_X_Get_ODR  lsm6ds3.o
    0x08005ac4   0x00000094   Code   RO         8367    i.LSM6DS3_X_Set_Axes_Status  lsm6ds3.o
    0x08005b58   0x0000008a   Code   RO         8368    i.LSM6DS3_X_Set_FS  lsm6ds3.o
    0x08005be2   0x00000002   PAD
    0x08005be4   0x00000120   Code   RO         8369    i.LSM6DS3_X_Set_ODR  lsm6ds3.o
    0x08005d04   0x00000010   Code   RO         7496    i.MAGNETO_IO_Init   x_nucleo_iks01a1.o
    0x08005d14   0x00000028   Code   RO         7497    i.MAGNETO_IO_Read   x_nucleo_iks01a1.o
    0x08005d3c   0x00000028   Code   RO         7498    i.MAGNETO_IO_Write  x_nucleo_iks01a1.o
    0x08005d64   0x00000054   Code   RO         6550    i.MQTTClient        mqttclient.o
    0x08005db8   0x000000ac   Code   RO         6551    i.MQTTConnect       mqttclient.o
    0x08005e64   0x0000006c   Code   RO         6221    i.MQTTDeserialize_ack  mqttdeserializepublish.o
    0x08005ed0   0x00000076   Code   RO         6134    i.MQTTDeserialize_connack  mqttconnectclient.o
    0x08005f46   0x000000a8   Code   RO         6222    i.MQTTDeserialize_publish  mqttdeserializepublish.o
    0x08005fee   0x00000092   Code   RO         6466    i.MQTTDeserialize_suback  mqttsubscribeclient.o
    0x08006080   0x0000003e   Code   RO         6552    i.MQTTDisconnect    mqttclient.o
    0x080060be   0x00000058   Code   RO         6309    i.MQTTPacket_decode  mqttpacket.o
    0x08006116   0x00000002   PAD
    0x08006118   0x0000001c   Code   RO         6310    i.MQTTPacket_decodeBuf  mqttpacket.o
    0x08006134   0x00000036   Code   RO         6312    i.MQTTPacket_encode  mqttpacket.o
    0x0800616a   0x00000042   Code   RO         6313    i.MQTTPacket_equals  mqttpacket.o
    0x080061ac   0x00000028   Code   RO         6314    i.MQTTPacket_len    mqttpacket.o
    0x080061d4   0x000000f8   Code   RO         6553    i.MQTTPublish       mqttclient.o
    0x080062cc   0x00000072   Code   RO         6424    i.MQTTSerialize_ack  mqttserializepublish.o
    0x0800633e   0x00000002   PAD
    0x08006340   0x00000168   Code   RO         6135    i.MQTTSerialize_connect  mqttconnectclient.o
    0x080064a8   0x00000076   Code   RO         6136    i.MQTTSerialize_connectLength  mqttconnectclient.o
    0x0800651e   0x00000012   Code   RO         6137    i.MQTTSerialize_disconnect  mqttconnectclient.o
    0x08006530   0x00000012   Code   RO         6138    i.MQTTSerialize_pingreq  mqttconnectclient.o
    0x08006542   0x000000b0   Code   RO         6427    i.MQTTSerialize_publish  mqttserializepublish.o
    0x080065f2   0x00000022   Code   RO         6428    i.MQTTSerialize_publishLength  mqttserializepublish.o
    0x08006614   0x000000b0   Code   RO         6467    i.MQTTSerialize_subscribe  mqttsubscribeclient.o
    0x080066c4   0x0000002e   Code   RO         6468    i.MQTTSerialize_subscribeLength  mqttsubscribeclient.o
    0x080066f2   0x0000004c   Code   RO         6139    i.MQTTSerialize_zero  mqttconnectclient.o
    0x0800673e   0x00000114   Code   RO         6554    i.MQTTSubscribe     mqttclient.o
    0x08006852   0x00000048   Code   RO         6556    i.MQTTYield         mqttclient.o
    0x0800689a   0x00000002   PAD
    0x0800689c   0x00000054   Code   RO          589    i.MQTTcallbackHandler  aws_main.o
    0x080068f0   0x00000018   Code   RO         6317    i.MQTTstrlen        mqttpacket.o
    0x08006908   0x000000c8   Code   RO            5    i.MX_GPIO_Init      main.o
    0x080069d0   0x00000004   Code   RO          253    i.MemManage_Handler  stm32_xx_it.o
    0x080069d4   0x00000002   Code   RO          254    i.NMI_Handler       stm32_xx_it.o
    0x080069d6   0x00000002   PAD
    0x080069d8   0x00000010   Code   RO         1201    i.NVIC_GetPriorityGrouping  stm32f4xx_hal_cortex.o
    0x080069e8   0x00000028   Code   RO         1202    i.NVIC_SetPriority  stm32f4xx_hal_cortex.o
    0x08006a10   0x00000008   Code   RO         6557    i.NewMessageData    mqttclient.o
    0x08006a18   0x00000010   Code   RO         7499    i.PRESSURE_IO_Init  x_nucleo_iks01a1.o
    0x08006a28   0x00000028   Code   RO         7500    i.PRESSURE_IO_Read  x_nucleo_iks01a1.o
    0x08006a50   0x00000028   Code   RO         7501    i.PRESSURE_IO_Write  x_nucleo_iks01a1.o
    0x08006a78   0x00001300   Code   RO         5535    i.Process_Buffer    wifi_module.o
    0x08007d78   0x00000058   Code   RO         5536    i.Process_WiFi      wifi_module.o
    0x08007dd0   0x0000030c   Code   RO         5537    i.Process_WiFi_Indication_Cmd  wifi_module.o
    0x080080dc   0x000005f4   Code   RO         5538    i.Process_Wind_Indication  wifi_module.o
    0x080086d0   0x00000038   Code   RO         5539    i.Queue_Client_Close_Event  wifi_module.o
    0x08008708   0x00000050   Code   RO         5540    i.Queue_Client_Open_Event  wifi_module.o
    0x08008758   0x00000058   Code   RO         5541    i.Queue_Client_Write_Event  wifi_module.o
    0x080087b0   0x00000040   Code   RO         5548    i.Receive_Data      wifi_module.o
    0x080087f0   0x00000014   Code   RO         5550    i.Reset_AT_CMD_Buffer  wifi_module.o
    0x08008804   0x0000000c   Code   RO         5552    i.Resume_Dequeue    wifi_module.o
    0x08008810   0x00000054   Code   RO         5553    i.SET_Configuration_Addr  wifi_module.o
    0x08008864   0x00000054   Code   RO         5554    i.SET_Configuration_Value  wifi_module.o
    0x080088b8   0x0000005c   Code   RO         5555    i.SET_Power_State   wifi_module.o
    0x08008914   0x0000004c   Code   RO         5556    i.SET_SSID          wifi_module.o
    0x08008960   0x00000058   Code   RO         5557    i.SET_WiFi_SecKey   wifi_module.o
    0x080089b8   0x0000003c   Code   RO         5558    i.Save_Current_Setting  wifi_module.o
    0x080089f4   0x00000078   Code   RO         5302    i.Socket_Pending_Data  wifi_interface.o
    0x08008a6c   0x000000a0   Code   RO         5303    i.Socket_Read       wifi_interface.o
    0x08008b0c   0x00000018   Code   RO         5559    i.Start_DeepSleep_Timer  wifi_module.o
    0x08008b24   0x00000018   Code   RO         5560    i.Start_Timer       wifi_module.o
    0x08008b3c   0x00000014   Code   RO         5561    i.Stop_DeepSleep_Timer  wifi_module.o
    0x08008b50   0x0000000c   Code   RO         5562    i.Stop_Dequeue      wifi_module.o
    0x08008b5c   0x00000020   Code   RO         5563    i.Stop_Timer        wifi_module.o
    0x08008b7c   0x00000010   Code   RO          255    i.SysTick_Handler   stm32_xx_it.o
    0x08008b8c   0x000000bc   Code   RO            6    i.SystemClock_Config  main.o
    0x08008c48   0x00000064   Code   RO          731    i.SystemInit        system_stm32f4xx.o
    0x08008cac   0x00000010   Code   RO          256    i.TIM2_IRQHandler   stm32_xx_it.o
    0x08008cbc   0x00000010   Code   RO          257    i.TIM3_IRQHandler   stm32_xx_it.o
    0x08008ccc   0x000000b0   Code   RO         2712    i.TIM_Base_SetConfig  stm32f4xx_hal_tim.o
    0x08008d7c   0x0000004c   Code   RO         3872    i.Timer_Config      stm32_spwf_wifi.o
    0x08008dc8   0x00000044   Code   RO         3873    i.UART_Configuration  stm32_spwf_wifi.o
    0x08008e0c   0x00000048   Code   RO         3522    i.UART_EndTransmit_IT  stm32f4xx_hal_uart.o
    0x08008e54   0x000000b8   Code   RO         3874    i.UART_Msg_Gpio_Init  stm32_spwf_wifi.o
    0x08008f0c   0x00000076   Code   RO         3523    i.UART_Receive_IT   stm32f4xx_hal_uart.o
    0x08008f82   0x00000002   PAD
    0x08008f84   0x00000224   Code   RO         3524    i.UART_SetConfig    stm32f4xx_hal_uart.o
    0x080091a8   0x00000070   Code   RO         3525    i.UART_Transmit_IT  stm32f4xx_hal_uart.o
    0x08009218   0x000000fa   Code   RO         3526    i.UART_WaitOnFlagUntilTimeout  stm32f4xx_hal_uart.o
    0x08009312   0x00000002   PAD
    0x08009314   0x00000010   Code   RO          258    i.USART1_IRQHandler  stm32_xx_it.o
    0x08009324   0x00000010   Code   RO          259    i.USART2_IRQHandler  stm32_xx_it.o
    0x08009334   0x0000003c   Code   RO         3875    i.USART_PRINT_MSG_Configuration  stm32_spwf_wifi.o
    0x08009370   0x00000028   Code   RO         5564    i.USART_Receive_AT_Resp  wifi_module.o
    0x08009398   0x000000bc   Code   RO         5565    i.USART_Transmit_AT_Cmd  wifi_module.o
    0x08009454   0x00000004   Code   RO          260    i.UsageFault_Handler  stm32_xx_it.o
    0x08009458   0x0000000c   Code   RO          364    i.UserButton_Init   user_button.o
    0x08009464   0x0000001c   Code   RO         5567    i.Wait_For_Sock_Read_To_Complete  wifi_module.o
    0x08009480   0x00000060   Code   RO         5569    i.WiFi_Module_Init  wifi_module.o
    0x080094e0   0x00000030   Code   RO         5570    i.WiFi_switch_to_command_mode  wifi_module.o
    0x08009510   0x00000030   Code   RO         5571    i.WiFi_switch_to_data_mode  wifi_module.o
    0x08009540   0x000000b8   Code   RO         5572    i.Wifi_SysTick_Isr  wifi_module.o
    0x080095f8   0x000008a8   Code   RO         5573    i.Wifi_TIM_Handler  wifi_module.o
    0x08009ea0   0x00000020   Code   RO         8745    i.__0printf         mc_w.l(printfa.o)
    0x08009ec0   0x00000028   Code   RO         8747    i.__0sprintf        mc_w.l(printfa.o)
    0x08009ee8   0x00000030   Code   RO         8817    i.__ARM_fpclassify  m_wm.l(fpclassify.o)
    0x08009f18   0x00000c50   Code   RO         8470    i.__hardfp_pow      m_wm.l(pow.o)
    0x0800ab68   0x000000f8   Code   RO         8819    i.__kernel_poly     m_wm.l(poly.o)
    0x0800ac60   0x00000030   Code   RO         8797    i.__mathlib_dbl_divzero  m_wm.l(dunder.o)
    0x0800ac90   0x00000014   Code   RO         8799    i.__mathlib_dbl_infnan2  m_wm.l(dunder.o)
    0x0800aca4   0x00000004   PAD
    0x0800aca8   0x00000020   Code   RO         8800    i.__mathlib_dbl_invalid  m_wm.l(dunder.o)
    0x0800acc8   0x00000020   Code   RO         8801    i.__mathlib_dbl_overflow  m_wm.l(dunder.o)
    0x0800ace8   0x00000020   Code   RO         8803    i.__mathlib_dbl_underflow  m_wm.l(dunder.o)
    0x0800ad08   0x0000000e   Code   RO         8913    i.__scatterload_copy  mc_w.l(handlers.o)
    0x0800ad16   0x00000002   Code   RO         8914    i.__scatterload_null  mc_w.l(handlers.o)
    0x0800ad18   0x0000000e   Code   RO         8915    i.__scatterload_zeroinit  mc_w.l(handlers.o)
    0x0800ad26   0x00000002   PAD
    0x0800ad28   0x0000000c   Code   RO         8857    i.__set_errno       mc_w.l(errno.o)
    0x0800ad34   0x00000184   Code   RO         8752    i._fp_digits        mc_w.l(printfa.o)
    0x0800aeb8   0x000006dc   Code   RO         8753    i._printf_core      mc_w.l(printfa.o)
    0x0800b594   0x00000024   Code   RO         8754    i._printf_post_padding  mc_w.l(printfa.o)
    0x0800b5b8   0x0000002e   Code   RO         8755    i._printf_pre_padding  mc_w.l(printfa.o)
    0x0800b5e6   0x0000000a   Code   RO         8757    i._sputc            mc_w.l(printfa.o)
    0x0800b5f0   0x00000130   Code   RO         6820    i.aws_iot_mqtt_connect  aws_iot_mqtt_embedded_client_wrapper.o
    0x0800b720   0x00000020   Code   RO         6821    i.aws_iot_mqtt_disconnect  aws_iot_mqtt_embedded_client_wrapper.o
    0x0800b740   0x00000040   Code   RO         6823    i.aws_iot_mqtt_publish  aws_iot_mqtt_embedded_client_wrapper.o
    0x0800b780   0x00000028   Code   RO         6824    i.aws_iot_mqtt_subscribe  aws_iot_mqtt_embedded_client_wrapper.o
    0x0800b7a8   0x0000001c   Code   RO         6826    i.aws_iot_mqtt_yield  aws_iot_mqtt_embedded_client_wrapper.o
    0x0800b7c4   0x00000894   Code   RO          590    i.aws_main          aws_main.o
    0x0800c058   0x00000028   Code   RO         6318    i.bufchar           mqttpacket.o
    0x0800c080   0x00000016   Code   RO         6754    i.countdown         time_nucleo_wrapper.o
    0x0800c096   0x00000026   Code   RO         6755    i.countdown_ms      time_nucleo_wrapper.o
    0x0800c0bc   0x0000003c   Code   RO         6756    i.create_global_timers  time_nucleo_wrapper.o
    0x0800c0f8   0x00000160   Code   RO         6558    i.cycle             mqttclient.o
    0x0800c258   0x0000002c   Code   RO          503    i.data_ind_wifi_socket_client_remote_server_closed  app_wifi_read.o
    0x0800c284   0x00000026   Code   RO          504    i.data_ind_wifi_socket_data_received  app_wifi_read.o
    0x0800c2aa   0x0000006a   Code   RO         6559    i.decodePacket      mqttclient.o
    0x0800c314   0x000000b0   Code   RO         6560    i.deliverMessage    mqttclient.o
    0x0800c3c4   0x00000002   Code   RO          591    i.disconnectCallbackHandler  aws_main.o
    0x0800c3c6   0x0000000e   Code   RO         6000    i.empty             ring_buffer.o
    0x0800c3d4   0x0000000e   Code   RO         6079    i.event_empty       event_buffer.o
    0x0800c3e2   0x00000014   Code   RO         6080    i.event_full        event_buffer.o
    0x0800c3f6   0x00000002   PAD
    0x0800c3f8   0x0000001c   Code   RO         6081    i.event_init        event_buffer.o
    0x0800c414   0x0000001c   Code   RO         6757    i.expired           time_nucleo_wrapper.o
    0x0800c430   0x00000018   Code   RO         8813    i.fabs              m_wm.l(fabs.o)
    0x0800c448   0x0000000e   Code   RO          541    i.fputc             console.o
    0x0800c456   0x0000001c   Code   RO         6758    i.fsleep            time_nucleo_wrapper.o
    0x0800c472   0x00000012   Code   RO         6002    i.full              ring_buffer.o
    0x0800c484   0x00000018   Code   RO         6561    i.getNextPacketId   mqttclient.o
    0x0800c49c   0x00000002   Code   RO         5578    i.ind_socket_server_client_joined  wifi_module.o
    0x0800c49e   0x00000002   Code   RO         5579    i.ind_socket_server_client_left  wifi_module.o
    0x0800c4a0   0x00000002   Code   RO         5580    i.ind_wifi_ap_client_joined  wifi_module.o
    0x0800c4a2   0x00000002   Code   RO         5581    i.ind_wifi_ap_client_left  wifi_module.o
    0x0800c4a4   0x00000002   Code   RO         5582    i.ind_wifi_ap_ready  wifi_module.o
    0x0800c4a6   0x00000002   PAD
    0x0800c4a8   0x0000003c   Code   RO          396    i.ind_wifi_connected  wifi_main.o
    0x0800c4e4   0x00000028   Code   RO          397    i.ind_wifi_connection_error  wifi_main.o
    0x0800c50c   0x0000000c   Code   RO          398    i.ind_wifi_error    wifi_main.o
    0x0800c518   0x00000002   Code   RO         5586    i.ind_wifi_file_data_available  wifi_module.o
    0x0800c51a   0x00000002   Code   RO         5588    i.ind_wifi_http_data_available  wifi_module.o
    0x0800c51c   0x0000000c   Code   RO          399    i.ind_wifi_on       wifi_main.o
    0x0800c528   0x00000002   Code   RO         5590    i.ind_wifi_packet_lost  wifi_module.o
    0x0800c52a   0x00000002   PAD
    0x0800c52c   0x00000044   Code   RO          400    i.ind_wifi_resuming  wifi_main.o
    0x0800c570   0x00000014   Code   RO          401    i.ind_wifi_socket_client_remote_server_closed  wifi_main.o
    0x0800c584   0x00000020   Code   RO          402    i.ind_wifi_socket_data_received  wifi_main.o
    0x0800c5a4   0x00000002   Code   RO         5594    i.ind_wifi_socket_server_data_lost  wifi_module.o
    0x0800c5a6   0x0000000c   Code   RO          403    i.ind_wifi_warning  wifi_main.o
    0x0800c5b2   0x00000002   PAD
    0x0800c5b4   0x00000014   Code   RO         6003    i.init              ring_buffer.o
    0x0800c5c8   0x00000150   Code   RO         6681    i.iot_tls_connect   network_nucleo_wrapper.o
    0x0800c718   0x0000000c   Code   RO         6683    i.iot_tls_disconnect  network_nucleo_wrapper.o
    0x0800c724   0x00000040   Code   RO         6684    i.iot_tls_init      network_nucleo_wrapper.o
    0x0800c764   0x00000056   Code   RO         6685    i.iot_tls_read      network_nucleo_wrapper.o
    0x0800c7ba   0x00000026   Code   RO         6686    i.iot_tls_write     network_nucleo_wrapper.o
    0x0800c7e0   0x00000076   Code   RO         6562    i.isTopicMatched    mqttclient.o
    0x0800c856   0x00000010   Code   RO         6004    i.is_half_empty     ring_buffer.o
    0x0800c866   0x00000016   Code   RO         6005    i.is_half_full      ring_buffer.o
    0x0800c87c   0x000000a0   Code   RO         6563    i.keepalive         mqttclient.o
    0x0800c91c   0x0000002e   Code   RO         6759    i.left_ms           time_nucleo_wrapper.o
    0x0800c94a   0x00000002   PAD
    0x0800c94c   0x00000090   Code   RO            7    i.main              main.o
    0x0800c9dc   0x00000018   Code   RO         4117    i.osDelay           cmsis_os.o
    0x0800c9f4   0x0000000a   Code   RO         4120    i.osKernelStart     cmsis_os.o
    0x0800c9fe   0x00000010   Code   RO         4149    i.osSystickHandler  cmsis_os.o
    0x0800ca0e   0x00000002   PAD
    0x0800ca10   0x00000014   Code   RO         6827    i.pahoDisconnectHandler  aws_iot_mqtt_embedded_client_wrapper.o
    0x0800ca24   0x0000006c   Code   RO         6828    i.pahoMessageCallback  aws_iot_mqtt_embedded_client_wrapper.o
    0x0800ca90   0x00000012   Code   RO         6829    i.parseConnectParamsForError  aws_iot_mqtt_embedded_client_wrapper.o
    0x0800caa2   0x00000002   PAD
    0x0800caa4   0x00000150   Code   RO         6006    i.pop_buffer_queue  ring_buffer.o
    0x0800cbf4   0x00000088   Code   RO         6082    i.pop_eventbuffer_queue  event_buffer.o
    0x0800cc7c   0x00000054   Code   RO         4830    i.prvAddCurrentTaskToDelayedList  tasks.o
    0x0800ccd0   0x00000042   Code   RO         4831    i.prvAllocateTCBAndStack  tasks.o
    0x0800cd12   0x00000002   PAD
    0x0800cd14   0x00000080   Code   RO         5139    i.prvCheckForValidListAndQueue  timers.o
    0x0800cd94   0x00000064   Code   RO         4832    i.prvCheckTasksWaitingTermination  tasks.o
    0x0800cdf8   0x0000002a   Code   RO         4649    i.prvCopyDataFromQueue  queue.o
    0x0800ce22   0x00000080   Code   RO         4650    i.prvCopyDataToQueue  queue.o
    0x0800cea2   0x00000012   Code   RO         4833    i.prvDeleteTCB      tasks.o
    0x0800ceb4   0x00000028   Code   RO         5140    i.prvGetNextExpireTime  timers.o
    0x0800cedc   0x0000007c   Code   RO         5249    i.prvHeapInit       heap_4.o
    0x0800cf58   0x00000028   Code   RO         4834    i.prvIdleTask       tasks.o
    0x0800cf80   0x00000062   Code   RO         4835    i.prvInitialiseTCBVariables  tasks.o
    0x0800cfe2   0x00000002   PAD
    0x0800cfe4   0x00000068   Code   RO         4836    i.prvInitialiseTaskLists  tasks.o
    0x0800d04c   0x00000068   Code   RO         5250    i.prvInsertBlockIntoFreeList  heap_4.o
    0x0800d0b4   0x00000058   Code   RO         5141    i.prvInsertTimerInActiveList  timers.o
    0x0800d10c   0x0000001a   Code   RO         4651    i.prvIsQueueEmpty   queue.o
    0x0800d126   0x0000001e   Code   RO         4652    i.prvIsQueueFull    queue.o
    0x0800d144   0x00000064   Code   RO         5142    i.prvProcessExpiredTimer  timers.o
    0x0800d1a8   0x000000f8   Code   RO         5143    i.prvProcessReceivedCommands  timers.o
    0x0800d2a0   0x0000005c   Code   RO         5144    i.prvProcessTimerOrBlockTask  timers.o
    0x0800d2fc   0x00000034   Code   RO         4838    i.prvResetNextTaskUnblockTime  tasks.o
    0x0800d330   0x0000002c   Code   RO         5145    i.prvSampleTimeNow  timers.o
    0x0800d35c   0x000000a0   Code   RO         5146    i.prvSwitchTimerLists  timers.o
    0x0800d3fc   0x00000040   Code   RO         4442    i.prvTaskExitError  port.o
    0x0800d43c   0x0000001a   Code   RO         5147    i.prvTimerTask      timers.o
    0x0800d456   0x0000007e   Code   RO         4653    i.prvUnlockQueue    queue.o
    0x0800d4d4   0x00000036   Code   RO         6008    i.push_buffer       ring_buffer.o
    0x0800d50a   0x00000090   Code   RO         6083    i.push_eventbuffer  event_buffer.o
    0x0800d59a   0x00000002   PAD
    0x0800d59c   0x0000013c   Code   RO         5251    i.pvPortMalloc      heap_4.o
    0x0800d6d8   0x00000020   Code   RO         4841    i.pvTaskIncrementMutexHeldCount  tasks.o
    0x0800d6f8   0x00000028   Code   RO         4443    i.pxPortInitialiseStack  port.o
    0x0800d720   0x0000000e   Code   RO         6320    i.readChar          mqttpacket.o
    0x0800d72e   0x0000001a   Code   RO         6321    i.readInt           mqttpacket.o
    0x0800d748   0x0000003a   Code   RO         6322    i.readMQTTLenString  mqttpacket.o
    0x0800d782   0x00000096   Code   RO         6564    i.readPacket        mqttclient.o
    0x0800d818   0x0000001a   Code   RO         6084    i.reset_event       event_buffer.o
    0x0800d832   0x0000003e   Code   RO         6009    i.rewind_buffer_queue  ring_buffer.o
    0x0800d870   0x00000056   Code   RO         6565    i.sendPacket        mqttclient.o
    0x0800d8c6   0x00000004   Code   RO         6566    i.setDisconnectHandler  mqttclient.o
    0x0800d8ca   0x0000006e   Code   RO         8824    i.sqrt              m_wm.l(sqrt.o)
    0x0800d938   0x000000a0   Code   RO          404    i.time_get_time_from_time_server  wifi_main.o
    0x0800d9d8   0x00000048   Code   RO          405    i.time_ind_wifi_socket_client_remote_server_closed  wifi_main.o
    0x0800da20   0x00000058   Code   RO          406    i.time_ind_wifi_socket_data_received  wifi_main.o
    0x0800da78   0x00000018   Code   RO          543    i.uartSendChar      console.o
    0x0800da90   0x00000028   Code   RO         4613    i.uxListRemove      list.o
    0x0800dab8   0x0000001a   Code   RO         4614    i.vListInitialise   list.o
    0x0800dad2   0x00000006   Code   RO         4615    i.vListInitialiseItem  list.o
    0x0800dad8   0x00000034   Code   RO         4616    i.vListInsert       list.o
    0x0800db0c   0x00000018   Code   RO         4617    i.vListInsertEnd    list.o
    0x0800db24   0x00000054   Code   RO         4445    i.vPortEnterCritical  port.o
    0x0800db78   0x0000003c   Code   RO         4446    i.vPortExitCritical  port.o
    0x0800dbb4   0x00000094   Code   RO         5252    i.vPortFree         heap_4.o
    0x0800dc48   0x00000020   Code   RO         4447    i.vPortSetupTimerInterrupt  port.o
    0x0800dc68   0x00000078   Code   RO         4448    i.vPortValidateInterruptPriority  port.o
    0x0800dce0   0x0000002c   Code   RO         4659    i.vQueueAddToRegistry  queue.o
    0x0800dd0c   0x0000003a   Code   RO         4663    i.vQueueWaitForMessageRestricted  queue.o
    0x0800dd46   0x00000002   PAD
    0x0800dd48   0x0000008c   Code   RO         4849    i.vTaskDelay        tasks.o
    0x0800ddd4   0x0000000c   Code   RO         4852    i.vTaskMissedYield  tasks.o
    0x0800dde0   0x0000007c   Code   RO         4854    i.vTaskPlaceOnEventList  tasks.o
    0x0800de5c   0x00000068   Code   RO         4855    i.vTaskPlaceOnEventListRestricted  tasks.o
    0x0800dec4   0x000000b0   Code   RO         4857    i.vTaskPriorityInherit  tasks.o
    0x0800df74   0x00000030   Code   RO         4861    i.vTaskSetTimeOutState  tasks.o
    0x0800dfa4   0x0000007c   Code   RO         4862    i.vTaskStartScheduler  tasks.o
    0x0800e020   0x00000010   Code   RO         4864    i.vTaskSuspendAll   tasks.o
    0x0800e030   0x0000008c   Code   RO         4865    i.vTaskSwitchContext  tasks.o
    0x0800e0bc   0x00000002   Code   RO         6760    i.vTimerCallback    time_nucleo_wrapper.o
    0x0800e0be   0x00000002   PAD
    0x0800e0c0   0x00000010   Code   RO         5304    i.wait_for_command_mode  wifi_interface.o
    0x0800e0d0   0x00000030   Code   RO         6567    i.waitfor           mqttclient.o
    0x0800e100   0x000000ac   Code   RO         5307    i.wifi_connect      wifi_interface.o
    0x0800e1ac   0x000004e8   Code   RO         5322    i.wifi_init         wifi_interface.o
    0x0800e694   0x00000210   Code   RO          407    i.wifi_main         wifi_main.o
    0x0800e8a4   0x000004ec   Code   RO          408    i.wifi_print_satatus  wifi_main.o
    0x0800ed90   0x000000b4   Code   RO         5598    i.wifi_reset        wifi_module.o
    0x0800ee44   0x00000020   Code   RO         5326    i.wifi_socket_client_close  wifi_interface.o
    0x0800ee64   0x00000034   Code   RO         5327    i.wifi_socket_client_open  wifi_interface.o
    0x0800ee98   0x00000220   Code   RO         5328    i.wifi_socket_client_security  wifi_interface.o
    0x0800f0b8   0x00000040   Code   RO         5329    i.wifi_socket_client_write  wifi_interface.o
    0x0800f0f8   0x00000064   Code   RO         5334    i.wifi_wakeup       wifi_interface.o
    0x0800f15c   0x00000028   Code   RO         6323    i.writeCString      mqttpacket.o
    0x0800f184   0x0000000c   Code   RO         6324    i.writeChar         mqttpacket.o
    0x0800f190   0x00000030   Code   RO         6325    i.writeInt          mqttpacket.o
    0x0800f1c0   0x0000003e   Code   RO         6326    i.writeMQTTString   mqttpacket.o
    0x0800f1fe   0x00000002   PAD
    0x0800f200   0x0000013c   Code   RO         4449    i.xPortStartScheduler  port.o
    0x0800f33c   0x00000034   Code   RO         4450    i.xPortSysTickHandler  port.o
    0x0800f370   0x0000008c   Code   RO         4666    i.xQueueGenericCreate  queue.o
    0x0800f3fc   0x000001ac   Code   RO         4667    i.xQueueGenericReceive  queue.o
    0x0800f5a8   0x00000094   Code   RO         4668    i.xQueueGenericReset  queue.o
    0x0800f63c   0x000001a0   Code   RO         4669    i.xQueueGenericSend  queue.o
    0x0800f7dc   0x000000f0   Code   RO         4670    i.xQueueGenericSendFromISR  queue.o
    0x0800f8cc   0x0000008c   Code   RO         4866    i.xTaskCheckForTimeOut  tasks.o
    0x0800f958   0x00000170   Code   RO         4867    i.xTaskGenericCreate  tasks.o
    0x0800fac8   0x00000020   Code   RO         4870    i.xTaskGetSchedulerState  tasks.o
    0x0800fae8   0x0000000c   Code   RO         4871    i.xTaskGetTickCount  tasks.o
    0x0800faf4   0x0000014c   Code   RO         4873    i.xTaskIncrementTick  tasks.o
    0x0800fc40   0x000000c8   Code   RO         4876    i.xTaskPriorityDisinherit  tasks.o
    0x0800fd08   0x00000098   Code   RO         4877    i.xTaskRemoveFromEventList  tasks.o
    0x0800fda0   0x00000104   Code   RO         4879    i.xTaskResumeAll    tasks.o
    0x0800fea4   0x0000005e   Code   RO         5150    i.xTimerCreate      timers.o
    0x0800ff02   0x00000002   PAD
    0x0800ff04   0x00000058   Code   RO         5151    i.xTimerCreateTimerTask  timers.o
    0x0800ff5c   0x0000006c   Code   RO         5152    i.xTimerGenericCommand  timers.o
    0x0800ffc8   0x00000020   Code   RO         5153    i.xTimerIsTimerActive  timers.o
    0x0800ffe8   0x0000002e   Code   RO         5154    i.xTimerLeftMs      timers.o
    0x08010016   0x0000000f   Data   RO          593    .constdata          aws_main.o
    0x08010025   0x00000010   Data   RO         1889    .constdata          stm32f4xx_hal_rcc.o
    0x08010035   0x00000001   PAD
    0x08010036   0x00000005   Data   RO         3967    .constdata          stm32f4xx_nucleo.o
    0x0801003b   0x00000001   PAD
    0x0801003c   0x00000058   Data   RO         6568    .constdata          mqttclient.o
    0x08010094   0x00000038   Data   RO         6687    .constdata          network_nucleo_wrapper.o
    0x080100cc   0x000000f0   Data   RO         6831    .constdata          aws_iot_mqtt_embedded_client_wrapper.o
    0x080101bc   0x00000004   PAD
    0x080101c0   0x00000088   Data   RO         8473    .constdata          m_wm.l(pow.o)
    0x08010248   0x00000008   Data   RO         8821    .constdata          m_wm.l(qnan.o)
    0x08010250   0x00000024   Data   RO          410    .conststring        wifi_main.o
    0x08010274   0x00000141   Data   RO          594    .conststring        aws_main.o
    0x080103b5   0x00000003   PAD
    0x080103b8   0x0000002b   Data   RO         6832    .conststring        aws_iot_mqtt_embedded_client_wrapper.o
    0x080103e3   0x00000001   PAD
    0x080103e4   0x00000020   Data   RO         8911    Region$$Table       anon$$obj.o


    Execution Region RW_IRAM1 (Base: 0x20000000, Size: 0x00009158, Max: 0x00018000, ABSOLUTE, COMPRESSED[0x00000b78])

    Base Addr    Size         Type   Attr      Idx    E Section Name        Object

    0x20000000   0x00000004   Data   RW          365    .data               user_button.o
    0x20000004   0x00000024   Data   RW          411    .data               wifi_main.o
    0x20000028   0x00000009   Data   RW          506    .data               app_wifi_read.o
    0x20000031   0x00000003   PAD
    0x20000034   0x00000171   Data   RW          595    .data               aws_main.o
    0x200001a5   0x00000003   PAD
    0x200001a8   0x00000004   Data   RW          733    .data               system_stm32f4xx.o
    0x200001ac   0x00000004   Data   RW          785    .data               stm32f4xx_hal.o
    0x200001b0   0x00000004   Data   RW         3877    .data               stm32_spwf_wifi.o
    0x200001b4   0x0000000c   Data   RW         3968    .data               stm32f4xx_nucleo.o
    0x200001c0   0x0000000c   Data   RW         4451    .data               port.o
    0x200001cc   0x00000038   Data   RW         4882    .data               tasks.o
    0x20000204   0x00000010   Data   RW         5156    .data               timers.o
    0x20000214   0x00000018   Data   RW         5257    .data               heap_4.o
    0x2000022c   0x0000012a   Data   RW         5600    .data               wifi_module.o
    0x20000356   0x00000002   PAD
    0x20000358   0x00000004   Data   RW         6327    .data               mqttpacket.o
    0x2000035c   0x00000004   Data   RW         6762    .data               time_nucleo_wrapper.o
    0x20000360   0x00000005   Data   RW         6833    .data               aws_iot_mqtt_embedded_client_wrapper.o
    0x20000365   0x00000bb4   Data   RW         6902    .data               aws_nucleo_certificates.o
    0x20000f19   0x00000003   PAD
    0x20000f1c   0x00000005   Data   RW         7401    .data               x_nucleo_iks01a1_hum_temp.o
    0x20000f21   0x00000003   PAD
    0x20000f24   0x00000004   Data   RW         7503    .data               x_nucleo_iks01a1.o
    0x20000f28   0x00000006   Data   RW         7717    .data               x_nucleo_iks01a1_pressure.o
    0x20000f2e   0x00000002   PAD
    0x20000f30   0x00000006   Data   RW         7794    .data               x_nucleo_iks01a1_imu_6axes.o
    0x20000f36   0x00000002   PAD
    0x20000f38   0x00000005   Data   RW         7936    .data               x_nucleo_iks01a1_magneto.o
    0x20000f3d   0x00000003   PAD
    0x20000f40   0x00000050   Data   RW         8021    .data               hts221.o
    0x20000f90   0x0000003d   Data   RW         8075    .data               lps25h.o
    0x20000fcd   0x00000003   PAD
    0x20000fd0   0x0000003d   Data   RW         8137    .data               lps25hb.o
    0x2000100d   0x00000003   PAD
    0x20001010   0x00000030   Data   RW         8198    .data               lis3mdl.o
    0x20001040   0x0000004c   Data   RW         8264    .data               lsm6ds0.o
    0x2000108c   0x00000058   Data   RW         8370    .data               lsm6ds3.o
    0x200010e4   0x00000004   Data   RW         8489    .data               mc_w.l(stdout.o)
    0x200010e8   0x00000004   Data   RW         8858    .data               mc_w.l(errno.o)
    0x200010ec   0x00000034   Zero   RW          409    .bss                wifi_main.o
    0x20001120   0x00000400   Zero   RW          505    .bss                app_wifi_read.o
    0x20001520   0x00000024   Zero   RW          592    .bss                aws_main.o
    0x20001544   0x00000078   Zero   RW         3876    .bss                stm32_spwf_wifi.o
    0x200015bc   0x00000040   Zero   RW         4678    .bss                queue.o
    0x200015fc   0x000000f0   Zero   RW         4881    .bss                tasks.o
    0x200016ec   0x00000028   Zero   RW         5155    .bss                timers.o
    0x20001714   0x00003c00   Zero   RW         5256    .bss                heap_4.o
    0x20005314   0x0000190c   Zero   RW         5599    .bss                wifi_module.o
    0x20006c20   0x00000078   Zero   RW         6761    .bss                time_nucleo_wrapper.o
    0x20006c98   0x00000480   Zero   RW         6830    .bss                aws_iot_mqtt_embedded_client_wrapper.o
    0x20007118   0x0000003c   Zero   RW         7502    .bss                x_nucleo_iks01a1.o
    0x20007154   0x00000004   PAD
    0x20007158   0x00002000   Zero   RW          720    STACK               startup_stm32f401xe.o


==============================================================================

Image component sizes


      Code (inc. data)   RO Data    RW Data    ZI Data      Debug   Object Name

       214         56          0          9       1024       3605   app_wifi_read.o
       614         68        283          5       1152      12825   aws_iot_mqtt_embedded_client_wrapper.o
      2350        792        336        369         36      15036   aws_main.o
         0          0          0       2996          0       1033   aws_nucleo_certificates.o
        50          0          0          0          0      12193   cmsis_os.o
        38          4          0          0          0       1195   console.o
       368         12          0          0          0       6592   event_buffer.o
         0          0          0          0          0       1472   event_groups.o
       692         62          0         24      15360       5303   heap_4.o
      1546        106          0         80          0       7676   hts221.o
      1322         62          0         48          0       8228   lis3mdl.o
       148          0          0          0          0       4094   list.o
       700         48          0         61          0       7970   lps25h.o
       700         48          0         61          0       8045   lps25hb.o
      2380        168          0         76          0      15652   lsm6ds0.o
      3522        220          0         88          0      28780   lsm6ds3.o
       558         74          0          0          0     287245   main.o
      2146         54         88          0          0      20973   mqttclient.o
       708         18          0          0          0       9144   mqttconnectclient.o
       276          0          0          0          0       3172   mqttdeserializepublish.o
       600         18          0          4          0      12548   mqttpacket.o
       324          0          0          0          0       3274   mqttserializepublish.o
       368          0          0          0          0       4031   mqttsubscribeclient.o
       536        202         56          0          0       4977   network_nucleo_wrapper.o
       954         90          0         12          0      19061   port.o
      1826         18          0          0         64      14729   queue.o
       542         18          0          0          0       7151   ring_buffer.o
        36          8        404          0       8192       1008   startup_stm32f401xe.o
       796         78          0          4        120       6550   stm32_spwf_wifi.o
       124         28          0          0          0      12709   stm32_xx_it.o
       152         16          0          4          0       5340   stm32f4xx_hal.o
       366         28          0          0          0      32579   stm32f4xx_hal_cortex.o
       816         66          0          0          0       4305   stm32f4xx_hal_gpio.o
      2026         36          0          0          0      10932   stm32f4xx_hal_i2c.o
      2040         66         16          0          0       6659   stm32f4xx_hal_rcc.o
       420         20          0          0          0       1564   stm32f4xx_hal_rcc_ex.o
       672         28          0          0          0       6451   stm32f4xx_hal_tim.o
         4          0          0          0          0       1846   stm32f4xx_hal_tim_ex.o
      1888         20          0          0          0       9350   stm32f4xx_hal_uart.o
       188         30          5         12          0       3071   stm32f4xx_nucleo.o
       100         18          0          4          0       1589   system_stm32f4xx.o
      2974        386          0         56        240      26264   tasks.o
       352         30          0          4        120       8789   time_nucleo_wrapper.o
      1294        104          0         16         40      19467   timers.o
        24          0          0          4          0       1740   user_button.o
      2516        766          0          0          0      11866   wifi_interface.o
      2364       1570         36         36         52      10299   wifi_main.o
     11378       2412          0        298       6412      45834   wifi_module.o
      1318         58          0          4         60      32278   x_nucleo_iks01a1.o
       212         26          0          5          0       3217   x_nucleo_iks01a1_hum_temp.o
       624         54          0          6          0       4348   x_nucleo_iks01a1_imu_6axes.o
       196         22          0          5          0       2419   x_nucleo_iks01a1_magneto.o
       448         32          0          6          0       2695   x_nucleo_iks01a1_pressure.o

    ----------------------------------------------------------------------
     56886       8040       1266       4324      32876     799173   Object Totals
         0          0         32          0          0          0   (incl. Generated)
        76          0         10         27          4          0   (incl. Padding)

    ----------------------------------------------------------------------

      Code (inc. data)   RO Data    RW Data    ZI Data      Debug   Library Member Name

       164         44          0          0          0        620   dunder.o
        24          0          0          0          0        124   fabs.o
        48          0          0          0          0        124   fpclassify.o
       248          0          0          0          0        152   poly.o
      3152        296        136          0          0        352   pow.o
         0          0          8          0          0          0   qnan.o
       110          0          0          0          0        148   sqrt.o
        94          0          0          0          0          0   __dclz77c.o
         0          0          0          0          0          0   entry.o
         0          0          0          0          0          0   entry10a.o
         0          0          0          0          0          0   entry11a.o
         8          4          0          0          0          0   entry2.o
         4          0          0          0          0          0   entry5.o
         0          0          0          0          0          0   entry7b.o
         0          0          0          0          0          0   entry8b.o
         8          4          0          0          0          0   entry9a.o
        12          6          0          4          0         68   errno.o
        30          0          0          0          0          0   handlers.o
        36          8          0          0          0         68   init.o
         0          0          0          0          0          0   iusefp.o
        30          0          0          0          0         68   llshl.o
        36          0          0          0          0         68   llsshr.o
        32          0          0          0          0         68   llushr.o
        36          0          0          0          0         68   memcpya.o
        36          0          0          0          0        108   memseta.o
      2308         96          0          0          0        604   printfa.o
         0          0          0          4          0          0   stdout.o
        14          0          0          0          0         68   strlen.o
        30          0          0          0          0         80   strncmp.o
        36          0          0          0          0         80   strstr.o
        44          0          0          0          0         80   uidiv.o
        98          0          0          0          0         92   uldiv.o
        48          0          0          0          0         68   cdrcmple.o
        56          0          0          0          0         88   d2f.o
       334          0          0          0          0        148   dadd.o
       222          0          0          0          0        100   ddiv.o
       186          0          0          0          0        176   depilogue.o
        62          0          0          0          0         80   dfixi.o
        50          0          0          0          0         76   dfixui.o
        48          0          0          0          0         68   dfixul.o
        34          0          0          0          0         76   dflti.o
       228          0          0          0          0         96   dmul.o
        46          0          0          0          0         80   dscalb.o
       162          0          0          0          0        100   dsqrt.o
        38          0          0          0          0         68   f2d.o
       110          0          0          0          0        168   fepilogue.o

    ----------------------------------------------------------------------
      8268        458        144          8          0       4432   Library Totals
         6          0          0          0          0          0   (incl. Padding)

    ----------------------------------------------------------------------

      Code (inc. data)   RO Data    RW Data    ZI Data      Debug   Library Name

      3746        340        144          0          0       1520   m_wm.l
      2892        118          0          8          0       1520   mc_w.l
      1624          0          0          0          0       1392   mf_w.l

    ----------------------------------------------------------------------
      8268        458        144          8          0       4432   Library Totals

    ----------------------------------------------------------------------

==============================================================================


      Code (inc. data)   RO Data    RW Data    ZI Data      Debug   

     65154       8498       1410       4332      32876     757629   Grand Totals
     65154       8498       1410       2936      32876     757629   ELF Image Totals (compressed)
     65154       8498       1410       2936          0          0   ROM Totals

==============================================================================

    Total RO  Size (Code + RO Data)                66564 (  65.00kB)
    Total RW  Size (RW Data + ZI Data)             37208 (  36.34kB)
    Total ROM Size (Code + RO Data + RW Data)      69500 (  67.87kB)

==============================================================================

